Component: ARM Compiler 5.06 update 7 (build 960) Tool: armlink [4d3601]

==============================================================================

Section Cross References

    main.o(i.SystemClock_Config) refers to memseta.o(.text) for __aeabi_memclr4
    main.o(i.SystemClock_Config) refers to stm32f1xx_hal_rcc.o(i.HAL_RCC_OscConfig) for HAL_RCC_OscConfig
    main.o(i.SystemClock_Config) refers to stm32f1xx_hal_rcc.o(i.HAL_RCC_ClockConfig) for HAL_RCC_ClockConfig
    main.o(i.main) refers to stm32f1xx_hal.o(i.HAL_Init) for HAL_Init
    main.o(i.main) refers to main.o(i.SystemClock_Config) for SystemClock_Config
    main.o(i.main) refers to gpio.o(i.MX_GPIO_Init) for MX_GPIO_Init
    main.o(i.main) refers to dma.o(i.MX_DMA_Init) for MX_DMA_Init
    main.o(i.main) refers to tim.o(i.MX_TIM1_Init) for MX_TIM1_Init
    main.o(i.main) refers to i2c.o(i.MX_I2C1_Init) for MX_I2C1_Init
    main.o(i.main) refers to usart.o(i.MX_USART2_UART_Init) for MX_USART2_UART_Init
    main.o(i.main) refers to spi.o(i.MX_SPI2_Init) for MX_SPI2_Init
    main.o(i.main) refers to tim.o(i.MX_TIM2_Init) for MX_TIM2_Init
    main.o(i.main) refers to tim.o(i.MX_TIM3_Init) for MX_TIM3_Init
    main.o(i.main) refers to i2c.o(i.MX_I2C2_Init) for MX_I2C2_Init
    main.o(i.main) refers to usart.o(i.MX_USART1_UART_Init) for MX_USART1_UART_Init
    main.o(i.main) refers to mainloop.o(i.mainloop) for mainloop
    gpio.o(i.MX_GPIO_Init) refers to stm32f1xx_hal_gpio.o(i.HAL_GPIO_WritePin) for HAL_GPIO_WritePin
    gpio.o(i.MX_GPIO_Init) refers to stm32f1xx_hal_gpio.o(i.HAL_GPIO_Init) for HAL_GPIO_Init
    dma.o(i.MX_DMA_Init) refers to stm32f1xx_hal_cortex.o(i.HAL_NVIC_SetPriority) for HAL_NVIC_SetPriority
    dma.o(i.MX_DMA_Init) refers to stm32f1xx_hal_cortex.o(i.HAL_NVIC_EnableIRQ) for HAL_NVIC_EnableIRQ
    i2c.o(i.HAL_I2C_MspDeInit) refers to stm32f1xx_hal_gpio.o(i.HAL_GPIO_DeInit) for HAL_GPIO_DeInit
    i2c.o(i.HAL_I2C_MspInit) refers to stm32f1xx_hal_gpio.o(i.HAL_GPIO_Init) for HAL_GPIO_Init
    i2c.o(i.MX_I2C1_Init) refers to stm32f1xx_hal_i2c.o(i.HAL_I2C_Init) for HAL_I2C_Init
    i2c.o(i.MX_I2C1_Init) refers to main.o(i.Error_Handler) for Error_Handler
    i2c.o(i.MX_I2C1_Init) refers to i2c.o(.bss) for .bss
    i2c.o(i.MX_I2C2_Init) refers to stm32f1xx_hal_i2c.o(i.HAL_I2C_Init) for HAL_I2C_Init
    i2c.o(i.MX_I2C2_Init) refers to main.o(i.Error_Handler) for Error_Handler
    i2c.o(i.MX_I2C2_Init) refers to i2c.o(.bss) for .bss
    spi.o(i.HAL_SPI_MspDeInit) refers to stm32f1xx_hal_gpio.o(i.HAL_GPIO_DeInit) for HAL_GPIO_DeInit
    spi.o(i.HAL_SPI_MspInit) refers to stm32f1xx_hal_gpio.o(i.HAL_GPIO_Init) for HAL_GPIO_Init
    spi.o(i.MX_SPI2_Init) refers to stm32f1xx_hal_spi.o(i.HAL_SPI_Init) for HAL_SPI_Init
    spi.o(i.MX_SPI2_Init) refers to main.o(i.Error_Handler) for Error_Handler
    spi.o(i.MX_SPI2_Init) refers to spi.o(.bss) for .bss
    tim.o(i.HAL_TIM_Base_MspDeInit) refers to stm32f1xx_hal_cortex.o(i.HAL_NVIC_DisableIRQ) for HAL_NVIC_DisableIRQ
    tim.o(i.HAL_TIM_Base_MspInit) refers to stm32f1xx_hal_cortex.o(i.HAL_NVIC_SetPriority) for HAL_NVIC_SetPriority
    tim.o(i.HAL_TIM_Base_MspInit) refers to stm32f1xx_hal_cortex.o(i.HAL_NVIC_EnableIRQ) for HAL_NVIC_EnableIRQ
    tim.o(i.HAL_TIM_MspPostInit) refers to stm32f1xx_hal_gpio.o(i.HAL_GPIO_Init) for HAL_GPIO_Init
    tim.o(i.HAL_TIM_PWM_MspDeInit) refers to stm32f1xx_hal_dma.o(i.HAL_DMA_DeInit) for HAL_DMA_DeInit
    tim.o(i.HAL_TIM_PWM_MspInit) refers to stm32f1xx_hal_dma.o(i.HAL_DMA_Init) for HAL_DMA_Init
    tim.o(i.HAL_TIM_PWM_MspInit) refers to main.o(i.Error_Handler) for Error_Handler
    tim.o(i.HAL_TIM_PWM_MspInit) refers to tim.o(.bss) for .bss
    tim.o(i.MX_TIM1_Init) refers to stm32f1xx_hal_tim.o(i.HAL_TIM_Base_Init) for HAL_TIM_Base_Init
    tim.o(i.MX_TIM1_Init) refers to main.o(i.Error_Handler) for Error_Handler
    tim.o(i.MX_TIM1_Init) refers to stm32f1xx_hal_tim.o(i.HAL_TIM_ConfigClockSource) for HAL_TIM_ConfigClockSource
    tim.o(i.MX_TIM1_Init) refers to stm32f1xx_hal_tim_ex.o(i.HAL_TIMEx_MasterConfigSynchronization) for HAL_TIMEx_MasterConfigSynchronization
    tim.o(i.MX_TIM1_Init) refers to tim.o(.bss) for .bss
    tim.o(i.MX_TIM2_Init) refers to memseta.o(.text) for __aeabi_memclr4
    tim.o(i.MX_TIM2_Init) refers to stm32f1xx_hal_tim.o(i.HAL_TIM_PWM_Init) for HAL_TIM_PWM_Init
    tim.o(i.MX_TIM2_Init) refers to main.o(i.Error_Handler) for Error_Handler
    tim.o(i.MX_TIM2_Init) refers to stm32f1xx_hal_tim_ex.o(i.HAL_TIMEx_MasterConfigSynchronization) for HAL_TIMEx_MasterConfigSynchronization
    tim.o(i.MX_TIM2_Init) refers to stm32f1xx_hal_tim.o(i.HAL_TIM_PWM_ConfigChannel) for HAL_TIM_PWM_ConfigChannel
    tim.o(i.MX_TIM2_Init) refers to tim.o(i.HAL_TIM_MspPostInit) for HAL_TIM_MspPostInit
    tim.o(i.MX_TIM2_Init) refers to tim.o(.bss) for .bss
    tim.o(i.MX_TIM3_Init) refers to memseta.o(.text) for __aeabi_memclr4
    tim.o(i.MX_TIM3_Init) refers to stm32f1xx_hal_tim.o(i.HAL_TIM_PWM_Init) for HAL_TIM_PWM_Init
[...]
    STACK                                    0x200011c0   Section     1024  startup_stm32f103xb.o(STACK)

    Global Symbols

    Symbol Name                              Value     Ov Type        Size  Object(Section)

    BuildAttributes$$THM_ISAv4$P$D$K$B$S$PE$A:L22UL41UL21$X:L11$S22US41US21$IEEE1$IW$USESV6$~STKCKD$USESV7$~SHL$OTIME$ROPI$IEEEX$EBA8$MICROLIB$REQ8$PRES8$EABIv2 0x00000000   Number         0  anon$$obj.o ABSOLUTE
    __ARM_use_no_argv                        0x00000000   Number         0  main.o ABSOLUTE
    __arm_fini_                               - Undefined Weak Reference
    __cpp_initialize__aeabi_                  - Undefined Weak Reference
    __cxa_finalize                            - Undefined Weak Reference
    __decompress                              - Undefined Weak Reference
    _clock_init                               - Undefined Weak Reference
    _microlib_exit                            - Undefined Weak Reference
    __Vectors_Size                           0x000000ec   Number         0  startup_stm32f103xb.o ABSOLUTE
    __Vectors                                0x08000000   Data           4  startup_stm32f103xb.o(RESET)
    __Vectors_End                            0x080000ec   Data           0  startup_stm32f103xb.o(RESET)
    __main                                   0x080000ed   Thumb Code     0  entry.o(.ARM.Collect$$$$00000000)
    _main_stk                                0x080000ed   Thumb Code     0  entry2.o(.ARM.Collect$$$$00000001)
    _main_scatterload                        0x080000f1   Thumb Code     0  entry5.o(.ARM.Collect$$$$00000004)
    __main_after_scatterload                 0x080000f5   Thumb Code     0  entry5.o(.ARM.Collect$$$$00000004)
    _main_clock                              0x080000f5   Thumb Code     0  entry7b.o(.ARM.Collect$$$$00000008)
    _main_cpp_init                           0x080000f5   Thumb Code     0  entry8b.o(.ARM.Collect$$$$0000000A)
    _main_init                               0x080000f5   Thumb Code     0  entry9a.o(.ARM.Collect$$$$0000000B)
    __rt_lib_shutdown_fini                   0x080000fd   Thumb Code     0  entry12b.o(.ARM.Collect$$$$0000000E)
    __rt_final_cpp                           0x08000101   Thumb Code     0  entry10a.o(.ARM.Collect$$$$0000000F)
    __rt_final_exit                          0x08000101   Thumb Code     0  entry11a.o(.ARM.Collect$$$$00000011)
    Reset_Handler                            0x08000105   Thumb Code     8  startup_stm32f103xb.o(.text)
    ADC1_2_IRQHandler                        0x0800011f   Thumb Code     0  startup_stm32f103xb.o(.text)
    CAN1_RX1_IRQHandler                      0x0800011f   Thumb Code     0  startup_stm32f103xb.o(.text)
    CAN1_SCE_IRQHandler                      0x0800011f   Thumb Code     0  startup_stm32f103xb.o(.text)
    DMA1_Channel1_IRQHandler                 0x0800011f   Thumb Code     0  startup_stm32f103xb.o(.text)
    DMA1_Channel2_IRQHandler                 0x0800011f   Thumb Code     0  startup_stm32f103xb.o(.text)
    DMA1_Channel4_IRQHandler                 0x0800011f   Thumb Code     0  startup_stm32f103xb.o(.text)
    DMA1_Channel7_IRQHandler                 0x0800011f   Thumb Code     0  startup_stm32f103xb.o(.text)
    EXTI0_IRQHandler                         0x0800011f   Thumb Code     0  startup_stm32f103xb.o(.text)
    EXTI15_10_IRQHandler                     0x0800011f   Thumb Code     0  startup_stm32f103xb.o(.text)
    EXTI1_IRQHandler                         0x0800011f   Thumb Code     0  startup_stm32f103xb.o(.text)
    EXTI2_IRQHandler                         0x0800011f   Thumb Code     0  startup_stm32f103xb.o(.text)
    EXTI3_IRQHandler                         0x0800011f   Thumb Code     0  startup_stm32f103xb.o(.text)
    EXTI4_IRQHandler                         0x0800011f   Thumb Code     0  startup_stm32f103xb.o(.text)
    EXTI9_5_IRQHandler                       0x0800011f   Thumb Code     0  startup_stm32f103xb.o(.text)
    FLASH_IRQHandler                         0x0800011f   Thumb Code     0  startup_stm32f103xb.o(.text)
    I2C1_ER_IRQHandler                       0x0800011f   Thumb Code     0  startup_stm32f103xb.o(.text)
    I2C1_EV_IRQHandler                       0x0800011f   Thumb Code     0  startup_stm32f103xb.o(.text)
    I2C2_ER_IRQHandler                       0x0800011f   Thumb Code     0  startup_stm32f103xb.o(.text)
    I2C2_EV_IRQHandler                       0x0800011f   Thumb Code     0  startup_stm32f103xb.o(.text)
    PVD_IRQHandler                           0x0800011f   Thumb Code     0  startup_stm32f103xb.o(.text)
    RCC_IRQHandler                           0x0800011f   Thumb Code     0  startup_stm32f103xb.o(.text)
    RTC_Alarm_IRQHandler                     0x0800011f   Thumb Code     0  startup_stm32f103xb.o(.text)
    RTC_IRQHandler                           0x0800011f   Thumb Code     0  startup_stm32f103xb.o(.text)
    SPI1_IRQHandler                          0x0800011f   Thumb Code     0  startup_stm32f103xb.o(.text)
    SPI2_IRQHandler                          0x0800011f   Thumb Code     0  startup_stm32f103xb.o(.text)
    TAMPER_IRQHandler                        0x0800011f   Thumb Code     0  startup_stm32f103xb.o(.text)
    TIM1_BRK_IRQHandler                      0x0800011f   Thumb Code     0  startup_stm32f103xb.o(.text)
    TIM1_CC_IRQHandler                       0x0800011f   Thumb Code     0  startup_stm32f103xb.o(.text)
    TIM1_TRG_COM_IRQHandler                  0x0800011f   Thumb Code     0  startup_stm32f103xb.o(.text)
    TIM2_IRQHandler                          0x0800011f   Thumb Code     0  startup_stm32f103xb.o(.text)
    TIM3_IRQHandler                          0x0800011f   Thumb Code     0  startup_stm32f103xb.o(.text)
    TIM4_IRQHandler                          0x0800011f   Thumb Code     0  startup_stm32f103xb.o(.text)
    USART3_IRQHandler                        0x0800011f   Thumb Code     0  startup_stm32f103xb.o(.text)
    USBWakeUp_IRQHandler                     0x0800011f   Thumb Code     0  startup_stm32f103xb.o(.text)
    USB_HP_CAN1_TX_IRQHandler                0x0800011f   Thumb Code     0  startup_stm32f103xb.o(.text)
    USB_LP_CAN1_RX0_IRQHandler               0x0800011f   Thumb Code     0  startup_stm32f103xb.o(.text)
    WWDG_IRQHandler                          0x0800011f   Thumb Code     0  startup_stm32f103xb.o(.text)
    __aeabi_uldivmod                         0x08000129   Thumb Code    98  uldiv.o(.text)
    __aeabi_llsr                             0x0800018b   Thumb Code    32  llushr.o(.text)
    _ll_ushift_r                             0x0800018b   Thumb Code     0  llushr.o(.text)
    __aeabi_memset                           0x080001ab   Thumb Code    14  memseta.o(.text)
    __aeabi_memset4                          0x080001ab   Thumb Code     0  memseta.o(.text)
    __aeabi_memset8                          0x080001ab   Thumb Code     0  memseta.o(.text)
    __aeabi_memclr                           0x080001b9   Thumb Code     4  memseta.o(.text)
    __aeabi_memclr4                          0x080001b9   Thumb Code     0  memseta.o(.text)
    __aeabi_memclr8                          0x080001b9   Thumb Code     0  memseta.o(.text)
    _memset$wrapper                          0x080001bd   Thumb Code    18  memseta.o(.text)
    vsscanf                                  0x080001d1   Thumb Code    40  vsscanf.o(.text)
    __0sscanf                                0x08000201   Thumb Code    48  __0sscanf.o(.text)
    _scanf_int                               0x08000239   Thumb Code   332  _scanf_int.o(.text)
    __aeabi_fadd                             0x08000385   Thumb Code   164  fadd.o(.text)
    __aeabi_fsub                             0x08000429   Thumb Code     6  fadd.o(.text)
    __aeabi_frsub                            0x0800042f   Thumb Code     6  fadd.o(.text)
    __aeabi_fmul                             0x08000435   Thumb Code   100  fmul.o(.text)
    __aeabi_fdiv                             0x08000499   Thumb Code   124  fdiv.o(.text)
    __ARM_scalbnf                            0x08000515   Thumb Code    24  fscalb.o(.text)
    scalbnf                                  0x08000515   Thumb Code     0  fscalb.o(.text)
    __aeabi_dadd                             0x0800052d   Thumb Code   322  dadd.o(.text)
    __aeabi_dsub                             0x0800066f   Thumb Code     6  dadd.o(.text)
    __aeabi_drsub                            0x08000675   Thumb Code     6  dadd.o(.text)
    __aeabi_dmul                             0x0800067b   Thumb Code   228  dmul.o(.text)
    __aeabi_ddiv                             0x0800075f   Thumb Code   222  ddiv.o(.text)
    __ARM_scalbn                             0x0800083d   Thumb Code    46  dscalb.o(.text)
    scalbn                                   0x0800083d   Thumb Code     0  dscalb.o(.text)
    __aeabi_i2f                              0x0800086b   Thumb Code    18  fflti.o(.text)
    __aeabi_ui2f                             0x0800087d   Thumb Code    10  ffltui.o(.text)
    __aeabi_i2d                              0x08000887   Thumb Code    34  dflti.o(.text)
    __aeabi_ui2d                             0x080008a9   Thumb Code    26  dfltui.o(.text)
    __aeabi_f2iz                             0x080008c3   Thumb Code    50  ffixi.o(.text)
    __aeabi_f2uiz                            0x080008f5   Thumb Code    40  ffixui.o(.text)
    __aeabi_d2iz                             0x0800091d   Thumb Code    62  dfixi.o(.text)
    __aeabi_d2uiz                            0x0800095b   Thumb Code    50  dfixui.o(.text)
    __aeabi_f2d                              0x0800098d   Thumb Code    38  f2d.o(.text)
    __aeabi_cdcmpeq                          0x080009b5   Thumb Code     0  cdcmple.o(.text)
    __aeabi_cdcmple                          0x080009b5   Thumb Code    48  cdcmple.o(.text)
    __aeabi_cdrcmple                         0x080009e5   Thumb Code    48  cdrcmple.o(.text)
    __aeabi_cfcmpeq                          0x08000a15   Thumb Code     0  cfcmple.o(.text)
    __aeabi_cfcmple                          0x08000a15   Thumb Code    20  cfcmple.o(.text)
    __aeabi_cfrcmple                         0x08000a29   Thumb Code    20  cfrcmple.o(.text)
    __aeabi_llsl                             0x08000a3d   Thumb Code    30  llshl.o(.text)
    _ll_shift_l                              0x08000a3d   Thumb Code     0  llshl.o(.text)
    __aeabi_lasr                             0x08000a5b   Thumb Code    36  llsshr.o(.text)
    _ll_sshift_r                             0x08000a5b   Thumb Code     0  llsshr.o(.text)
    _chval                                   0x08000a7f   Thumb Code    28  _chval.o(.text)
    _scanf_longlong                          0x08000a9b   Thumb Code   342  _scanf_longlong.o(.text)
    _scanf_string                            0x08000bf1   Thumb Code   224  _scanf_str.o(.text)
    _scanf_real                              0x08000df9   Thumb Code     0  scanf_fp.o(.text)
    _scanf_really_real                       0x08000df9   Thumb Code   556  scanf_fp.o(.text)
    __vfscanf_char                           0x0800103d   Thumb Code    20  scanf_char.o(.text)
    _sgetc                                   0x08001059   Thumb Code    30  _sgetc.o(.text)
    _sbackspace                              0x08001077   Thumb Code    34  _sgetc.o(.text)
    __I$use$fp                               0x08001099   Thumb Code     0  iusefp.o(.text)
    _float_round                             0x08001099   Thumb Code    18  fepilogue.o(.text)
    _float_epilogue                          0x080010ab   Thumb Code    92  fepilogue.o(.text)
    _fsqrt                                   0x08001107   Thumb Code    94  fsqrt.o(.text)
    _frnd                                    0x08001165   Thumb Code    60  frnd.o(.text)
    _double_round                            0x080011a1   Thumb Code    30  depilogue.o(.text)
    _double_epilogue                         0x080011bf   Thumb Code   156  depilogue.o(.text)
    _ffix_r                                  0x0800125b   Thumb Code    76  ffixir.o(.text)
    __fp_status                              0x080012a7   Thumb Code     4  fpstat.o(.text)
    __ieee_status                            0x080012a7   Thumb Code     0  fpstat.o(.text)
    __scatterload                            0x080012ad   Thumb Code    28  init.o(.text)
    __scatterload_rt2                        0x080012ad   Thumb Code     0  init.o(.text)
    isspace                                  0x080012d1   Thumb Code    10  isspace_c.o(.text)
    __vfscanf                                0x080012dd   Thumb Code   810  _scanf.o(.text)
    __aeabi_ul2d                             0x0800160d   Thumb Code    24  dfltul.o(.text)
    __aeabi_d2f                              0x08001625   Thumb Code    56  d2f.o(.text)
    __ctype_lookup                           0x0800165d   Thumb Code    34  ctype_c.o(.text)
    BusFault_Handler                         0x08001685   Thumb Code     2  stm32f1xx_it.o(i.BusFault_Handler)
    ComKey_FirstLongTriggerCallback          0x08001687   Thumb Code     2  comkey.o(i.ComKey_FirstLongTriggerCallback)
    ComKey_GetValue                          0x08001689   Thumb Code   192  comkey.o(i.ComKey_GetValue)
    ComKey_HoldTriggerCallback               0x08001759   Thumb Code    80  mainloop.o(i.ComKey_HoldTriggerCallback)
    ComKey_Init                              0x080017c1   Thumb Code    26  comkey.o(i.ComKey_Init)
    ComKey_KeyPressCallback                  0x080017e1   Thumb Code     2  comkey.o(i.ComKey_KeyPressCallback)
    ComKey_KeyReleaseCallback                0x080017e3   Thumb Code     2  comkey.o(i.ComKey_KeyReleaseCallback)
    ComKey_LongHoldCallback                  0x080017e5   Thumb Code     2  comkey.o(i.ComKey_LongHoldCallback)
    ComKey_MultipleClickCallback             0x080017e9   Thumb Code    74  mainloop.o(i.ComKey_MultipleClickCallback)
    ComKey_Porc                              0x08001851   Thumb Code   240  comkey.o(i.ComKey_Porc)
    DMA1_Channel3_IRQHandler                 0x08001945   Thumb Code     6  stm32f1xx_it.o(i.DMA1_Channel3_IRQHandler)
    DMA1_Channel5_IRQHandler                 0x08001951   Thumb Code     6  stm32f1xx_it.o(i.DMA1_Channel5_IRQHandler)
    DMA1_Channel6_IRQHandler                 0x0800195d   Thumb Code     6  stm32f1xx_it.o(i.DMA1_Channel6_IRQHandler)
    DebugMon_Handler                         0x08001993   Thumb Code     2  stm32f1xx_it.o(i.DebugMon_Handler)
    Error_Handler                            0x08001995   Thumb Code     4  main.o(i.Error_Handler)
    Get_Data                                 0x08001999   Thumb Code   136  vofa.o(i.Get_Data)
    HAL_DMA_Abort                            0x08001a41   Thumb Code    70  stm32f1xx_hal_dma.o(i.HAL_DMA_Abort)
    HAL_DMA_Abort_IT                         0x08001a89   Thumb Code   148  stm32f1xx_hal_dma.o(i.HAL_DMA_Abort_IT)
    HAL_DMA_IRQHandler                       0x08001b21   Thumb Code   316  stm32f1xx_hal_dma.o(i.HAL_DMA_IRQHandler)
    HAL_DMA_Init                             0x08001c75   Thumb Code    84  stm32f1xx_hal_dma.o(i.HAL_DMA_Init)
    HAL_DMA_Start_IT                         0x08001cd1   Thumb Code   112  stm32f1xx_hal_dma.o(i.HAL_DMA_Start_IT)
    HAL_Delay                                0x08001d41   Thumb Code    32  stm32f1xx_hal.o(i.HAL_Delay)
    HAL_GPIO_Init                            0x08001d65   Thumb Code   446  stm32f1xx_hal_gpio.o(i.HAL_GPIO_Init)
    HAL_GPIO_ReadPin                         0x08001f45   Thumb Code    10  stm32f1xx_hal_gpio.o(i.HAL_GPIO_ReadPin)
    HAL_GPIO_TogglePin                       0x08001f4f   Thumb Code    16  stm32f1xx_hal_gpio.o(i.HAL_GPIO_TogglePin)
    HAL_GPIO_WritePin                        0x08001f5f   Thumb Code    10  stm32f1xx_hal_gpio.o(i.HAL_GPIO_WritePin)
    HAL_GetTick                              0x08001f69   Thumb Code     6  stm32f1xx_hal.o(i.HAL_GetTick)
    HAL_I2C_Init                             0x08001f75   Thumb Code   376  stm32f1xx_hal_i2c.o(i.HAL_I2C_Init)
    HAL_I2C_MspInit                          0x080020fd   Thumb Code   134  i2c.o(i.HAL_I2C_MspInit)
    HAL_IncTick                              0x08002195   Thumb Code    12  stm32f1xx_hal.o(i.HAL_IncTick)
    HAL_Init                                 0x080021a5   Thumb Code    32  stm32f1xx_hal.o(i.HAL_Init)
    HAL_InitTick                             0x080021c9   Thumb Code    54  stm32f1xx_hal.o(i.HAL_InitTick)
    HAL_MspInit                              0x08002209   Thumb Code    58  stm32f1xx_hal_msp.o(i.HAL_MspInit)
    HAL_NVIC_EnableIRQ                       0x0800224d   Thumb Code    26  stm32f1xx_hal_cortex.o(i.HAL_NVIC_EnableIRQ)
    HAL_NVIC_SetPriority                     0x08002269   Thumb Code    60  stm32f1xx_hal_cortex.o(i.HAL_NVIC_SetPriority)
    HAL_NVIC_SetPriorityGrouping             0x080022a9   Thumb Code    26  stm32f1xx_hal_cortex.o(i.HAL_NVIC_SetPriorityGrouping)
    HAL_RCC_ClockConfig                      0x080022cd   Thumb Code   280  stm32f1xx_hal_rcc.o(i.HAL_RCC_ClockConfig)
    HAL_RCC_GetPCLK1Freq                     0x080023f9   Thumb Code    20  stm32f1xx_hal_rcc.o(i.HAL_RCC_GetPCLK1Freq)
    HAL_RCC_GetPCLK2Freq                     0x08002419   Thumb Code    20  stm32f1xx_hal_rcc.o(i.HAL_RCC_GetPCLK2Freq)
    HAL_RCC_GetSysClockFreq                  0x08002439   Thumb Code    58  stm32f1xx_hal_rcc.o(i.HAL_RCC_GetSysClockFreq)
    HAL_RCC_OscConfig                        0x08002485   Thumb Code   778  stm32f1xx_hal_rcc.o(i.HAL_RCC_OscConfig)
    HAL_SPI_Init                             0x080027a5   Thumb Code   178  stm32f1xx_hal_spi.o(i.HAL_SPI_Init)
    HAL_SPI_MspInit                          0x08002859   Thumb Code   102  spi.o(i.HAL_SPI_MspInit)
    HAL_SPI_Transmit                         0x080028cd   Thumb Code   366  stm32f1xx_hal_spi.o(i.HAL_SPI_Transmit)
    HAL_SYSTICK_Config                       0x08002a3b   Thumb Code    40  stm32f1xx_hal_cortex.o(i.HAL_SYSTICK_Config)
    HAL_TIMEx_BreakCallback                  0x08002a63   Thumb Code     2  stm32f1xx_hal_tim_ex.o(i.HAL_TIMEx_BreakCallback)
    HAL_TIMEx_CommutCallback                 0x08002a65   Thumb Code     2  stm32f1xx_hal_tim_ex.o(i.HAL_TIMEx_CommutCallback)
    HAL_TIMEx_MasterConfigSynchronization    0x08002a69   Thumb Code    92  stm32f1xx_hal_tim_ex.o(i.HAL_TIMEx_MasterConfigSynchronization)
    HAL_TIM_Base_Init                        0x08002ad1   Thumb Code    90  stm32f1xx_hal_tim.o(i.HAL_TIM_Base_Init)
    HAL_TIM_Base_MspInit                     0x08002b2d   Thumb Code    50  tim.o(i.HAL_TIM_Base_MspInit)
    HAL_TIM_Base_Start_IT                    0x08002b69   Thumb Code    76  stm32f1xx_hal_tim.o(i.HAL_TIM_Base_Start_IT)
    HAL_TIM_ConfigClockSource                0x08002bc1   Thumb Code   220  stm32f1xx_hal_tim.o(i.HAL_TIM_ConfigClockSource)
    HAL_TIM_ErrorCallback                    0x08002c9d   Thumb Code     2  stm32f1xx_hal_tim.o(i.HAL_TIM_ErrorCallback)
    HAL_TIM_IC_CaptureCallback               0x08002c9f   Thumb Code     2  stm32f1xx_hal_tim.o(i.HAL_TIM_IC_CaptureCallback)
    HAL_TIM_IRQHandler                       0x08002ca1   Thumb Code   358  stm32f1xx_hal_tim.o(i.HAL_TIM_IRQHandler)
    HAL_TIM_MspPostInit                      0x08002e09   Thumb Code    98  tim.o(i.HAL_TIM_MspPostInit)
    HAL_TIM_OC_DelayElapsedCallback          0x08002e7d   Thumb Code     2  stm32f1xx_hal_tim.o(i.HAL_TIM_OC_DelayElapsedCallback)
    HAL_TIM_PWM_ConfigChannel                0x08002e7f   Thumb Code   204  stm32f1xx_hal_tim.o(i.HAL_TIM_PWM_ConfigChannel)
    HAL_TIM_PWM_Init                         0x08002f4b   Thumb Code    90  stm32f1xx_hal_tim.o(i.HAL_TIM_PWM_Init)
    HAL_TIM_PWM_MspInit                      0x08002fa5   Thumb Code   156  tim.o(i.HAL_TIM_PWM_MspInit)
    HAL_TIM_PWM_PulseFinishedCallback        0x08003051   Thumb Code    76  interrupt.o(i.HAL_TIM_PWM_PulseFinishedCallback)
    HAL_TIM_PWM_PulseFinishedHalfCpltCallback 0x080030ad   Thumb Code     2  stm32f1xx_hal_tim.o(i.HAL_TIM_PWM_PulseFinishedHalfCpltCallback)
    HAL_TIM_PWM_Start_DMA                    0x080030b1   Thumb Code   378  stm32f1xx_hal_tim.o(i.HAL_TIM_PWM_Start_DMA)
    HAL_TIM_PWM_Stop_DMA                     0x08003245   Thumb Code   190  stm32f1xx_hal_tim.o(i.HAL_TIM_PWM_Stop_DMA)
    HAL_TIM_PeriodElapsedCallback            0x08003309   Thumb Code    14  interrupt.o(i.HAL_TIM_PeriodElapsedCallback)
    HAL_TIM_TriggerCallback                  0x0800331d   Thumb Code     2  stm32f1xx_hal_tim.o(i.HAL_TIM_TriggerCallback)
    HAL_UARTEx_ReceiveToIdle_DMA             0x0800331f   Thumb Code    78  stm32f1xx_hal_uart.o(i.HAL_UARTEx_ReceiveToIdle_DMA)
    HAL_UARTEx_RxEventCallback               0x0800336d   Thumb Code    44  uart.o(i.HAL_UARTEx_RxEventCallback)
    HAL_UART_ErrorCallback                   0x080033a5   Thumb Code     2  stm32f1xx_hal_uart.o(i.HAL_UART_ErrorCallback)
    HAL_UART_IRQHandler                      0x080033a9   Thumb Code   616  stm32f1xx_hal_uart.o(i.HAL_UART_IRQHandler)
    HAL_UART_Init                            0x08003615   Thumb Code   100  stm32f1xx_hal_uart.o(i.HAL_UART_Init)
    HAL_UART_MspInit                         0x08003679   Thumb Code   238  usart.o(i.HAL_UART_MspInit)
    HAL_UART_Receive_IT                      0x08003781   Thumb Code    28  stm32f1xx_hal_uart.o(i.HAL_UART_Receive_IT)
    HAL_UART_RxCpltCallback                  0x0800379d   Thumb Code    44  interrupt.o(i.HAL_UART_RxCpltCallback)
    HAL_UART_RxHalfCpltCallback              0x080037dd   Thumb Code     2  stm32f1xx_hal_uart.o(i.HAL_UART_RxHalfCpltCallback)
    HAL_UART_Transmit                        0x080037df   Thumb Code   154  stm32f1xx_hal_uart.o(i.HAL_UART_Transmit)
    HAL_UART_TxCpltCallback                  0x08003879   Thumb Code     2  stm32f1xx_hal_uart.o(i.HAL_UART_TxCpltCallback)
    HardFault_Handler                        0x0800387b   Thumb Code     2  stm32f1xx_it.o(i.HardFault_Handler)
    INC_PID_Callback                         0x0800387d   Thumb Code   112  pid.o(i.INC_PID_Callback)
    INC_PID_Init                             0x080038fd   Thumb Code     8  pid.o(i.INC_PID_Init)
    INC_PID_Set_Target                       0x08003905   Thumb Code     4  pid.o(i.INC_PID_Set_Target)
    MX_DMA_Init                              0x08003909   Thumb Code    72  dma.o(i.MX_DMA_Init)
    MX_GPIO_Init                             0x08003955   Thumb Code   242  gpio.o(i.MX_GPIO_Init)
    MX_I2C1_Init                             0x08003a59   Thumb Code    50  i2c.o(i.MX_I2C1_Init)
    MX_I2C2_Init                             0x08003a99   Thumb Code    50  i2c.o(i.MX_I2C2_Init)
    MX_SPI2_Init                             0x08003ad9   Thumb Code    62  spi.o(i.MX_SPI2_Init)
    MX_TIM1_Init                             0x08003b21   Thumb Code    98  tim.o(i.MX_TIM1_Init)
    MX_TIM2_Init                             0x08003b8d   Thumb Code   106  tim.o(i.MX_TIM2_Init)
    MX_TIM3_Init                             0x08003bfd   Thumb Code   104  tim.o(i.MX_TIM3_Init)
    MX_USART1_UART_Init                      0x08003c6d   Thumb Code    48  usart.o(i.MX_USART1_UART_Init)
    MX_USART2_UART_Init                      0x08003ca5   Thumb Code    48  usart.o(i.MX_USART2_UART_Init)
    MemManage_Handler                        0x08003cdd   Thumb Code     2  stm32f1xx_it.o(i.MemManage_Handler)
    NMI_Handler                              0x08003cdf   Thumb Code     2  stm32f1xx_it.o(i.NMI_Handler)
    POS_2_Pulse                              0x08003ce1   Thumb Code    54  control.o(i.POS_2_Pulse)
    PendSV_Handler                           0x08003d1d   Thumb Code     2  stm32f1xx_it.o(i.PendSV_Handler)
    Pulse_2_PWM                              0x08003d21   Thumb Code   256  mode.o(i.Pulse_2_PWM)
    SVC_Handler                              0x08003f1d   Thumb Code     2  stm32f1xx_it.o(i.SVC_Handler)
    Start_PWM                                0x08003f21   Thumb Code    30  mode.o(i.Start_PWM)
    Step_BuffFill                            0x08003f4d   Thumb Code    58  stephelper.o(i.Step_BuffFill)
    Step_BuffUsedLength                      0x08003f87   Thumb Code     6  stephelper.o(i.Step_BuffUsedLength)
    Step_BufferUsed                          0x08003f8d   Thumb Code    52  stephelper.o(i.Step_BufferUsed)
    Step_FillAccelerate                      0x08003fc1   Thumb Code   300  stephelper.o(i.Step_FillAccelerate)
    Step_FillConstant                        0x080040f9   Thumb Code   124  stephelper.o(i.Step_FillConstant)
    Step_FillDecelerate                      0x08004179   Thumb Code   256  stephelper.o(i.Step_FillDecelerate)
    Step_GetCurBuffer                        0x08004281   Thumb Code    18  stephelper.o(i.Step_GetCurBuffer)
    Step_Init                                0x08004295   Thumb Code   194  stephelper.o(i.Step_Init)
    Step_IsBuffRdy                           0x0800435d   Thumb Code    10  stephelper.o(i.Step_IsBuffRdy)
    Step_Lock                                0x08004367   Thumb Code    22  stephelper.o(i.Step_Lock)
    Step_Prefill                             0x0800437d   Thumb Code   164  stephelper.o(i.Step_Prefill)
    Step_Unlock                              0x08004425   Thumb Code    24  stephelper.o(i.Step_Unlock)
    SysTick_Handler                          0x0800443d   Thumb Code     4  stm32f1xx_it.o(i.SysTick_Handler)
    SystemClock_Config                       0x08004441   Thumb Code    94  main.o(i.SystemClock_Config)
    SystemInit                               0x0800449f   Thumb Code     2  system_stm32f1xx.o(i.SystemInit)
    TIM1_UP_IRQHandler                       0x080044a1   Thumb Code     6  stm32f1xx_it.o(i.TIM1_UP_IRQHandler)
    TIM_Base_SetConfig                       0x080044ad   Thumb Code    94  stm32f1xx_hal_tim.o(i.TIM_Base_SetConfig)
    TIM_CCxChannelCmd                        0x08004519   Thumb Code    26  stm32f1xx_hal_tim.o(i.TIM_CCxChannelCmd)
    TIM_DMADelayPulseHalfCplt                0x08004591   Thumb Code    56  stm32f1xx_hal_tim.o(i.TIM_DMADelayPulseHalfCplt)
    TIM_DMAError                             0x080045c9   Thumb Code    84  stm32f1xx_hal_tim.o(i.TIM_DMAError)
    TIM_ETR_SetConfig                        0x0800461d   Thumb Code    20  stm32f1xx_hal_tim.o(i.TIM_ETR_SetConfig)
    TIM_OC2_SetConfig                        0x08004691   Thumb Code    84  stm32f1xx_hal_tim.o(i.TIM_OC2_SetConfig)
    UART_Start_Receive_DMA                   0x08004aad   Thumb Code   130  stm32f1xx_hal_uart.o(i.UART_Start_Receive_DMA)
    UART_Start_Receive_IT                    0x08004b3d   Thumb Code    54  stm32f1xx_hal_uart.o(i.UART_Start_Receive_IT)
    UART_printf                              0x08004beb   Thumb Code    46  streamparser.o(i.UART_printf)
    USART1_IRQHandler                        0x08004c19   Thumb Code     6  stm32f1xx_it.o(i.USART1_IRQHandler)
    USART2_IRQHandler                        0x08004c25   Thumb Code     6  stm32f1xx_it.o(i.USART2_IRQHandler)
    UsageFault_Handler                       0x08004c31   Thumb Code     2  stm32f1xx_it.o(i.UsageFault_Handler)
    __ARM_fpclassifyf                        0x08004c33   Thumb Code    38  fpclassifyf.o(i.__ARM_fpclassifyf)
    __mathlib_flt_divzero                    0x08004c79   Thumb Code    10  funder.o(i.__mathlib_flt_divzero)
    __mathlib_flt_infnan                     0x08004c83   Thumb Code     6  funder.o(i.__mathlib_flt_infnan)
    __mathlib_flt_infnan2                    0x08004c89   Thumb Code     4  funder.o(i.__mathlib_flt_infnan2)
    __mathlib_flt_invalid                    0x08004c8d   Thumb Code     8  funder.o(i.__mathlib_flt_invalid)
    __mathlib_flt_overflow                   0x08004c95   Thumb Code    10  funder.o(i.__mathlib_flt_overflow)
    __mathlib_flt_underflow                  0x08004c9f   Thumb Code    10  funder.o(i.__mathlib_flt_underflow)
    __mathlib_rredf2                         0x08004ca9   Thumb Code   344  rredf.o(i.__mathlib_rredf2)
    __scatterload_copy                       0x08004e11   Thumb Code    14  handlers.o(i.__scatterload_copy)
    __scatterload_null                       0x08004e1f   Thumb Code     2  handlers.o(i.__scatterload_null)
    __scatterload_zeroinit                   0x08004e21   Thumb Code    14  handlers.o(i.__scatterload_zeroinit)
    __set_errno                              0x08004e31   Thumb Code     6  errno.o(i.__set_errno)
    _is_digit                                0x0800543b   Thumb Code    14  scanf_fp.o(i._is_digit)
    atanf                                    0x08005b49   Thumb Code   324  atanf.o(i.atanf)
    cosf                                     0x08005cc5   Thumb Code   328  cosf.o(i.cosf)
    draw                                     0x08005e41   Thumb Code   126  u8g2_oled.o(i.draw)
    extract_numbers                          0x08005ee1   Thumb Code    30  uart.o(i.extract_numbers)
    hex_to_float                             0x08005f0d   Thumb Code    14  vofa.o(i.hex_to_float)
    led_proc                                 0x08005f21   Thumb Code   134  led.o(i.led_proc)
    main                                     0x08005fb1   Thumb Code    54  main.o(i.main)
    main_init                                0x08005fe9   Thumb Code   186  mainloop.o(i.main_init)
    mainloop                                 0x08006101   Thumb Code   104  mainloop.o(i.mainloop)
    move_mainloop                            0x08006195   Thumb Code   116  mainloop.o(i.move_mainloop)
    myabs                                    0x08006219   Thumb Code    12  mode.o(i.myabs)
    __mathlib_powf                           0x08006225   Thumb Code     0  powf.o(i.powf)
    powf                                     0x08006225   Thumb Code  1548  powf.o(i.powf)
    safe_sscanf                              0x08006845   Thumb Code    18  uart.o(i.safe_sscanf)
    snprintf_                                0x08006859   Thumb Code    26  printf.o(i.snprintf_)
    sprintf_                                 0x08006879   Thumb Code    28  printf.o(i.sprintf_)
    sqrtf                                    0x08006899   Thumb Code    44  sqrtf.o(i.sqrtf)
    task_mainloop                            0x080068c5   Thumb Code   120  mainloop.o(i.task_mainloop)
    tim_proc                                 0x0800695d   Thumb Code   106  interrupt.o(i.tim_proc)
    u8g2Init                                 0x080069dd   Thumb Code    44  u8g2_oled.o(i.u8g2Init)
    u8g2_ClearBuffer                         0x08006a19   Thumb Code    18  u8g2_buffer.o(i.u8g2_ClearBuffer)
    u8g2_DrawGlyph                           0x08006a2b   Thumb Code   112  u8g2_font.o(i.u8g2_DrawGlyph)
    u8g2_DrawHVLine                          0x08006a9d   Thumb Code   172  u8g2_hvline.o(i.u8g2_DrawHVLine)
    u8g2_DrawLine                            0x08006b49   Thumb Code   172  u8g2_line.o(i.u8g2_DrawLine)
    u8g2_DrawPixel                           0x08006bf5   Thumb Code    46  u8g2_hvline.o(i.u8g2_DrawPixel)
    u8g2_DrawStr                             0x08006c25   Thumb Code    12  u8g2_font.o(i.u8g2_DrawStr)
    u8g2_FirstPage                           0x08006c35   Thumb Code    28  u8g2_buffer.o(i.u8g2_FirstPage)
    u8g2_IsIntersection                      0x08006c51   Thumb Code    48  u8g2_intersection.o(i.u8g2_IsIntersection)
    u8g2_NextPage                            0x08006c81   Thumb Code    62  u8g2_buffer.o(i.u8g2_NextPage)
    u8g2_SetBufferCurrTileRow                0x08006cbf   Thumb Code    28  u8g2_buffer.o(i.u8g2_SetBufferCurrTileRow)
    u8g2_SetFont                             0x08006cdb   Thumb Code    32  u8g2_font.o(i.u8g2_SetFont)
    u8g2_SetFontPosBaseline                  0x08006cfd   Thumb Code     6  u8g2_font.o(i.u8g2_SetFontPosBaseline)
    u8g2_SetMaxClipWindow                    0x08006d09   Thumb Code    28  u8g2_setup.o(i.u8g2_SetMaxClipWindow)
    u8g2_SetupBuffer                         0x08006d25   Thumb Code    66  u8g2_setup.o(i.u8g2_SetupBuffer)
    u8g2_Setup_ssd1306_128x64_noname_f       0x08006d69   Thumb Code    42  u8g2_d_setup.o(i.u8g2_Setup_ssd1306_128x64_noname_f)
    u8g2_UpdateRefHeight                     0x08006da1   Thumb Code    82  u8g2_font.o(i.u8g2_UpdateRefHeight)
    u8g2_add_vector_x                        0x08006df3   Thumb Code    28  u8g2_font.o(i.u8g2_add_vector_x)
    u8g2_add_vector_y                        0x08006e0f   Thumb Code    28  u8g2_font.o(i.u8g2_add_vector_y)
    u8g2_draw_hv_line_2dir                   0x08006ed5   Thumb Code    18  u8g2_hvline.o(i.u8g2_draw_hv_line_2dir)
    u8g2_draw_l90_r0                         0x08006ee7   Thumb Code    12  u8g2_setup.o(i.u8g2_draw_l90_r0)
    u8g2_font_calc_vref_font                 0x08006f69   Thumb Code     4  u8g2_font.o(i.u8g2_font_calc_vref_font)
    u8g2_font_decode_get_signed_bits         0x08006f6d   Thumb Code    20  u8g2_font.o(i.u8g2_font_decode_get_signed_bits)
    u8g2_font_decode_get_unsigned_bits       0x08006f81   Thumb Code    52  u8g2_font.o(i.u8g2_font_decode_get_unsigned_bits)
    u8g2_font_decode_glyph                   0x08006fb5   Thumb Code   276  u8g2_font.o(i.u8g2_font_decode_glyph)
    u8g2_font_decode_len                     0x080070c9   Thumb Code   140  u8g2_font.o(i.u8g2_font_decode_len)
    u8g2_font_get_glyph_data                 0x08007155   Thumb Code   114  u8g2_font.o(i.u8g2_font_get_glyph_data)
    u8g2_is_intersection_decision_tree       0x0800720f   Thumb Code    24  u8g2_intersection.o(i.u8g2_is_intersection_decision_tree)
    u8g2_ll_hvline_vertical_top_lsb          0x08007229   Thumb Code   144  u8g2_ll_hvline.o(i.u8g2_ll_hvline_vertical_top_lsb)
    u8g2_m_16_8_f                            0x080072b9   Thumb Code     8  u8g2_d_memory.o(i.u8g2_m_16_8_f)
    u8g2_mainloop                            0x080072c5   Thumb Code    46  mainloop.o(i.u8g2_mainloop)
    u8g2_read_font_info                      0x08007301   Thumb Code   106  u8g2_font.o(i.u8g2_read_font_info)
    u8g2_update_dimension_r0                 0x080073ff   Thumb Code     4  u8g2_setup.o(i.u8g2_update_dimension_r0)
    u8g2_update_page_win_r0                  0x08007403   Thumb Code    34  u8g2_setup.o(i.u8g2_update_page_win_r0)
    u8x8_DrawTile                            0x08007425   Thumb Code    30  u8x8_display.o(i.u8x8_DrawTile)
    u8x8_InitDisplay                         0x08007443   Thumb Code    16  u8x8_display.o(i.u8x8_InitDisplay)
    u8x8_RefreshDisplay                      0x08007453   Thumb Code    16  u8x8_display.o(i.u8x8_RefreshDisplay)
    u8x8_SetPowerSave                        0x08007463   Thumb Code    16  u8x8_display.o(i.u8x8_SetPowerSave)
    u8x8_Setup                               0x08007473   Thumb Code    34  u8x8_setup.o(i.u8x8_Setup)
    u8x8_SetupDefaults                       0x08007495   Thumb Code    32  u8x8_setup.o(i.u8x8_SetupDefaults)
    u8x8_SetupMemory                         0x080074b9   Thumb Code    16  u8x8_display.o(i.u8x8_SetupMemory)
    u8x8_ascii_next                          0x080074c9   Thumb Code    14  u8x8_8x8.o(i.u8x8_ascii_next)
    u8x8_byte_4wire_hw_spi                   0x080074d9   Thumb Code    58  u8g2_oled.o(i.u8x8_byte_4wire_hw_spi)
    u8x8_byte_SendByte                       0x0800751d   Thumb Code    14  u8x8_byte.o(i.u8x8_byte_SendByte)
    u8x8_byte_SetDC                          0x0800752b   Thumb Code    16  u8x8_byte.o(i.u8x8_byte_SetDC)
    u8x8_cad_001                             0x0800753b   Thumb Code    82  u8x8_cad.o(i.u8x8_cad_001)
    u8x8_cad_EndTransfer                     0x0800758d   Thumb Code    16  u8x8_cad.o(i.u8x8_cad_EndTransfer)
    u8x8_cad_SendArg                         0x0800759d   Thumb Code    16  u8x8_cad.o(i.u8x8_cad_SendArg)
    u8x8_cad_SendCmd                         0x080075ad   Thumb Code    16  u8x8_cad.o(i.u8x8_cad_SendCmd)
    u8x8_cad_SendData                        0x080075bd   Thumb Code    16  u8x8_cad.o(i.u8x8_cad_SendData)
    u8x8_cad_SendSequence                    0x080075cd   Thumb Code   104  u8x8_cad.o(i.u8x8_cad_SendSequence)
    u8x8_cad_StartTransfer                   0x08007635   Thumb Code    16  u8x8_cad.o(i.u8x8_cad_StartTransfer)
    u8x8_d_helper_display_init               0x08007645   Thumb Code    96  u8x8_display.o(i.u8x8_d_helper_display_init)
    u8x8_d_helper_display_setup_memory       0x080076a5   Thumb Code    10  u8x8_display.o(i.u8x8_d_helper_display_setup_memory)
    u8x8_d_ssd1306_128x64_noname             0x080076b1   Thumb Code    54  u8x8_d_ssd1306_128x64_noname.o(i.u8x8_d_ssd1306_128x64_noname)
    u8x8_dummy_cb                            0x080077b5   Thumb Code     4  u8x8_setup.o(i.u8x8_dummy_cb)
    u8x8_gpio_call                           0x080077b9   Thumb Code    12  u8x8_gpio.o(i.u8x8_gpio_call)
    u8x8_stm32_gpio_and_delay                0x080077c5   Thumb Code    46  u8g2_oled.o(i.u8x8_stm32_gpio_and_delay)
    u8x8_utf8_init                           0x080077f9   Thumb Code     8  u8x8_8x8.o(i.u8x8_utf8_init)
    uart_proc                                0x08007801   Thumb Code   254  uart.o(i.uart_proc)
    vsnprintf_                               0x08007929   Thumb Code    18  printf.o(i.vsnprintf_)
    AHBPrescTable                            0x08007952   Data          16  system_stm32f1xx.o(.constdata)
    APBPrescTable                            0x08007962   Data           8  system_stm32f1xx.o(.constdata)
    u8g2_font_6x12_tf                        0x0800796a   Data        2025  u8g2_fonts.o(.constdata)
    u8g2_cb_r0                               0x08008154   Data          12  u8g2_setup.o(.constdata)
    __ctype_categories                       0x08008428   Data          64  ctype_c.o(.constdata)
    Region$$Table$$Base                      0x08008468   Number         0  anon$$obj.o(Region$$Table)
    Region$$Table$$Limit                     0x08008488   Number         0  anon$$obj.o(Region$$Table)
    uwTickFreq                               0x20000000   Data           1  stm32f1xx_hal.o(.data)
    uwTickPrio                               0x20000004   Data           4  stm32f1xx_hal.o(.data)
    uwTick                                   0x20000008   Data           4  stm32f1xx_hal.o(.data)
    SystemCoreClock                          0x2000000c   Data           4  system_stm32f1xx.o(.data)
    Mode                                     0x20000010   Data           1  mainloop.o(.data)
    f_trace                                  0x20000011   Data           1  mainloop.o(.data)
    f_50ms_oled                              0x20000012   Data           1  interrupt.o(.data)
    AT24_RD_Flag                             0x20000024   Data           1  at24.o(.data)
    UART1_Rx                                 0x20000025   Data           1  vofa.o(.data)
    LED_R                                    0x20000026   Data           1  led.o(.data)
    LED_B                                    0x20000027   Data           1  led.o(.data)
    LED_G                                    0x20000028   Data           1  led.o(.data)
    data                                     0x2000002a   Data           8  uart.o(.data)
    uart_f                                   0x20000032   Data           1  uart.o(.data)
    uart_cnt                                 0x20000033   Data           1  uart.o(.data)
    rx1_index                                0x20000034   Data           1  uart.o(.data)
    Step_X_Flag                              0x20000036   Data           1  mode.o(.data)
    Step_Y_Flag                              0x20000037   Data           1  mode.o(.data)
    Pulse_X_Num                              0x20000038   Data           2  mode.o(.data)
    Pulse_Y_Num                              0x2000003a   Data           2  mode.o(.data)
    Pulse_Time                               0x2000003c   Data           2  mode.o(.data)
    Screen_Dis                               0x2000003e   Data           2  mode.o(.data)
    Green_Dis                                0x20000040   Data           2  mode.o(.data)
    Green_Dis_Val                            0x20000042   Data          28  mode.o(.data)
    Stop_CNT                                 0x2000005e   Data           1  mode.o(.data)
    Stop_Flag                                0x2000005f   Data           1  mode.o(.data)
    Laser_Wait_CNT                           0x20000060   Data           1  mode.o(.data)
    hi2c1                                    0x20000068   Data          84  i2c.o(.bss)
    hi2c2                                    0x200000bc   Data          84  i2c.o(.bss)
    hspi2                                    0x20000110   Data          88  spi.o(.bss)
    htim1                                    0x20000168   Data          72  tim.o(.bss)
    htim2                                    0x200001b0   Data          72  tim.o(.bss)
    htim3                                    0x200001f8   Data          72  tim.o(.bss)
    hdma_tim2_ch1                            0x20000240   Data          68  tim.o(.bss)
    hdma_tim3_ch4_up                         0x20000284   Data          68  tim.o(.bss)
    huart1                                   0x200002c8   Data          72  usart.o(.bss)
    huart2                                   0x20000310   Data          72  usart.o(.bss)
    hdma_usart2_rx                           0x20000358   Data          68  usart.o(.bss)
    u8g2                                     0x2000091c   Data         148  mainloop.o(.bss)
    Key_0                                    0x200009b0   Data          32  comkey.o(.bss)
    Key_1                                    0x200009d0   Data          32  comkey.o(.bss)
    Key_2                                    0x200009f0   Data          32  comkey.o(.bss)
    Key_3                                    0x20000a10   Data          32  comkey.o(.bss)
    Key_4                                    0x20000a30   Data          32  comkey.o(.bss)
    RX1_Data                                 0x20000a50   Data          50  vofa.o(.bss)
    data_hex                                 0x20000a82   Data           9  vofa.o(.bss)
    RX2_Data                                 0x20000a8b   Data          50  uart.o(.bss)
    stepX                                    0x20000ac0   Data         856  mode.o(.bss)
    stepY                                    0x20000e18   Data         856  mode.o(.bss)
    PID_X                                    0x20001170   Data          40  pid.o(.bss)
    PID_Y                                    0x20001198   Data          40  pid.o(.bss)
    __initial_sp                             0x200015c0   Data           0  startup_stm32f103xb.o(STACK)



==============================================================================

Memory Map of the image

  Image Entry point : 0x080000ed

  Load Region LR_IROM1 (Base: 0x08000000, Size: 0x000084f0, Max: 0x00010000, ABSOLUTE)

    Execution Region ER_IROM1 (Exec base: 0x08000000, Load base: 0x08000000, Size: 0x00008488, Max: 0x00010000, ABSOLUTE)

    Exec Addr    Load Addr    Size         Type   Attr      Idx    E Section Name        Object

    0x08000000   0x08000000   0x000000ec   Data   RO         3838    RESET               startup_stm32f103xb.o
    0x080000ec   0x080000ec   0x00000000   Code   RO         9118  * .ARM.Collect$$$$00000000  mc_w.l(entry.o)
    0x080000ec   0x080000ec   0x00000004   Code   RO         9224    .ARM.Collect$$$$00000001  mc_w.l(entry2.o)
    0x080000f0   0x080000f0   0x00000004   Code   RO         9227    .ARM.Collect$$$$00000004  mc_w.l(entry5.o)
    0x080000f4   0x080000f4   0x00000000   Code   RO         9229    .ARM.Collect$$$$00000008  mc_w.l(entry7b.o)
    0x080000f4   0x080000f4   0x00000000   Code   RO         9231    .ARM.Collect$$$$0000000A  mc_w.l(entry8b.o)
    0x080000f4   0x080000f4   0x00000008   Code   RO         9232    .ARM.Collect$$$$0000000B  mc_w.l(entry9a.o)
    0x080000fc   0x080000fc   0x00000004   Code   RO         9239    .ARM.Collect$$$$0000000E  mc_w.l(entry12b.o)
    0x08000100   0x08000100   0x00000000   Code   RO         9234    .ARM.Collect$$$$0000000F  mc_w.l(entry10a.o)
    0x08000100   0x08000100   0x00000000   Code   RO         9236    .ARM.Collect$$$$00000011  mc_w.l(entry11a.o)
    0x08000100   0x08000100   0x00000004   Code   RO         9225    .ARM.Collect$$$$00002712  mc_w.l(entry2.o)
    0x08000104   0x08000104   0x00000024   Code   RO         3839    .text               startup_stm32f103xb.o
    0x08000128   0x08000128   0x00000062   Code   RO         9121    .text               mc_w.l(uldiv.o)
    0x0800018a   0x0800018a   0x00000020   Code   RO         9123    .text               mc_w.l(llushr.o)
    0x080001aa   0x080001aa   0x00000024   Code   RO         9125    .text               mc_w.l(memseta.o)
    0x080001ce   0x080001ce   0x00000002   PAD
    0x080001d0   0x080001d0   0x00000030   Code   RO         9157    .text               mc_w.l(vsscanf.o)
    0x08000200   0x08000200   0x00000038   Code   RO         9159    .text               mc_w.l(__0sscanf.o)
    0x08000238   0x08000238   0x0000014c   Code   RO         9161    .text               mc_w.l(_scanf_int.o)
    0x08000384   0x08000384   0x000000b0   Code   RO         9163    .text               mf_w.l(fadd.o)
    0x08000434   0x08000434   0x00000064   Code   RO         9165    .text               mf_w.l(fmul.o)
    0x08000498   0x08000498   0x0000007c   Code   RO         9167    .text               mf_w.l(fdiv.o)
    0x08000514   0x08000514   0x00000018   Code   RO         9169    .text               mf_w.l(fscalb.o)
    0x0800052c   0x0800052c   0x0000014e   Code   RO         9171    .text               mf_w.l(dadd.o)
    0x0800067a   0x0800067a   0x000000e4   Code   RO         9173    .text               mf_w.l(dmul.o)
    0x0800075e   0x0800075e   0x000000de   Code   RO         9175    .text               mf_w.l(ddiv.o)
    0x0800083c   0x0800083c   0x0000002e   Code   RO         9177    .text               mf_w.l(dscalb.o)
    0x0800086a   0x0800086a   0x00000012   Code   RO         9179    .text               mf_w.l(fflti.o)
    0x0800087c   0x0800087c   0x0000000a   Code   RO         9181    .text               mf_w.l(ffltui.o)
    0x08000886   0x08000886   0x00000022   Code   RO         9183    .text               mf_w.l(dflti.o)
    0x080008a8   0x080008a8   0x0000001a   Code   RO         9185    .text               mf_w.l(dfltui.o)
    0x080008c2   0x080008c2   0x00000032   Code   RO         9187    .text               mf_w.l(ffixi.o)
    0x080008f4   0x080008f4   0x00000028   Code   RO         9189    .text               mf_w.l(ffixui.o)
    0x0800091c   0x0800091c   0x0000003e   Code   RO         9191    .text               mf_w.l(dfixi.o)
    0x0800095a   0x0800095a   0x00000032   Code   RO         9193    .text               mf_w.l(dfixui.o)
    0x0800098c   0x0800098c   0x00000026   Code   RO         9195    .text               mf_w.l(f2d.o)
    0x080009b2   0x080009b2   0x00000002   PAD
    0x080009b4   0x080009b4   0x00000030   Code   RO         9197    .text               mf_w.l(cdcmple.o)
    0x080009e4   0x080009e4   0x00000030   Code   RO         9199    .text               mf_w.l(cdrcmple.o)
    0x08000a14   0x08000a14   0x00000014   Code   RO         9201    .text               mf_w.l(cfcmple.o)
    0x08000a28   0x08000a28   0x00000014   Code   RO         9203    .text               mf_w.l(cfrcmple.o)
    0x08000a3c   0x08000a3c   0x0000001e   Code   RO         9240    .text               mc_w.l(llshl.o)
    0x08000a5a   0x08000a5a   0x00000024   Code   RO         9242    .text               mc_w.l(llsshr.o)
    0x08000a7e   0x08000a7e   0x0000001c   Code   RO         9257    .text               mc_w.l(_chval.o)
    0x08000a9a   0x08000a9a   0x00000156   Code   RO         9259    .text               mc_w.l(_scanf_longlong.o)
    0x08000bf0   0x08000bf0   0x000000e0   Code   RO         9261    .text               mc_w.l(_scanf_str.o)
    0x08000cd0   0x08000cd0   0x00000360   Code   RO         9263    .text               mc_w.l(scanf_fp.o)
    0x08001030   0x08001030   0x00000028   Code   RO         9267    .text               mc_w.l(scanf_char.o)
    0x08001058   0x08001058   0x00000040   Code   RO         9269    .text               mc_w.l(_sgetc.o)
    0x08001098   0x08001098   0x00000000   Code   RO         9271    .text               mc_w.l(iusefp.o)
    0x08001098   0x08001098   0x0000006e   Code   RO         9272    .text               mf_w.l(fepilogue.o)
    0x08001106   0x08001106   0x0000005e   Code   RO         9274    .text               mf_w.l(fsqrt.o)
    0x08001164   0x08001164   0x0000003c   Code   RO         9276    .text               mf_w.l(frnd.o)
    0x080011a0   0x080011a0   0x000000ba   Code   RO         9278    .text               mf_w.l(depilogue.o)
    0x0800125a   0x0800125a   0x0000004c   Code   RO         9280    .text               mf_w.l(ffixir.o)
    0x080012a6   0x080012a6   0x00000004   Code   RO         9282    .text               mf_w.l(fpstat.o)
    0x080012aa   0x080012aa   0x00000002   PAD
    0x080012ac   0x080012ac   0x00000024   Code   RO         9284    .text               mc_w.l(init.o)
    0x080012d0   0x080012d0   0x0000000a   Code   RO         9286    .text               mc_w.l(isspace_c.o)
    0x080012da   0x080012da   0x00000002   PAD
    0x080012dc   0x080012dc   0x00000330   Code   RO         9288    .text               mc_w.l(_scanf.o)
    0x0800160c   0x0800160c   0x00000018   Code   RO         9290    .text               mf_w.l(dfltul.o)
    0x08001624   0x08001624   0x00000038   Code   RO         9292    .text               mf_w.l(d2f.o)
    0x0800165c   0x0800165c   0x00000028   Code   RO         9294    .text               mc_w.l(ctype_c.o)
    0x08001684   0x08001684   0x00000002   Code   RO          511    i.BusFault_Handler  stm32f1xx_it.o
    0x08001686   0x08001686   0x00000002   Code   RO         8229    i.ComKey_FirstLongTriggerCallback  comkey.o
    0x08001688   0x08001688   0x000000d0   Code   RO         8230    i.ComKey_GetValue   comkey.o
    0x08001758   0x08001758   0x00000068   Code   RO         7990    i.ComKey_HoldTriggerCallback  mainloop.o
    0x080017c0   0x080017c0   0x00000020   Code   RO         8232    i.ComKey_Init       comkey.o
    0x080017e0   0x080017e0   0x00000002   Code   RO         8233    i.ComKey_KeyPressCallback  comkey.o
    0x080017e2   0x080017e2   0x00000002   Code   RO         8234    i.ComKey_KeyReleaseCallback  comkey.o
    0x080017e4   0x080017e4   0x00000002   Code   RO         8235    i.ComKey_LongHoldCallback  comkey.o
    0x080017e6   0x080017e6   0x00000002   PAD
    0x080017e8   0x080017e8   0x00000068   Code   RO         7991    i.ComKey_MultipleClickCallback  mainloop.o
    0x08001850   0x08001850   0x000000f4   Code   RO         8237    i.ComKey_Porc       comkey.o
    0x08001944   0x08001944   0x0000000c   Code   RO          512    i.DMA1_Channel3_IRQHandler  stm32f1xx_it.o
    0x08001950   0x08001950   0x0000000c   Code   RO          513    i.DMA1_Channel5_IRQHandler  stm32f1xx_it.o
    0x0800195c   0x0800195c   0x0000000c   Code   RO          514    i.DMA1_Channel6_IRQHandler  stm32f1xx_it.o
    0x08001968   0x08001968   0x0000002a   Code   RO         1500    i.DMA_SetConfig     stm32f1xx_hal_dma.o
    0x08001992   0x08001992   0x00000002   Code   RO          515    i.DebugMon_Handler  stm32f1xx_it.o
    0x08001994   0x08001994   0x00000004   Code   RO            4    i.Error_Handler     main.o
    0x08001998   0x08001998   0x000000a8   Code   RO         8535    i.Get_Data          vofa.o
    0x08001a40   0x08001a40   0x00000046   Code   RO         1501    i.HAL_DMA_Abort     stm32f1xx_hal_dma.o
    0x08001a86   0x08001a86   0x00000002   PAD
    0x08001a88   0x08001a88   0x00000098   Code   RO         1502    i.HAL_DMA_Abort_IT  stm32f1xx_hal_dma.o
    0x08001b20   0x08001b20   0x00000154   Code   RO         1506    i.HAL_DMA_IRQHandler  stm32f1xx_hal_dma.o
    0x08001c74   0x08001c74   0x0000005c   Code   RO         1507    i.HAL_DMA_Init      stm32f1xx_hal_dma.o
    0x08001cd0   0x08001cd0   0x00000070   Code   RO         1511    i.HAL_DMA_Start_IT  stm32f1xx_hal_dma.o
    0x08001d40   0x08001d40   0x00000024   Code   RO         1127    i.HAL_Delay         stm32f1xx_hal.o
    0x08001d64   0x08001d64   0x000001e0   Code   RO         1437    i.HAL_GPIO_Init     stm32f1xx_hal_gpio.o
    0x08001f44   0x08001f44   0x0000000a   Code   RO         1439    i.HAL_GPIO_ReadPin  stm32f1xx_hal_gpio.o
    0x08001f4e   0x08001f4e   0x00000010   Code   RO         1440    i.HAL_GPIO_TogglePin  stm32f1xx_hal_gpio.o
    0x08001f5e   0x08001f5e   0x0000000a   Code   RO         1441    i.HAL_GPIO_WritePin  stm32f1xx_hal_gpio.o
    0x08001f68   0x08001f68   0x0000000c   Code   RO         1131    i.HAL_GetTick       stm32f1xx_hal.o
    0x08001f74   0x08001f74   0x00000188   Code   RO          694    i.HAL_I2C_Init      stm32f1xx_hal_i2c.o
    0x080020fc   0x080020fc   0x00000098   Code   RO          298    i.HAL_I2C_MspInit   i2c.o
    0x08002194   0x08002194   0x00000010   Code   RO         1137    i.HAL_IncTick       stm32f1xx_hal.o
    0x080021a4   0x080021a4   0x00000024   Code   RO         1138    i.HAL_Init          stm32f1xx_hal.o
    0x080021c8   0x080021c8   0x00000040   Code   RO         1139    i.HAL_InitTick      stm32f1xx_hal.o
    0x08002208   0x08002208   0x00000044   Code   RO          623    i.HAL_MspInit       stm32f1xx_hal_msp.o
    0x0800224c   0x0800224c   0x0000001a   Code   RO         1597    i.HAL_NVIC_EnableIRQ  stm32f1xx_hal_cortex.o
    0x08002266   0x08002266   0x00000002   PAD
    0x08002268   0x08002268   0x00000040   Code   RO         1603    i.HAL_NVIC_SetPriority  stm32f1xx_hal_cortex.o
    0x080022a8   0x080022a8   0x00000024   Code   RO         1604    i.HAL_NVIC_SetPriorityGrouping  stm32f1xx_hal_cortex.o
    0x080022cc   0x080022cc   0x0000012c   Code   RO         1295    i.HAL_RCC_ClockConfig  stm32f1xx_hal_rcc.o
    0x080023f8   0x080023f8   0x00000020   Code   RO         1302    i.HAL_RCC_GetPCLK1Freq  stm32f1xx_hal_rcc.o
    0x08002418   0x08002418   0x00000020   Code   RO         1303    i.HAL_RCC_GetPCLK2Freq  stm32f1xx_hal_rcc.o
    0x08002438   0x08002438   0x0000004c   Code   RO         1304    i.HAL_RCC_GetSysClockFreq  stm32f1xx_hal_rcc.o
    0x08002484   0x08002484   0x00000320   Code   RO         1307    i.HAL_RCC_OscConfig  stm32f1xx_hal_rcc.o
    0x080027a4   0x080027a4   0x000000b2   Code   RO         2108    i.HAL_SPI_Init      stm32f1xx_hal_spi.o
    0x08002856   0x08002856   0x00000002   PAD
    0x08002858   0x08002858   0x00000074   Code   RO          346    i.HAL_SPI_MspInit   spi.o
    0x080028cc   0x080028cc   0x0000016e   Code   RO         2116    i.HAL_SPI_Transmit  stm32f1xx_hal_spi.o
    0x08002a3a   0x08002a3a   0x00000028   Code   RO         1608    i.HAL_SYSTICK_Config  stm32f1xx_hal_cortex.o
    0x08002a62   0x08002a62   0x00000002   Code   RO         3125    i.HAL_TIMEx_BreakCallback  stm32f1xx_hal_tim_ex.o
    0x08002a64   0x08002a64   0x00000002   Code   RO         3126    i.HAL_TIMEx_CommutCallback  stm32f1xx_hal_tim_ex.o
    0x08002a66   0x08002a66   0x00000002   PAD
    0x08002a68   0x08002a68   0x00000068   Code   RO         3144    i.HAL_TIMEx_MasterConfigSynchronization  stm32f1xx_hal_tim_ex.o
    0x08002ad0   0x08002ad0   0x0000005a   Code   RO         2421    i.HAL_TIM_Base_Init  stm32f1xx_hal_tim.o
    0x08002b2a   0x08002b2a   0x00000002   PAD
    0x08002b2c   0x08002b2c   0x0000003c   Code   RO          388    i.HAL_TIM_Base_MspInit  tim.o
    0x08002b68   0x08002b68   0x00000058   Code   RO         2426    i.HAL_TIM_Base_Start_IT  stm32f1xx_hal_tim.o
    0x08002bc0   0x08002bc0   0x000000dc   Code   RO         2430    i.HAL_TIM_ConfigClockSource  stm32f1xx_hal_tim.o
    0x08002c9c   0x08002c9c   0x00000002   Code   RO         2451    i.HAL_TIM_ErrorCallback  stm32f1xx_hal_tim.o
    0x08002c9e   0x08002c9e   0x00000002   Code   RO         2455    i.HAL_TIM_IC_CaptureCallback  stm32f1xx_hal_tim.o
    0x08002ca0   0x08002ca0   0x00000166   Code   RO         2469    i.HAL_TIM_IRQHandler  stm32f1xx_hal_tim.o
    0x08002e06   0x08002e06   0x00000002   PAD
    0x08002e08   0x08002e08   0x00000074   Code   RO          389    i.HAL_TIM_MspPostInit  tim.o
    0x08002e7c   0x08002e7c   0x00000002   Code   RO         2472    i.HAL_TIM_OC_DelayElapsedCallback  stm32f1xx_hal_tim.o
    0x08002e7e   0x08002e7e   0x000000cc   Code   RO         2493    i.HAL_TIM_PWM_ConfigChannel  stm32f1xx_hal_tim.o
    0x08002f4a   0x08002f4a   0x0000005a   Code   RO         2496    i.HAL_TIM_PWM_Init  stm32f1xx_hal_tim.o
    0x08002fa4   0x08002fa4   0x000000ac   Code   RO          391    i.HAL_TIM_PWM_MspInit  tim.o
    0x08003050   0x08003050   0x0000005c   Code   RO         8173    i.HAL_TIM_PWM_PulseFinishedCallback  interrupt.o
    0x080030ac   0x080030ac   0x00000002   Code   RO         2500    i.HAL_TIM_PWM_PulseFinishedHalfCpltCallback  stm32f1xx_hal_tim.o
    0x080030ae   0x080030ae   0x00000002   PAD
    0x080030b0   0x080030b0   0x00000194   Code   RO         2502    i.HAL_TIM_PWM_Start_DMA  stm32f1xx_hal_tim.o
    0x08003244   0x08003244   0x000000c4   Code   RO         2505    i.HAL_TIM_PWM_Stop_DMA  stm32f1xx_hal_tim.o
    0x08003308   0x08003308   0x00000014   Code   RO         8174    i.HAL_TIM_PeriodElapsedCallback  interrupt.o
    0x0800331c   0x0800331c   0x00000002   Code   RO         2512    i.HAL_TIM_TriggerCallback  stm32f1xx_hal_tim.o
    0x0800331e   0x0800331e   0x0000004e   Code   RO         3402    i.HAL_UARTEx_ReceiveToIdle_DMA  stm32f1xx_hal_uart.o
    0x0800336c   0x0800336c   0x00000038   Code   RO         8826    i.HAL_UARTEx_RxEventCallback  uart.o
    0x080033a4   0x080033a4   0x00000002   Code   RO         3418    i.HAL_UART_ErrorCallback  stm32f1xx_hal_uart.o
    0x080033a6   0x080033a6   0x00000002   PAD
    0x080033a8   0x080033a8   0x0000026c   Code   RO         3421    i.HAL_UART_IRQHandler  stm32f1xx_hal_uart.o
    0x08003614   0x08003614   0x00000064   Code   RO         3422    i.HAL_UART_Init     stm32f1xx_hal_uart.o
    0x08003678   0x08003678   0x00000108   Code   RO          460    i.HAL_UART_MspInit  usart.o
    0x08003780   0x08003780   0x0000001c   Code   RO         3427    i.HAL_UART_Receive_IT  stm32f1xx_hal_uart.o
    0x0800379c   0x0800379c   0x00000040   Code   RO         8175    i.HAL_UART_RxCpltCallback  interrupt.o
    0x080037dc   0x080037dc   0x00000002   Code   RO         3429    i.HAL_UART_RxHalfCpltCallback  stm32f1xx_hal_uart.o
    0x080037de   0x080037de   0x0000009a   Code   RO         3430    i.HAL_UART_Transmit  stm32f1xx_hal_uart.o
    0x08003878   0x08003878   0x00000002   Code   RO         3433    i.HAL_UART_TxCpltCallback  stm32f1xx_hal_uart.o
    0x0800387a   0x0800387a   0x00000002   Code   RO          516    i.HardFault_Handler  stm32f1xx_it.o
    0x0800387c   0x0800387c   0x00000080   Code   RO         9016    i.INC_PID_Callback  pid.o
    0x080038fc   0x080038fc   0x00000008   Code   RO         9017    i.INC_PID_Init      pid.o
    0x08003904   0x08003904   0x00000004   Code   RO         9018    i.INC_PID_Set_Target  pid.o
    0x08003908   0x08003908   0x0000004c   Code   RO          273    i.MX_DMA_Init       dma.o
    0x08003954   0x08003954   0x00000104   Code   RO          249    i.MX_GPIO_Init      gpio.o
    0x08003a58   0x08003a58   0x00000040   Code   RO          299    i.MX_I2C1_Init      i2c.o
    0x08003a98   0x08003a98   0x00000040   Code   RO          300    i.MX_I2C2_Init      i2c.o
    0x08003ad8   0x08003ad8   0x00000048   Code   RO          347    i.MX_SPI2_Init      spi.o
    0x08003b20   0x08003b20   0x0000006c   Code   RO          392    i.MX_TIM1_Init      tim.o
    0x08003b8c   0x08003b8c   0x00000070   Code   RO          393    i.MX_TIM2_Init      tim.o
    0x08003bfc   0x08003bfc   0x00000070   Code   RO          394    i.MX_TIM3_Init      tim.o
    0x08003c6c   0x08003c6c   0x00000038   Code   RO          461    i.MX_USART1_UART_Init  usart.o
    0x08003ca4   0x08003ca4   0x00000038   Code   RO          462    i.MX_USART2_UART_Init  usart.o
    0x08003cdc   0x08003cdc   0x00000002   Code   RO          517    i.MemManage_Handler  stm32f1xx_it.o
    0x08003cde   0x08003cde   0x00000002   Code   RO          518    i.NMI_Handler       stm32f1xx_it.o
    0x08003ce0   0x08003ce0   0x0000003c   Code   RO         8881    i.POS_2_Pulse       control.o
    0x08003d1c   0x08003d1c   0x00000002   Code   RO          519    i.PendSV_Handler    stm32f1xx_it.o
    0x08003d1e   0x08003d1e   0x00000002   PAD
    0x08003d20   0x08003d20   0x00000124   Code   RO         8925    i.Pulse_2_PWM       mode.o
    0x08003e44   0x08003e44   0x00000020   Code   RO         2146    i.SPI_EndRxTxTransaction  stm32f1xx_hal_spi.o
    0x08003e64   0x08003e64   0x000000b8   Code   RO         2151    i.SPI_WaitFlagStateUntilTimeout  stm32f1xx_hal_spi.o
    0x08003f1c   0x08003f1c   0x00000002   Code   RO          520    i.SVC_Handler       stm32f1xx_it.o
    0x08003f1e   0x08003f1e   0x00000002   PAD
    0x08003f20   0x08003f20   0x0000002c   Code   RO         8926    i.Start_PWM         mode.o
    0x08003f4c   0x08003f4c   0x0000003a   Code   RO         8722    i.Step_BuffFill     stephelper.o
    0x08003f86   0x08003f86   0x00000006   Code   RO         8809    i.Step_BuffUsedLength  stephelper.o
    0x08003f8c   0x08003f8c   0x00000034   Code   RO         8723    i.Step_BufferUsed   stephelper.o
    0x08003fc0   0x08003fc0   0x00000138   Code   RO         8724    i.Step_FillAccelerate  stephelper.o
    0x080040f8   0x080040f8   0x00000080   Code   RO         8725    i.Step_FillConstant  stephelper.o
    0x08004178   0x08004178   0x00000108   Code   RO         8726    i.Step_FillDecelerate  stephelper.o
    0x08004280   0x08004280   0x00000012   Code   RO         8727    i.Step_GetCurBuffer  stephelper.o
    0x08004292   0x08004292   0x00000002   PAD
    0x08004294   0x08004294   0x000000c8   Code   RO         8729    i.Step_Init         stephelper.o
    0x0800435c   0x0800435c   0x0000000a   Code   RO         8803    i.Step_IsBuffRdy    stephelper.o
    0x08004366   0x08004366   0x00000016   Code   RO         8730    i.Step_Lock         stephelper.o
    0x0800437c   0x0800437c   0x000000a8   Code   RO         8731    i.Step_Prefill      stephelper.o
    0x08004424   0x08004424   0x00000018   Code   RO         8732    i.Step_Unlock       stephelper.o
    0x0800443c   0x0800443c   0x00000004   Code   RO          521    i.SysTick_Handler   stm32f1xx_it.o
    0x08004440   0x08004440   0x0000005e   Code   RO            5    i.SystemClock_Config  main.o
    0x0800449e   0x0800449e   0x00000002   Code   RO         3847    i.SystemInit        system_stm32f1xx.o
    0x080044a0   0x080044a0   0x0000000c   Code   RO          522    i.TIM1_UP_IRQHandler  stm32f1xx_it.o
    0x080044ac   0x080044ac   0x0000006c   Code   RO         2514    i.TIM_Base_SetConfig  stm32f1xx_hal_tim.o
    0x08004518   0x08004518   0x0000001a   Code   RO         2515    i.TIM_CCxChannelCmd  stm32f1xx_hal_tim.o
    0x08004532   0x08004532   0x0000005e   Code   RO         2518    i.TIM_DMADelayPulseCplt  stm32f1xx_hal_tim.o
    0x08004590   0x08004590   0x00000038   Code   RO         2519    i.TIM_DMADelayPulseHalfCplt  stm32f1xx_hal_tim.o
    0x080045c8   0x080045c8   0x00000054   Code   RO         2520    i.TIM_DMAError      stm32f1xx_hal_tim.o
    0x0800461c   0x0800461c   0x00000014   Code   RO         2525    i.TIM_ETR_SetConfig  stm32f1xx_hal_tim.o
    0x08004630   0x08004630   0x00000010   Code   RO         2526    i.TIM_ITRx_SetConfig  stm32f1xx_hal_tim.o
    0x08004640   0x08004640   0x00000050   Code   RO         2527    i.TIM_OC1_SetConfig  stm32f1xx_hal_tim.o
    0x08004690   0x08004690   0x00000058   Code   RO         2528    i.TIM_OC2_SetConfig  stm32f1xx_hal_tim.o
    0x080046e8   0x080046e8   0x00000058   Code   RO         2529    i.TIM_OC3_SetConfig  stm32f1xx_hal_tim.o
    0x08004740   0x08004740   0x00000044   Code   RO         2530    i.TIM_OC4_SetConfig  stm32f1xx_hal_tim.o
    0x08004784   0x08004784   0x00000022   Code   RO         2532    i.TIM_TI1_ConfigInputStage  stm32f1xx_hal_tim.o
    0x080047a6   0x080047a6   0x00000024   Code   RO         2534    i.TIM_TI2_ConfigInputStage  stm32f1xx_hal_tim.o
    0x080047ca   0x080047ca   0x00000010   Code   RO         3435    i.UART_DMAAbortOnError  stm32f1xx_hal_uart.o
    0x080047da   0x080047da   0x0000004a   Code   RO         3436    i.UART_DMAError     stm32f1xx_hal_uart.o
    0x08004824   0x08004824   0x00000086   Code   RO         3437    i.UART_DMAReceiveCplt  stm32f1xx_hal_uart.o
    0x080048aa   0x080048aa   0x0000001e   Code   RO         3439    i.UART_DMARxHalfCplt  stm32f1xx_hal_uart.o
    0x080048c8   0x080048c8   0x0000004e   Code   RO         3445    i.UART_EndRxTransfer  stm32f1xx_hal_uart.o
    0x08004916   0x08004916   0x0000001c   Code   RO         3446    i.UART_EndTxTransfer  stm32f1xx_hal_uart.o
    0x08004932   0x08004932   0x000000c2   Code   RO         3447    i.UART_Receive_IT   stm32f1xx_hal_uart.o
    0x080049f4   0x080049f4   0x000000b8   Code   RO         3448    i.UART_SetConfig    stm32f1xx_hal_uart.o
    0x08004aac   0x08004aac   0x00000090   Code   RO         3449    i.UART_Start_Receive_DMA  stm32f1xx_hal_uart.o
    0x08004b3c   0x08004b3c   0x00000036   Code   RO         3450    i.UART_Start_Receive_IT  stm32f1xx_hal_uart.o
    0x08004b72   0x08004b72   0x00000078   Code   RO         3451    i.UART_WaitOnFlagUntilTimeout  stm32f1xx_hal_uart.o
    0x08004bea   0x08004bea   0x0000002e   Code   RO         8609    i.UART_printf       streamparser.o
    0x08004c18   0x08004c18   0x0000000c   Code   RO          523    i.USART1_IRQHandler  stm32f1xx_it.o
    0x08004c24   0x08004c24   0x0000000c   Code   RO          524    i.USART2_IRQHandler  stm32f1xx_it.o
    0x08004c30   0x08004c30   0x00000002   Code   RO          525    i.UsageFault_Handler  stm32f1xx_it.o
    0x08004c32   0x08004c32   0x00000026   Code   RO         9205    i.__ARM_fpclassifyf  m_ws.l(fpclassifyf.o)
    0x08004c58   0x08004c58   0x00000020   Code   RO         1610    i.__NVIC_SetPriority  stm32f1xx_hal_cortex.o
    0x08004c78   0x08004c78   0x0000000a   Code   RO         9207    i.__mathlib_flt_divzero  m_ws.l(funder.o)
    0x08004c82   0x08004c82   0x00000006   Code   RO         9208    i.__mathlib_flt_infnan  m_ws.l(funder.o)
    0x08004c88   0x08004c88   0x00000004   Code   RO         9209    i.__mathlib_flt_infnan2  m_ws.l(funder.o)
    0x08004c8c   0x08004c8c   0x00000008   Code   RO         9210    i.__mathlib_flt_invalid  m_ws.l(funder.o)
    0x08004c94   0x08004c94   0x0000000a   Code   RO         9211    i.__mathlib_flt_overflow  m_ws.l(funder.o)
    0x08004c9e   0x08004c9e   0x0000000a   Code   RO         9213    i.__mathlib_flt_underflow  m_ws.l(funder.o)
    0x08004ca8   0x08004ca8   0x00000168   Code   RO         9221    i.__mathlib_rredf2  m_ws.l(rredf.o)
    0x08004e10   0x08004e10   0x0000000e   Code   RO         9299    i.__scatterload_copy  mc_w.l(handlers.o)
    0x08004e1e   0x08004e1e   0x00000002   Code   RO         9300    i.__scatterload_null  mc_w.l(handlers.o)
    0x08004e20   0x08004e20   0x0000000e   Code   RO         9301    i.__scatterload_zeroinit  mc_w.l(handlers.o)
    0x08004e2e   0x08004e2e   0x00000002   PAD
    0x08004e30   0x08004e30   0x0000000c   Code   RO         9252    i.__set_errno       mc_w.l(errno.o)
    0x08004e3c   0x08004e3c   0x0000002e   Code   RO         8421    i._atoi             printf.o
    0x08004e6a   0x08004e6a   0x00000002   PAD
    0x08004e6c   0x08004e6c   0x00000330   Code   RO         8422    i._etoa             printf.o
    0x0800519c   0x0800519c   0x00000290   Code   RO         8423    i._ftoa             printf.o
    0x0800542c   0x0800542c   0x0000000e   Code   RO         8424    i._is_digit         printf.o
    0x0800543a   0x0800543a   0x0000000e   Code   RO         9265    i._is_digit         mc_w.l(scanf_fp.o)
    0x08005448   0x08005448   0x000000e4   Code   RO         8425    i._ntoa_format      printf.o
    0x0800552c   0x0800552c   0x00000080   Code   RO         8426    i._ntoa_long        printf.o
    0x080055ac   0x080055ac   0x00000080   Code   RO         8427    i._ntoa_long_long   printf.o
    0x0800562c   0x0800562c   0x00000008   Code   RO         8428    i._out_buffer       printf.o
    0x08005634   0x08005634   0x00000002   Code   RO         8431    i._out_null         printf.o
    0x08005636   0x08005636   0x0000006c   Code   RO         8432    i._out_rev          printf.o
    0x080056a2   0x080056a2   0x00000002   PAD
    0x080056a4   0x080056a4   0x000004a4   Code   RO         8433    i._vsnprintf        printf.o
    0x08005b48   0x08005b48   0x0000017c   Code   RO         9085    i.atanf             m_ws.l(atanf.o)
    0x08005cc4   0x08005cc4   0x0000017c   Code   RO         9093    i.cosf              m_ws.l(cosf.o)
    0x08005e40   0x08005e40   0x000000a0   Code   RO         8351    i.draw              u8g2_oled.o
    0x08005ee0   0x08005ee0   0x0000002c   Code   RO         8827    i.extract_numbers   uart.o
    0x08005f0c   0x08005f0c   0x00000014   Code   RO         8536    i.hex_to_float      vofa.o
    0x08005f20   0x08005f20   0x00000090   Code   RO         8573    i.led_proc          led.o
    0x08005fb0   0x08005fb0   0x00000036   Code   RO            6    i.main              main.o
    0x08005fe6   0x08005fe6   0x00000002   PAD
    0x08005fe8   0x08005fe8   0x00000118   Code   RO         7994    i.main_init         mainloop.o
    0x08006100   0x08006100   0x00000094   Code   RO         7995    i.mainloop          mainloop.o
    0x08006194   0x08006194   0x00000084   Code   RO         7996    i.move_mainloop     mainloop.o
    0x08006218   0x08006218   0x0000000c   Code   RO         8927    i.myabs             mode.o
    0x08006224   0x08006224   0x00000620   Code   RO         9101    i.powf              m_ws.l(powf.o)
    0x08006844   0x08006844   0x00000012   Code   RO         8828    i.safe_sscanf       uart.o
    0x08006856   0x08006856   0x00000002   PAD
    0x08006858   0x08006858   0x00000020   Code   RO         8436    i.snprintf_         printf.o
    0x08006878   0x08006878   0x00000020   Code   RO         8437    i.sprintf_          printf.o
    0x08006898   0x08006898   0x0000002c   Code   RO         9111    i.sqrtf             m_ws.l(sqrtf.o)
    0x080068c4   0x080068c4   0x00000098   Code   RO         7997    i.task_mainloop     mainloop.o
    0x0800695c   0x0800695c   0x00000080   Code   RO         8176    i.tim_proc          interrupt.o
    0x080069dc   0x080069dc   0x0000003c   Code   RO         8352    i.u8g2Init          u8g2_oled.o
    0x08006a18   0x08006a18   0x00000012   Code   RO         4320    i.u8g2_ClearBuffer  u8g2_buffer.o
    0x08006a2a   0x08006a2a   0x00000070   Code   RO         4565    i.u8g2_DrawGlyph    u8g2_font.o
    0x08006a9a   0x08006a9a   0x00000002   PAD
    0x08006a9c   0x08006a9c   0x000000ac   Code   RO         6542    i.u8g2_DrawHVLine   u8g2_hvline.o
    0x08006b48   0x08006b48   0x000000ac   Code   RO         6639    i.u8g2_DrawLine     u8g2_line.o
    0x08006bf4   0x08006bf4   0x0000002e   Code   RO         6543    i.u8g2_DrawPixel    u8g2_hvline.o
    0x08006c22   0x08006c22   0x00000002   PAD
    0x08006c24   0x08006c24   0x00000010   Code   RO         4566    i.u8g2_DrawStr      u8g2_font.o
    0x08006c34   0x08006c34   0x0000001c   Code   RO         4321    i.u8g2_FirstPage    u8g2_buffer.o
    0x08006c50   0x08006c50   0x00000030   Code   RO         6603    i.u8g2_IsIntersection  u8g2_intersection.o
    0x08006c80   0x08006c80   0x0000003e   Code   RO         4322    i.u8g2_NextPage     u8g2_buffer.o
    0x08006cbe   0x08006cbe   0x0000001c   Code   RO         4324    i.u8g2_SetBufferCurrTileRow  u8g2_buffer.o
    0x08006cda   0x08006cda   0x00000020   Code   RO         4580    i.u8g2_SetFont      u8g2_font.o
    0x08006cfa   0x08006cfa   0x00000002   PAD
    0x08006cfc   0x08006cfc   0x0000000c   Code   RO         4583    i.u8g2_SetFontPosBaseline  u8g2_font.o
    0x08006d08   0x08006d08   0x0000001c   Code   RO         6791    i.u8g2_SetMaxClipWindow  u8g2_setup.o
    0x08006d24   0x08006d24   0x00000042   Code   RO         6792    i.u8g2_SetupBuffer  u8g2_setup.o
    0x08006d66   0x08006d66   0x00000002   PAD
    0x08006d68   0x08006d68   0x00000038   Code   RO         4526    i.u8g2_Setup_ssd1306_128x64_noname_f  u8g2_d_setup.o
    0x08006da0   0x08006da0   0x00000052   Code   RO         4590    i.u8g2_UpdateRefHeight  u8g2_font.o
    0x08006df2   0x08006df2   0x0000001c   Code   RO         4591    i.u8g2_add_vector_x  u8g2_font.o
    0x08006e0e   0x08006e0e   0x0000001c   Code   RO         4592    i.u8g2_add_vector_y  u8g2_font.o
    0x08006e2a   0x08006e2a   0x0000006e   Code   RO         6794    i.u8g2_apply_clip_window  u8g2_setup.o
    0x08006e98   0x08006e98   0x0000003c   Code   RO         6546    i.u8g2_clip_intersection2  u8g2_hvline.o
    0x08006ed4   0x08006ed4   0x00000012   Code   RO         6547    i.u8g2_draw_hv_line_2dir  u8g2_hvline.o
    0x08006ee6   0x08006ee6   0x0000000c   Code   RO         6796    i.u8g2_draw_l90_r0  u8g2_setup.o
    0x08006ef2   0x08006ef2   0x00000076   Code   RO         4593    i.u8g2_draw_string  u8g2_font.o
    0x08006f68   0x08006f68   0x00000004   Code   RO         4596    i.u8g2_font_calc_vref_font  u8g2_font.o
    0x08006f6c   0x08006f6c   0x00000014   Code   RO         4598    i.u8g2_font_decode_get_signed_bits  u8g2_font.o
    0x08006f80   0x08006f80   0x00000034   Code   RO         4599    i.u8g2_font_decode_get_unsigned_bits  u8g2_font.o
    0x08006fb4   0x08006fb4   0x00000114   Code   RO         4600    i.u8g2_font_decode_glyph  u8g2_font.o
    0x080070c8   0x080070c8   0x0000008c   Code   RO         4601    i.u8g2_font_decode_len  u8g2_font.o
    0x08007154   0x08007154   0x00000072   Code   RO         4602    i.u8g2_font_get_glyph_data  u8g2_font.o
    0x080071c6   0x080071c6   0x00000014   Code   RO         4603    i.u8g2_font_get_word  u8g2_font.o
    0x080071da   0x080071da   0x00000034   Code   RO         4604    i.u8g2_font_setup_decode  u8g2_font.o
    0x0800720e   0x0800720e   0x00000018   Code   RO         6604    i.u8g2_is_intersection_decision_tree  u8g2_intersection.o
    0x08007226   0x08007226   0x00000002   PAD
    0x08007228   0x08007228   0x00000090   Code   RO         6652    i.u8g2_ll_hvline_vertical_top_lsb  u8g2_ll_hvline.o
    0x080072b8   0x080072b8   0x0000000c   Code   RO         4498    i.u8g2_m_16_8_f     u8g2_d_memory.o
    0x080072c4   0x080072c4   0x0000003c   Code   RO         7998    i.u8g2_mainloop     mainloop.o
    0x08007300   0x08007300   0x0000006a   Code   RO         4605    i.u8g2_read_font_info  u8g2_font.o
    0x0800736a   0x0800736a   0x0000004e   Code   RO         4331    i.u8g2_send_buffer  u8g2_buffer.o
    0x080073b8   0x080073b8   0x00000046   Code   RO         6801    i.u8g2_update_dimension_common  u8g2_setup.o
    0x080073fe   0x080073fe   0x00000004   Code   RO         6802    i.u8g2_update_dimension_r0  u8g2_setup.o
    0x08007402   0x08007402   0x00000022   Code   RO         6806    i.u8g2_update_page_win_r0  u8g2_setup.o
    0x08007424   0x08007424   0x0000001e   Code   RO         7567    i.u8x8_DrawTile     u8x8_display.o
    0x08007442   0x08007442   0x00000010   Code   RO         7569    i.u8x8_InitDisplay  u8x8_display.o
    0x08007452   0x08007452   0x00000010   Code   RO         7571    i.u8x8_RefreshDisplay  u8x8_display.o
    0x08007462   0x08007462   0x00000010   Code   RO         7574    i.u8x8_SetPowerSave  u8x8_display.o
    0x08007472   0x08007472   0x00000022   Code   RO         7873    i.u8x8_Setup        u8x8_setup.o
    0x08007494   0x08007494   0x00000024   Code   RO         7874    i.u8x8_SetupDefaults  u8x8_setup.o
    0x080074b8   0x080074b8   0x00000010   Code   RO         7575    i.u8x8_SetupMemory  u8x8_display.o
    0x080074c8   0x080074c8   0x0000000e   Code   RO         7086    i.u8x8_ascii_next   u8x8_8x8.o
    0x080074d6   0x080074d6   0x00000002   PAD
    0x080074d8   0x080074d8   0x00000044   Code   RO         8353    i.u8x8_byte_4wire_hw_spi  u8g2_oled.o
    0x0800751c   0x0800751c   0x0000000e   Code   RO         7212    i.u8x8_byte_SendByte  u8x8_byte.o
    0x0800752a   0x0800752a   0x00000010   Code   RO         7214    i.u8x8_byte_SetDC   u8x8_byte.o
    0x0800753a   0x0800753a   0x00000052   Code   RO         7327    i.u8x8_cad_001      u8x8_cad.o
    0x0800758c   0x0800758c   0x00000010   Code   RO         7331    i.u8x8_cad_EndTransfer  u8x8_cad.o
    0x0800759c   0x0800759c   0x00000010   Code   RO         7332    i.u8x8_cad_SendArg  u8x8_cad.o
    0x080075ac   0x080075ac   0x00000010   Code   RO         7333    i.u8x8_cad_SendCmd  u8x8_cad.o
    0x080075bc   0x080075bc   0x00000010   Code   RO         7334    i.u8x8_cad_SendData  u8x8_cad.o
    0x080075cc   0x080075cc   0x00000068   Code   RO         7336    i.u8x8_cad_SendSequence  u8x8_cad.o
    0x08007634   0x08007634   0x00000010   Code   RO         7337    i.u8x8_cad_StartTransfer  u8x8_cad.o
    0x08007644   0x08007644   0x00000060   Code   RO         7576    i.u8x8_d_helper_display_init  u8x8_display.o
    0x080076a4   0x080076a4   0x0000000a   Code   RO         7577    i.u8x8_d_helper_display_setup_memory  u8x8_display.o
    0x080076ae   0x080076ae   0x00000002   PAD
    0x080076b0   0x080076b0   0x0000003c   Code   RO         7507    i.u8x8_d_ssd1306_128x64_noname  u8x8_d_ssd1306_128x64_noname.o
    0x080076ec   0x080076ec   0x000000c8   Code   RO         7509    i.u8x8_d_ssd1306_sh1106_generic  u8x8_d_ssd1306_128x64_noname.o
    0x080077b4   0x080077b4   0x00000004   Code   RO         7876    i.u8x8_dummy_cb     u8x8_setup.o
    0x080077b8   0x080077b8   0x0000000c   Code   RO         7795    i.u8x8_gpio_call    u8x8_gpio.o
    0x080077c4   0x080077c4   0x00000034   Code   RO         8354    i.u8x8_stm32_gpio_and_delay  u8g2_oled.o
    0x080077f8   0x080077f8   0x00000008   Code   RO         7094    i.u8x8_utf8_init    u8x8_8x8.o
    0x08007800   0x08007800   0x00000128   Code   RO         8829    i.uart_proc         uart.o
    0x08007928   0x08007928   0x00000018   Code   RO         8439    i.vsnprintf_        printf.o
    0x08007940   0x08007940   0x00000012   Data   RO         1308    .constdata          stm32f1xx_hal_rcc.o
    0x08007952   0x08007952   0x00000010   Data   RO         3848    .constdata          system_stm32f1xx.o
    0x08007962   0x08007962   0x00000008   Data   RO         3849    .constdata          system_stm32f1xx.o
    0x0800796a   0x0800796a   0x000007e9   Data   RO         4878    .constdata          u8g2_fonts.o
    0x08008153   0x08008153   0x00000001   PAD
    0x08008154   0x08008154   0x0000000c   Data   RO         6810    .constdata          u8g2_setup.o
    0x08008160   0x08008160   0x00000114   Data   RO         7510    .constdata          u8x8_d_ssd1306_128x64_noname.o
    0x08008274   0x08008274   0x00000004   PAD
    0x08008278   0x08008278   0x00000050   Data   RO         8440    .constdata          printf.o
    0x080082c8   0x080082c8   0x00000140   Data   RO         9102    .constdata          m_ws.l(powf.o)
    0x08008408   0x08008408   0x00000020   Data   RO         9222    .constdata          m_ws.l(rredf.o)
    0x08008428   0x08008428   0x00000040   Data   RO         9295    .constdata          mc_w.l(ctype_c.o)
    0x08008468   0x08008468   0x00000020   Data   RO         9297    Region$$Table       anon$$obj.o


    Execution Region RW_IRAM1 (Exec base: 0x20000000, Load base: 0x08008488, Size: 0x000015c0, Max: 0x00005000, ABSOLUTE)

    Exec Addr    Load Addr    Size         Type   Attr      Idx    E Section Name        Object

    0x20000000   0x08008488   0x0000000c   Data   RW         1145    .data               stm32f1xx_hal.o
    0x2000000c   0x08008494   0x00000004   Data   RW         3850    .data               system_stm32f1xx.o
    0x20000010   0x08008498   0x00000002   Data   RW         8000    .data               mainloop.o
    0x20000012   0x0800849a   0x00000006   Data   RW         8177    .data               interrupt.o
    0x20000018   0x080084a0   0x0000000c   Data   RW         8239    .data               comkey.o
    0x20000024   0x080084ac   0x00000001   Data   RW         8315    .data               at24.o
    0x20000025   0x080084ad   0x00000001   Data   RW         8538    .data               vofa.o
    0x20000026   0x080084ae   0x00000003   Data   RW         8574    .data               led.o
    0x20000029   0x080084b1   0x00000001   PAD
    0x2000002a   0x080084b2   0x00000008   Data   RW         8831    .data               uart.o
    0x20000032   0x080084ba   0x00000001   Data   RW         8832    .data               uart.o
    0x20000033   0x080084bb   0x00000001   Data   RW         8834    .data               uart.o
    0x20000034   0x080084bc   0x00000001   Data   RW         8836    .data               uart.o
    0x20000035   0x080084bd   0x00000001   PAD
    0x20000036   0x080084be   0x00000008   Data   RW         8929    .data               mode.o
    0x2000003e   0x080084c6   0x00000002   Data   RW         8930    .data               mode.o
    0x20000040   0x080084c8   0x00000002   Data   RW         8931    .data               mode.o
    0x20000042   0x080084ca   0x0000001c   Data   RW         8932    .data               mode.o
    0x2000005e   0x080084e6   0x00000001   Data   RW         8933    .data               mode.o
    0x2000005f   0x080084e7   0x00000001   Data   RW         8934    .data               mode.o
    0x20000060   0x080084e8   0x00000001   Data   RW         8935    .data               mode.o
    0x20000061   0x080084e9   0x00000003   PAD
    0x20000064   0x080084ec   0x00000004   Data   RW         9253    .data               mc_w.l(errno.o)
    0x20000068        -       0x000000a8   Zero   RW          301    .bss                i2c.o
    0x20000110        -       0x00000058   Zero   RW          348    .bss                spi.o
    0x20000168        -       0x00000160   Zero   RW          395    .bss                tim.o
    0x200002c8        -       0x000000d4   Zero   RW          463    .bss                usart.o
    0x2000039c        -       0x00000580   Zero   RW         4499    .bss                u8g2_d_memory.o
    0x2000091c        -       0x00000094   Zero   RW         7999    .bss                mainloop.o
    0x200009b0        -       0x000000a0   Zero   RW         8238    .bss                comkey.o
    0x20000a50        -       0x0000003b   Zero   RW         8537    .bss                vofa.o
    0x20000a8b        -       0x00000032   Zero   RW         8830    .bss                uart.o
    0x20000abd   0x080084f0   0x00000003   PAD
    0x20000ac0        -       0x000006b0   Zero   RW         8928    .bss                mode.o
    0x20001170        -       0x00000028   Zero   RW         9023    .bss                pid.o
    0x20001198        -       0x00000028   Zero   RW         9024    .bss                pid.o
    0x200011c0        -       0x00000400   Zero   RW         3836    STACK               startup_stm32f103xb.o


==============================================================================

Image component sizes


      Code (inc. data)   RO Data    RW Data    ZI Data      Debug   Object Name

         0          0          0          1          0        706   at24.o
       492         32          0         12        160       5260   comkey.o
        60          6          0          0          0        986   control.o
        76          4          0          0          0        834   dma.o
       260         18          0          0          0       1075   gpio.o
       280         46          0          0        168       2422   i2c.o
       304         64          0          6          0       3060   interrupt.o
       144         10          0          3          0        907   led.o
       152          0          0          0          0     584786   main.o
       980        254          0          2        148     148036   mainloop.o
       348         50          0         43       1712       3796   mode.o
         0          0          0          0          0     140038   mui_u8g2.o
       140         16          0          0         80       2933   pid.o
      3410        152         80          0          0      17332   printf.o
       188         24          0          0         88       1769   spi.o
        36          8        236          0       1024        788   startup_stm32f103xb.o
      1262         34          0          0          0       9850   stephelper.o
       164         28          0         12          0       6145   stm32f1xx_hal.o
       198         14          0          0          0      29119   stm32f1xx_hal_cortex.o
       808         36          0          0          0       5198   stm32f1xx_hal_dma.o
       516         34          0          0          0       4272   stm32f1xx_hal_gpio.o
       392         16          0          0          0       3267   stm32f1xx_hal_i2c.o
        68         10          0          0          0        934   stm32f1xx_hal_msp.o
      1240         84         18          0          0       5292   stm32f1xx_hal_rcc.o
       760          4          0          0          0       4530   stm32f1xx_hal_spi.o
      2458         78          0          0          0      20146   stm32f1xx_hal_tim.o
       108         12          0          0          0       2521   stm32f1xx_hal_tim_ex.o
      2042         24          0          0          0     401709   stm32f1xx_hal_uart.o
        92         36          0          0          0       6972   stm32f1xx_it.o
        46          0          0          0          0       2334   streamparser.o
         2          0         24          4          0       1203   system_stm32f1xx.o
       680         68          0          0        352       4611   tim.o
       214          0          0          0          0       3662   u8g2_buffer.o
        12          4          0          0       1408       1804   u8g2_d_memory.o
        56         14          0          0          0       1053   u8g2_d_setup.o
      1212         10          0          0          0      13708   u8g2_font.o
         0          0       2025          0          0     124415   u8g2_fonts.o
       296          0          0          0          0       3080   u8g2_hvline.o
        72          0          0          0          0       1907   u8g2_intersection.o
       172          0          0          0          0       1016   u8g2_line.o
       144          0          0          0          0       1390   u8g2_ll_hvline.o
       340         66          0          0          0       4079   u8g2_oled.o
       324          0         12          0          0     127731   u8g2_setup.o
        22          0          0          0          0       1841   u8x8_8x8.o
        30          0          0          0          0       1135   u8x8_byte.o
       266          6          0          0          0       4901   u8x8_cad.o
       260         10        276          0          0       2943   u8x8_d_ssd1306_128x64_noname.o
       200          0          0          0          0       4358   u8x8_display.o
        12          0          0          0          0        589   u8x8_gpio.o
        74          4          0          0          0       1754   u8x8_setup.o
       414         68          0         11         50       3388   uart.o
       376         42          0          0        212       2610   usart.o
       188         38          0          1         59       1815   vofa.o

    ----------------------------------------------------------------------
     22436       1424       2708        100       5464    1732010   Object Totals
         0          0         32          0          0          0   (incl. Generated)
        46          0          5          5          3          0   (incl. Padding)

    ----------------------------------------------------------------------

      Code (inc. data)   RO Data    RW Data    ZI Data      Debug   Library Member Name

       380         56          0          0          0        108   atanf.o
       380         52          0          0          0        124   cosf.o
        38          0          0          0          0         68   fpclassifyf.o
        48          0          0          0          0        408   funder.o
      1568         80        320          0          0        224   powf.o
       360         16         32          0          0         88   rredf.o
        44          0          0          0          0         80   sqrtf.o
        56          8          0          0          0         84   __0sscanf.o
        28          0          0          0          0         68   _chval.o
       816          6          0          0          0        112   _scanf.o
       332          0          0          0          0         96   _scanf_int.o
       342          0          0          0          0        100   _scanf_longlong.o
       224          0          0          0          0         96   _scanf_str.o
        64          0          0          0          0         84   _sgetc.o
        40          6         64          0          0         68   ctype_c.o
         0          0          0          0          0          0   entry.o
         0          0          0          0          0          0   entry10a.o
         0          0          0          0          0          0   entry11a.o
         4          0          0          0          0          0   entry12b.o
         8          4          0          0          0          0   entry2.o
         4          0          0          0          0          0   entry5.o
         0          0          0          0          0          0   entry7b.o
         0          0          0          0          0          0   entry8b.o
         8          4          0          0          0          0   entry9a.o
        12          6          0          4          0         68   errno.o
        30          0          0          0          0          0   handlers.o
        36          8          0          0          0         68   init.o
        10          0          0          0          0         68   isspace_c.o
         0          0          0          0          0          0   iusefp.o
        30          0          0          0          0         68   llshl.o
        36          0          0          0          0         68   llsshr.o
        32          0          0          0          0         68   llushr.o
        36          0          0          0          0        108   memseta.o
        40          8          0          0          0         84   scanf_char.o
       878         12          0          0          0        216   scanf_fp.o
        98          0          0          0          0         92   uldiv.o
        48          8          0          0          0         80   vsscanf.o
        48          0          0          0          0         68   cdcmple.o
        48          0          0          0          0         68   cdrcmple.o
        20          0          0          0          0         68   cfcmple.o
        20          0          0          0          0         68   cfrcmple.o
        56          0          0          0          0         88   d2f.o
       334          0          0          0          0        148   dadd.o
       222          0          0          0          0        100   ddiv.o
       186          0          0          0          0        176   depilogue.o
        62          0          0          0          0         80   dfixi.o
        50          0          0          0          0         76   dfixui.o
        34          0          0          0          0         76   dflti.o
        26          0          0          0          0         76   dfltui.o
        24          0          0          0          0         76   dfltul.o
       228          0          0          0          0         96   dmul.o
        46          0          0          0          0         80   dscalb.o
        38          0          0          0          0         68   f2d.o
       176          0          0          0          0        140   fadd.o
       124          0          0          0          0         88   fdiv.o
       110          0          0          0          0        168   fepilogue.o
        50          0          0          0          0         68   ffixi.o
        76          0          0          0          0         76   ffixir.o
        40          0          0          0          0         68   ffixui.o
        18          0          0          0          0         68   fflti.o
        10          0          0          0          0         68   ffltui.o
       100          0          0          0          0         76   fmul.o
         4          0          0          0          0         68   fpstat.o
        60          0          0          0          0         76   frnd.o
        24          0          0          0          0         68   fscalb.o
        94          0          0          0          0         96   fsqrt.o

    ----------------------------------------------------------------------
      8368        274        416          4          0       5336   Library Totals
        10          0          0          0          0          0   (incl. Padding)

    ----------------------------------------------------------------------

      Code (inc. data)   RO Data    RW Data    ZI Data      Debug   Library Name

      2818        204        352          0          0       1100   m_ws.l
      3212         70         64          4          0       1696   mc_w.l
      2328          0          0          0          0       2540   mf_w.l

    ----------------------------------------------------------------------
      8368        274        416          4          0       5336   Library Totals

    ----------------------------------------------------------------------

==============================================================================


      Code (inc. data)   RO Data    RW Data    ZI Data      Debug   

     30804       1698       3124        104       5464    1722106   Grand Totals
     30804       1698       3124        104       5464    1722106   ELF Image Totals
     30804       1698       3124        104          0          0   ROM Totals

==============================================================================

    Total RO  Size (Code + RO Data)                33928 (  33.13kB)
    Total RW  Size (RW Data + ZI Data)              5568 (   5.44kB)
    Total ROM Size (Code + RO Data + RW Data)      34032 (  33.23kB)

==============================================================================

