Component: ARM Compiler 5.06 update 7 (build 960) Tool: armlink [4d3601]

==============================================================================

Section Cross References

    main.o(i.SystemClock_Config) refers to memseta.o(.text) for __aeabi_memclr4
    main.o(i.SystemClock_Config) refers to stm32f1xx_hal_rcc.o(i.HAL_RCC_OscConfig) for HAL_RCC_OscConfig
    main.o(i.SystemClock_Config) refers to stm32f1xx_hal_rcc.o(i.HAL_RCC_ClockConfig) for HAL_RCC_ClockConfig
    main.o(i.main) refers to stm32f1xx_hal.o(i.HAL_Init) for HAL_Init
    main.o(i.main) refers to main.o(i.SystemClock_Config) for SystemClock_Config
    main.o(i.main) refers to gpio.o(i.MX_GPIO_Init) for MX_GPIO_Init
    main.o(i.main) refers to dma.o(i.MX_DMA_Init) for MX_DMA_Init
    main.o(i.main) refers to tim.o(i.MX_TIM1_Init) for MX_TIM1_Init
    main.o(i.main) refers to i2c.o(i.MX_I2C1_Init) for MX_I2C1_Init
    main.o(i.main) refers to usart.o(i.MX_USART2_UART_Init) for MX_USART2_UART_Init
    main.o(i.main) refers to spi.o(i.MX_SPI2_Init) for MX_SPI2_Init
    main.o(i.main) refers to tim.o(i.MX_TIM2_Init) for MX_TIM2_Init
    main.o(i.main) refers to i2c.o(i.MX_I2C2_Init) for MX_I2C2_Init
    main.o(i.main) refers to usart.o(i.MX_USART1_UART_Init) for MX_USART1_UART_Init
    main.o(i.main) refers to tim.o(i.MX_TIM3_Init) for MX_TIM3_Init
    main.o(i.main) refers to mainloop.o(i.mainloop) for mainloop
    gpio.o(i.MX_GPIO_Init) refers to stm32f1xx_hal_gpio.o(i.HAL_GPIO_WritePin) for HAL_GPIO_WritePin
    gpio.o(i.MX_GPIO_Init) refers to stm32f1xx_hal_gpio.o(i.HAL_GPIO_Init) for HAL_GPIO_Init
    dma.o(i.MX_DMA_Init) refers to stm32f1xx_hal_cortex.o(i.HAL_NVIC_SetPriority) for HAL_NVIC_SetPriority
    dma.o(i.MX_DMA_Init) refers to stm32f1xx_hal_cortex.o(i.HAL_NVIC_EnableIRQ) for HAL_NVIC_EnableIRQ
    i2c.o(i.HAL_I2C_MspDeInit) refers to stm32f1xx_hal_gpio.o(i.HAL_GPIO_DeInit) for HAL_GPIO_DeInit
    i2c.o(i.HAL_I2C_MspInit) refers to stm32f1xx_hal_gpio.o(i.HAL_GPIO_Init) for HAL_GPIO_Init
    i2c.o(i.MX_I2C1_Init) refers to stm32f1xx_hal_i2c.o(i.HAL_I2C_Init) for HAL_I2C_Init
    i2c.o(i.MX_I2C1_Init) refers to main.o(i.Error_Handler) for Error_Handler
    i2c.o(i.MX_I2C1_Init) refers to i2c.o(.bss) for .bss
    i2c.o(i.MX_I2C2_Init) refers to stm32f1xx_hal_i2c.o(i.HAL_I2C_Init) for HAL_I2C_Init
    i2c.o(i.MX_I2C2_Init) refers to main.o(i.Error_Handler) for Error_Handler
    i2c.o(i.MX_I2C2_Init) refers to i2c.o(.bss) for .bss
    spi.o(i.HAL_SPI_MspDeInit) refers to stm32f1xx_hal_gpio.o(i.HAL_GPIO_DeInit) for HAL_GPIO_DeInit
    spi.o(i.HAL_SPI_MspInit) refers to stm32f1xx_hal_gpio.o(i.HAL_GPIO_Init) for HAL_GPIO_Init
    spi.o(i.MX_SPI2_Init) refers to stm32f1xx_hal_spi.o(i.HAL_SPI_Init) for HAL_SPI_Init
    spi.o(i.MX_SPI2_Init) refers to main.o(i.Error_Handler) for Error_Handler
    spi.o(i.MX_SPI2_Init) refers to spi.o(.bss) for .bss
    tim.o(i.HAL_TIM_Base_MspDeInit) refers to stm32f1xx_hal_cortex.o(i.HAL_NVIC_DisableIRQ) for HAL_NVIC_DisableIRQ
    tim.o(i.HAL_TIM_Base_MspInit) refers to stm32f1xx_hal_cortex.o(i.HAL_NVIC_SetPriority) for HAL_NVIC_SetPriority
    tim.o(i.HAL_TIM_Base_MspInit) refers to stm32f1xx_hal_cortex.o(i.HAL_NVIC_EnableIRQ) for HAL_NVIC_EnableIRQ
    tim.o(i.HAL_TIM_MspPostInit) refers to stm32f1xx_hal_gpio.o(i.HAL_GPIO_Init) for HAL_GPIO_Init
    tim.o(i.HAL_TIM_PWM_MspDeInit) refers to stm32f1xx_hal_dma.o(i.HAL_DMA_DeInit) for HAL_DMA_DeInit
    tim.o(i.HAL_TIM_PWM_MspDeInit) refers to stm32f1xx_hal_cortex.o(i.HAL_NVIC_DisableIRQ) for HAL_NVIC_DisableIRQ
    tim.o(i.HAL_TIM_PWM_MspInit) refers to stm32f1xx_hal_dma.o(i.HAL_DMA_Init) for HAL_DMA_Init
    tim.o(i.HAL_TIM_PWM_MspInit) refers to main.o(i.Error_Handler) for Error_Handler
    tim.o(i.HAL_TIM_PWM_MspInit) refers to stm32f1xx_hal_cortex.o(i.HAL_NVIC_SetPriority) for HAL_NVIC_SetPriority
    tim.o(i.HAL_TIM_PWM_MspInit) refers to stm32f1xx_hal_cortex.o(i.HAL_NVIC_EnableIRQ) for HAL_NVIC_EnableIRQ
    tim.o(i.HAL_TIM_PWM_MspInit) refers to tim.o(.bss) for .bss
    tim.o(i.MX_TIM1_Init) refers to stm32f1xx_hal_tim.o(i.HAL_TIM_Base_Init) for HAL_TIM_Base_Init
    tim.o(i.MX_TIM1_Init) refers to main.o(i.Error_Handler) for Error_Handler
    tim.o(i.MX_TIM1_Init) refers to stm32f1xx_hal_tim.o(i.HAL_TIM_ConfigClockSource) for HAL_TIM_ConfigClockSource
    tim.o(i.MX_TIM1_Init) refers to stm32f1xx_hal_tim_ex.o(i.HAL_TIMEx_MasterConfigSynchronization) for HAL_TIMEx_MasterConfigSynchronization
    tim.o(i.MX_TIM1_Init) refers to tim.o(.bss) for .bss
    tim.o(i.MX_TIM2_Init) refers to memseta.o(.text) for __aeabi_memclr4
    tim.o(i.MX_TIM2_Init) refers to stm32f1xx_hal_tim.o(i.HAL_TIM_PWM_Init) for HAL_TIM_PWM_Init
    tim.o(i.MX_TIM2_Init) refers to main.o(i.Error_Handler) for Error_Handler
    tim.o(i.MX_TIM2_Init) refers to stm32f1xx_hal_tim_ex.o(i.HAL_TIMEx_MasterConfigSynchronization) for HAL_TIMEx_MasterConfigSynchronization
    tim.o(i.MX_TIM2_Init) refers to stm32f1xx_hal_tim.o(i.HAL_TIM_PWM_ConfigChannel) for HAL_TIM_PWM_ConfigChannel
[...]
    .bss                                     0x20000250   Section      352  tim.o(.bss)
    .bss                                     0x200003b0   Section      212  usart.o(.bss)
    .bss                                     0x20000484   Section     1408  u8g2_d_memory.o(.bss)
    buf                                      0x20000484   Data         128  u8g2_d_memory.o(.bss)
    buf                                      0x20000504   Data         256  u8g2_d_memory.o(.bss)
    buf                                      0x20000604   Data        1024  u8g2_d_memory.o(.bss)
    .bss                                     0x20000a04   Section      148  mainloop.o(.bss)
    .bss                                     0x20000a98   Section      160  comkey.o(.bss)
    .bss                                     0x20000b38   Section       32  u8g2_oled.o(.bss)
    .bss                                     0x20000b58   Section       64  streamparser.o(.bss)
    .bss                                     0x20000b98   Section      256  streamparser.o(.bss)
    .bss                                     0x20000c98   Section       92  as5600.o(.bss)
    .bss                                     0x20000cf4   Section     1748  mode.o(.bss)
    .bss                                     0x200013c8   Section      164  mode.o(.bss)
    HEAP                                     0x20001470   Section      512  startup_stm32f103xb.o(HEAP)
    STACK                                    0x20001670   Section     1024  startup_stm32f103xb.o(STACK)

    Global Symbols

    Symbol Name                              Value     Ov Type        Size  Object(Section)

    BuildAttributes$$THM_ISAv4$P$D$K$B$S$PE$A:L22UL41UL21$X:L11$S22US41US21$IEEE1$IW$USESV6$~STKCKD$USESV7$~SHL$OTIME$ROPI$IEEEX$EBA8$MICROLIB$REQ8$PRES8$EABIv2 0x00000000   Number         0  anon$$obj.o ABSOLUTE
    __ARM_use_no_argv                        0x00000000   Number         0  main.o ABSOLUTE
    __arm_fini_                               - Undefined Weak Reference
    __cpp_initialize__aeabi_                  - Undefined Weak Reference
    __cxa_finalize                            - Undefined Weak Reference
    _clock_init                               - Undefined Weak Reference
    _microlib_exit                            - Undefined Weak Reference
    __Vectors_Size                           0x000000ec   Number         0  startup_stm32f103xb.o ABSOLUTE
    __Vectors                                0x08000000   Data           4  startup_stm32f103xb.o(RESET)
    __Vectors_End                            0x080000ec   Data           0  startup_stm32f103xb.o(RESET)
    __main                                   0x080000ed   Thumb Code     0  entry.o(.ARM.Collect$$$$00000000)
    _main_stk                                0x080000ed   Thumb Code     0  entry2.o(.ARM.Collect$$$$00000001)
    _main_scatterload                        0x080000f1   Thumb Code     0  entry5.o(.ARM.Collect$$$$00000004)
    __main_after_scatterload                 0x080000f5   Thumb Code     0  entry5.o(.ARM.Collect$$$$00000004)
    _main_clock                              0x080000f5   Thumb Code     0  entry7b.o(.ARM.Collect$$$$00000008)
    _main_cpp_init                           0x080000f5   Thumb Code     0  entry8b.o(.ARM.Collect$$$$0000000A)
    _main_init                               0x080000f5   Thumb Code     0  entry9a.o(.ARM.Collect$$$$0000000B)
    __rt_lib_shutdown_fini                   0x080000fd   Thumb Code     0  entry12b.o(.ARM.Collect$$$$0000000E)
    __rt_final_cpp                           0x08000101   Thumb Code     0  entry10a.o(.ARM.Collect$$$$0000000F)
    __rt_final_exit                          0x08000101   Thumb Code     0  entry11a.o(.ARM.Collect$$$$00000011)
    Reset_Handler                            0x08000105   Thumb Code     8  startup_stm32f103xb.o(.text)
    ADC1_2_IRQHandler                        0x0800011f   Thumb Code     0  startup_stm32f103xb.o(.text)
    CAN1_RX1_IRQHandler                      0x0800011f   Thumb Code     0  startup_stm32f103xb.o(.text)
    CAN1_SCE_IRQHandler                      0x0800011f   Thumb Code     0  startup_stm32f103xb.o(.text)
    DMA1_Channel1_IRQHandler                 0x0800011f   Thumb Code     0  startup_stm32f103xb.o(.text)
    DMA1_Channel2_IRQHandler                 0x0800011f   Thumb Code     0  startup_stm32f103xb.o(.text)
    DMA1_Channel4_IRQHandler                 0x0800011f   Thumb Code     0  startup_stm32f103xb.o(.text)
    DMA1_Channel7_IRQHandler                 0x0800011f   Thumb Code     0  startup_stm32f103xb.o(.text)
    EXTI0_IRQHandler                         0x0800011f   Thumb Code     0  startup_stm32f103xb.o(.text)
    EXTI15_10_IRQHandler                     0x0800011f   Thumb Code     0  startup_stm32f103xb.o(.text)
    EXTI1_IRQHandler                         0x0800011f   Thumb Code     0  startup_stm32f103xb.o(.text)
    EXTI2_IRQHandler                         0x0800011f   Thumb Code     0  startup_stm32f103xb.o(.text)
    EXTI3_IRQHandler                         0x0800011f   Thumb Code     0  startup_stm32f103xb.o(.text)
    EXTI4_IRQHandler                         0x0800011f   Thumb Code     0  startup_stm32f103xb.o(.text)
    EXTI9_5_IRQHandler                       0x0800011f   Thumb Code     0  startup_stm32f103xb.o(.text)
    FLASH_IRQHandler                         0x0800011f   Thumb Code     0  startup_stm32f103xb.o(.text)
    I2C1_ER_IRQHandler                       0x0800011f   Thumb Code     0  startup_stm32f103xb.o(.text)
    I2C1_EV_IRQHandler                       0x0800011f   Thumb Code     0  startup_stm32f103xb.o(.text)
    I2C2_ER_IRQHandler                       0x0800011f   Thumb Code     0  startup_stm32f103xb.o(.text)
    I2C2_EV_IRQHandler                       0x0800011f   Thumb Code     0  startup_stm32f103xb.o(.text)
    PVD_IRQHandler                           0x0800011f   Thumb Code     0  startup_stm32f103xb.o(.text)
    RCC_IRQHandler                           0x0800011f   Thumb Code     0  startup_stm32f103xb.o(.text)
    RTC_Alarm_IRQHandler                     0x0800011f   Thumb Code     0  startup_stm32f103xb.o(.text)
    RTC_IRQHandler                           0x0800011f   Thumb Code     0  startup_stm32f103xb.o(.text)
    SPI1_IRQHandler                          0x0800011f   Thumb Code     0  startup_stm32f103xb.o(.text)
    SPI2_IRQHandler                          0x0800011f   Thumb Code     0  startup_stm32f103xb.o(.text)
    TAMPER_IRQHandler                        0x0800011f   Thumb Code     0  startup_stm32f103xb.o(.text)
    TIM1_BRK_IRQHandler                      0x0800011f   Thumb Code     0  startup_stm32f103xb.o(.text)
    TIM1_CC_IRQHandler                       0x0800011f   Thumb Code     0  startup_stm32f103xb.o(.text)
    TIM1_TRG_COM_IRQHandler                  0x0800011f   Thumb Code     0  startup_stm32f103xb.o(.text)
    TIM4_IRQHandler                          0x0800011f   Thumb Code     0  startup_stm32f103xb.o(.text)
    USART1_IRQHandler                        0x0800011f   Thumb Code     0  startup_stm32f103xb.o(.text)
    USART3_IRQHandler                        0x0800011f   Thumb Code     0  startup_stm32f103xb.o(.text)
    USBWakeUp_IRQHandler                     0x0800011f   Thumb Code     0  startup_stm32f103xb.o(.text)
    USB_HP_CAN1_TX_IRQHandler                0x0800011f   Thumb Code     0  startup_stm32f103xb.o(.text)
    USB_LP_CAN1_RX0_IRQHandler               0x0800011f   Thumb Code     0  startup_stm32f103xb.o(.text)
    WWDG_IRQHandler                          0x0800011f   Thumb Code     0  startup_stm32f103xb.o(.text)
    __aeabi_uldivmod                         0x08000129   Thumb Code    98  uldiv.o(.text)
    __aeabi_llsr                             0x0800018b   Thumb Code    32  llushr.o(.text)
    _ll_ushift_r                             0x0800018b   Thumb Code     0  llushr.o(.text)
    __aeabi_memset                           0x080001ab   Thumb Code    14  memseta.o(.text)
    __aeabi_memset4                          0x080001ab   Thumb Code     0  memseta.o(.text)
    __aeabi_memset8                          0x080001ab   Thumb Code     0  memseta.o(.text)
    __aeabi_memclr                           0x080001b9   Thumb Code     4  memseta.o(.text)
    __aeabi_memclr4                          0x080001b9   Thumb Code     0  memseta.o(.text)
    __aeabi_memclr8                          0x080001b9   Thumb Code     0  memseta.o(.text)
    _memset$wrapper                          0x080001bd   Thumb Code    18  memseta.o(.text)
    strlen                                   0x080001cf   Thumb Code    14  strlen.o(.text)
    __aeabi_fadd                             0x080001dd   Thumb Code   164  fadd.o(.text)
    __aeabi_fsub                             0x08000281   Thumb Code     6  fadd.o(.text)
    __aeabi_frsub                            0x08000287   Thumb Code     6  fadd.o(.text)
    __aeabi_fmul                             0x0800028d   Thumb Code   100  fmul.o(.text)
    __aeabi_fdiv                             0x080002f1   Thumb Code   124  fdiv.o(.text)
    __ARM_scalbnf                            0x0800036d   Thumb Code    24  fscalb.o(.text)
    scalbnf                                  0x0800036d   Thumb Code     0  fscalb.o(.text)
    __aeabi_dadd                             0x08000385   Thumb Code   322  dadd.o(.text)
    __aeabi_dsub                             0x080004c7   Thumb Code     6  dadd.o(.text)
    __aeabi_drsub                            0x080004cd   Thumb Code     6  dadd.o(.text)
    __aeabi_dmul                             0x080004d3   Thumb Code   228  dmul.o(.text)
    __aeabi_ddiv                             0x080005b7   Thumb Code   222  ddiv.o(.text)
    __ARM_scalbn                             0x08000695   Thumb Code    46  dscalb.o(.text)
    scalbn                                   0x08000695   Thumb Code     0  dscalb.o(.text)
    __aeabi_i2f                              0x080006c3   Thumb Code    18  fflti.o(.text)
    __aeabi_ui2f                             0x080006d5   Thumb Code    10  ffltui.o(.text)
    __aeabi_i2d                              0x080006df   Thumb Code    34  dflti.o(.text)
    __aeabi_ui2d                             0x08000701   Thumb Code    26  dfltui.o(.text)
    __aeabi_f2iz                             0x0800071b   Thumb Code    50  ffixi.o(.text)
    __aeabi_f2uiz                            0x0800074d   Thumb Code    40  ffixui.o(.text)
    __aeabi_d2iz                             0x08000775   Thumb Code    62  dfixi.o(.text)
    __aeabi_d2uiz                            0x080007b3   Thumb Code    50  dfixui.o(.text)
    __aeabi_f2d                              0x080007e5   Thumb Code    38  f2d.o(.text)
    __aeabi_cdcmpeq                          0x0800080d   Thumb Code     0  cdcmple.o(.text)
    __aeabi_cdcmple                          0x0800080d   Thumb Code    48  cdcmple.o(.text)
    __aeabi_cdrcmple                         0x0800083d   Thumb Code    48  cdrcmple.o(.text)
    __aeabi_d2f                              0x0800086d   Thumb Code    56  d2f.o(.text)
    __aeabi_cfcmpeq                          0x080008a5   Thumb Code     0  cfcmple.o(.text)
    __aeabi_cfcmple                          0x080008a5   Thumb Code    20  cfcmple.o(.text)
    __aeabi_cfrcmple                         0x080008b9   Thumb Code    20  cfrcmple.o(.text)
    __aeabi_llsl                             0x080008cd   Thumb Code    30  llshl.o(.text)
    _ll_shift_l                              0x080008cd   Thumb Code     0  llshl.o(.text)
    __aeabi_lasr                             0x080008eb   Thumb Code    36  llsshr.o(.text)
    _ll_sshift_r                             0x080008eb   Thumb Code     0  llsshr.o(.text)
    __I$use$fp                               0x0800090f   Thumb Code     0  iusefp.o(.text)
    _float_round                             0x0800090f   Thumb Code    18  fepilogue.o(.text)
    _float_epilogue                          0x08000921   Thumb Code    92  fepilogue.o(.text)
    _frnd                                    0x0800097d   Thumb Code    60  frnd.o(.text)
    _double_round                            0x080009b9   Thumb Code    30  depilogue.o(.text)
    _double_epilogue                         0x080009d7   Thumb Code   156  depilogue.o(.text)
    __scatterload                            0x08000a75   Thumb Code    28  init.o(.text)
    __scatterload_rt2                        0x08000a75   Thumb Code     0  init.o(.text)
    __decompress                             0x08000a99   Thumb Code     0  __dczerorl2.o(.text)
    __decompress1                            0x08000a99   Thumb Code    86  __dczerorl2.o(.text)
    AS5600_Read_Reg                          0x08000af1   Thumb Code    34  as5600.o(i.AS5600_Read_Reg)
    BusFault_Handler                         0x08000b1d   Thumb Code     2  stm32f1xx_it.o(i.BusFault_Handler)
    ComKey_FirstLongTriggerCallback          0x08000b1f   Thumb Code     2  comkey.o(i.ComKey_FirstLongTriggerCallback)
    ComKey_GetValue                          0x08000b21   Thumb Code   192  comkey.o(i.ComKey_GetValue)
    ComKey_HoldTriggerCallback               0x08000bf1   Thumb Code    96  mainloop.o(i.ComKey_HoldTriggerCallback)
    ComKey_Init                              0x08000c6d   Thumb Code    26  comkey.o(i.ComKey_Init)
    ComKey_KeyPressCallback                  0x08000c8d   Thumb Code     2  comkey.o(i.ComKey_KeyPressCallback)
    ComKey_KeyReleaseCallback                0x08000c8f   Thumb Code     2  comkey.o(i.ComKey_KeyReleaseCallback)
    ComKey_LongHoldCallback                  0x08000c91   Thumb Code     2  comkey.o(i.ComKey_LongHoldCallback)
    ComKey_MultipleClickCallback             0x08000c95   Thumb Code  1192  mainloop.o(i.ComKey_MultipleClickCallback)
    ComKey_Porc                              0x0800113d   Thumb Code   240  comkey.o(i.ComKey_Porc)
    DMA1_Channel3_IRQHandler                 0x08001261   Thumb Code     6  stm32f1xx_it.o(i.DMA1_Channel3_IRQHandler)
    DMA1_Channel5_IRQHandler                 0x0800126d   Thumb Code     6  stm32f1xx_it.o(i.DMA1_Channel5_IRQHandler)
    DMA1_Channel6_IRQHandler                 0x08001279   Thumb Code     6  stm32f1xx_it.o(i.DMA1_Channel6_IRQHandler)
    DebugMon_Handler                         0x080012af   Thumb Code     2  stm32f1xx_it.o(i.DebugMon_Handler)
    Error_Handler                            0x080012b1   Thumb Code     4  main.o(i.Error_Handler)
    GetAngle                                 0x080012b5   Thumb Code    70  as5600.o(i.GetAngle)
    GetAngle_Without_Track                   0x08001309   Thumb Code    70  as5600.o(i.GetAngle_Without_Track)
    HAL_DMA_Abort                            0x08001361   Thumb Code    70  stm32f1xx_hal_dma.o(i.HAL_DMA_Abort)
    HAL_DMA_Abort_IT                         0x080013a9   Thumb Code   148  stm32f1xx_hal_dma.o(i.HAL_DMA_Abort_IT)
    HAL_DMA_IRQHandler                       0x08001441   Thumb Code   316  stm32f1xx_hal_dma.o(i.HAL_DMA_IRQHandler)
    HAL_DMA_Init                             0x08001595   Thumb Code    84  stm32f1xx_hal_dma.o(i.HAL_DMA_Init)
    HAL_DMA_Start_IT                         0x080015f1   Thumb Code   112  stm32f1xx_hal_dma.o(i.HAL_DMA_Start_IT)
    HAL_Delay                                0x08001661   Thumb Code    32  stm32f1xx_hal.o(i.HAL_Delay)
    HAL_GPIO_Init                            0x08001685   Thumb Code   446  stm32f1xx_hal_gpio.o(i.HAL_GPIO_Init)
    HAL_GPIO_ReadPin                         0x08001865   Thumb Code    10  stm32f1xx_hal_gpio.o(i.HAL_GPIO_ReadPin)
    HAL_GPIO_TogglePin                       0x0800186f   Thumb Code    16  stm32f1xx_hal_gpio.o(i.HAL_GPIO_TogglePin)
    HAL_GPIO_WritePin                        0x0800187f   Thumb Code    10  stm32f1xx_hal_gpio.o(i.HAL_GPIO_WritePin)
    HAL_GetTick                              0x08001889   Thumb Code     6  stm32f1xx_hal.o(i.HAL_GetTick)
    HAL_I2C_Init                             0x08001895   Thumb Code   376  stm32f1xx_hal_i2c.o(i.HAL_I2C_Init)
    HAL_I2C_Mem_Read                         0x08001a1d   Thumb Code   574  stm32f1xx_hal_i2c.o(i.HAL_I2C_Mem_Read)
    HAL_I2C_MspInit                          0x08001c6d   Thumb Code   134  i2c.o(i.HAL_I2C_MspInit)
    HAL_IncTick                              0x08001d05   Thumb Code    12  stm32f1xx_hal.o(i.HAL_IncTick)
    HAL_Init                                 0x08001d15   Thumb Code    32  stm32f1xx_hal.o(i.HAL_Init)
    HAL_InitTick                             0x08001d39   Thumb Code    54  stm32f1xx_hal.o(i.HAL_InitTick)
    HAL_MspInit                              0x08001d79   Thumb Code    58  stm32f1xx_hal_msp.o(i.HAL_MspInit)
    HAL_NVIC_EnableIRQ                       0x08001dbd   Thumb Code    26  stm32f1xx_hal_cortex.o(i.HAL_NVIC_EnableIRQ)
    HAL_NVIC_SetPriority                     0x08001dd9   Thumb Code    60  stm32f1xx_hal_cortex.o(i.HAL_NVIC_SetPriority)
    HAL_NVIC_SetPriorityGrouping             0x08001e19   Thumb Code    26  stm32f1xx_hal_cortex.o(i.HAL_NVIC_SetPriorityGrouping)
    HAL_RCC_ClockConfig                      0x08001e3d   Thumb Code   280  stm32f1xx_hal_rcc.o(i.HAL_RCC_ClockConfig)
    HAL_RCC_GetPCLK1Freq                     0x08001f69   Thumb Code    20  stm32f1xx_hal_rcc.o(i.HAL_RCC_GetPCLK1Freq)
    HAL_RCC_GetPCLK2Freq                     0x08001f89   Thumb Code    20  stm32f1xx_hal_rcc.o(i.HAL_RCC_GetPCLK2Freq)
    HAL_RCC_GetSysClockFreq                  0x08001fa9   Thumb Code    58  stm32f1xx_hal_rcc.o(i.HAL_RCC_GetSysClockFreq)
    HAL_RCC_OscConfig                        0x08001ff5   Thumb Code   778  stm32f1xx_hal_rcc.o(i.HAL_RCC_OscConfig)
    HAL_SPI_Init                             0x08002315   Thumb Code   178  stm32f1xx_hal_spi.o(i.HAL_SPI_Init)
    HAL_SPI_MspInit                          0x080023c9   Thumb Code   102  spi.o(i.HAL_SPI_MspInit)
    HAL_SPI_Transmit                         0x0800243d   Thumb Code   366  stm32f1xx_hal_spi.o(i.HAL_SPI_Transmit)
    HAL_SYSTICK_Config                       0x080025ab   Thumb Code    40  stm32f1xx_hal_cortex.o(i.HAL_SYSTICK_Config)
    HAL_TIMEx_BreakCallback                  0x080025d3   Thumb Code     2  stm32f1xx_hal_tim_ex.o(i.HAL_TIMEx_BreakCallback)
    HAL_TIMEx_CommutCallback                 0x080025d5   Thumb Code     2  stm32f1xx_hal_tim_ex.o(i.HAL_TIMEx_CommutCallback)
    HAL_TIMEx_MasterConfigSynchronization    0x080025d9   Thumb Code    92  stm32f1xx_hal_tim_ex.o(i.HAL_TIMEx_MasterConfigSynchronization)
    HAL_TIM_Base_Init                        0x08002641   Thumb Code    90  stm32f1xx_hal_tim.o(i.HAL_TIM_Base_Init)
    HAL_TIM_Base_MspInit                     0x0800269d   Thumb Code    50  tim.o(i.HAL_TIM_Base_MspInit)
    HAL_TIM_Base_Start_IT                    0x080026d9   Thumb Code    76  stm32f1xx_hal_tim.o(i.HAL_TIM_Base_Start_IT)
    HAL_TIM_ConfigClockSource                0x08002731   Thumb Code   220  stm32f1xx_hal_tim.o(i.HAL_TIM_ConfigClockSource)
    HAL_TIM_ErrorCallback                    0x0800280d   Thumb Code     2  stm32f1xx_hal_tim.o(i.HAL_TIM_ErrorCallback)
    HAL_TIM_IC_CaptureCallback               0x0800280f   Thumb Code     2  stm32f1xx_hal_tim.o(i.HAL_TIM_IC_CaptureCallback)
    HAL_TIM_IRQHandler                       0x08002811   Thumb Code   358  stm32f1xx_hal_tim.o(i.HAL_TIM_IRQHandler)
    HAL_TIM_MspPostInit                      0x08002979   Thumb Code    98  tim.o(i.HAL_TIM_MspPostInit)
    HAL_TIM_OC_DelayElapsedCallback          0x080029ed   Thumb Code     2  stm32f1xx_hal_tim.o(i.HAL_TIM_OC_DelayElapsedCallback)
    HAL_TIM_PWM_ConfigChannel                0x080029ef   Thumb Code   204  stm32f1xx_hal_tim.o(i.HAL_TIM_PWM_ConfigChannel)
    HAL_TIM_PWM_Init                         0x08002abb   Thumb Code    90  stm32f1xx_hal_tim.o(i.HAL_TIM_PWM_Init)
    HAL_TIM_PWM_MspInit                      0x08002b15   Thumb Code   178  tim.o(i.HAL_TIM_PWM_MspInit)
    HAL_TIM_PWM_PulseFinishedCallback        0x08002bd9   Thumb Code   282  interrupt.o(i.HAL_TIM_PWM_PulseFinishedCallback)
    HAL_TIM_PWM_PulseFinishedHalfCpltCallback 0x08002d35   Thumb Code     2  stm32f1xx_hal_tim.o(i.HAL_TIM_PWM_PulseFinishedHalfCpltCallback)
    HAL_TIM_PWM_Start_DMA                    0x08002d39   Thumb Code   378  stm32f1xx_hal_tim.o(i.HAL_TIM_PWM_Start_DMA)
    HAL_TIM_PWM_Stop_DMA                     0x08002ecd   Thumb Code   190  stm32f1xx_hal_tim.o(i.HAL_TIM_PWM_Stop_DMA)
    HAL_TIM_PeriodElapsedCallback            0x08002f91   Thumb Code    14  interrupt.o(i.HAL_TIM_PeriodElapsedCallback)
    HAL_TIM_TriggerCallback                  0x08002fa5   Thumb Code     2  stm32f1xx_hal_tim.o(i.HAL_TIM_TriggerCallback)
    HAL_UARTEx_RxEventCallback               0x08002fa7   Thumb Code     2  stm32f1xx_hal_uart.o(i.HAL_UARTEx_RxEventCallback)
    HAL_UART_ErrorCallback                   0x08002fa9   Thumb Code     2  stm32f1xx_hal_uart.o(i.HAL_UART_ErrorCallback)
    HAL_UART_IRQHandler                      0x08002fad   Thumb Code   616  stm32f1xx_hal_uart.o(i.HAL_UART_IRQHandler)
    HAL_UART_Init                            0x08003219   Thumb Code   100  stm32f1xx_hal_uart.o(i.HAL_UART_Init)
    HAL_UART_MspInit                         0x0800327d   Thumb Code   226  usart.o(i.HAL_UART_MspInit)
    HAL_UART_Receive_IT                      0x08003379   Thumb Code    28  stm32f1xx_hal_uart.o(i.HAL_UART_Receive_IT)
    HAL_UART_RxCpltCallback                  0x08003395   Thumb Code   120  interrupt.o(i.HAL_UART_RxCpltCallback)
    HAL_UART_Transmit                        0x0800342d   Thumb Code   154  stm32f1xx_hal_uart.o(i.HAL_UART_Transmit)
    HAL_UART_TxCpltCallback                  0x080034c7   Thumb Code     2  stm32f1xx_hal_uart.o(i.HAL_UART_TxCpltCallback)
    HardFault_Handler                        0x080034c9   Thumb Code     2  stm32f1xx_it.o(i.HardFault_Handler)
    IS_DEBUG                                 0x08003809   Thumb Code   108  mainloop.o(i.IS_DEBUG)
    MX_DMA_Init                              0x080038dd   Thumb Code    72  dma.o(i.MX_DMA_Init)
    MX_GPIO_Init                             0x08003929   Thumb Code   242  gpio.o(i.MX_GPIO_Init)
    MX_I2C1_Init                             0x08003a2d   Thumb Code    50  i2c.o(i.MX_I2C1_Init)
    MX_I2C2_Init                             0x08003a6d   Thumb Code    50  i2c.o(i.MX_I2C2_Init)
    MX_SPI2_Init                             0x08003aad   Thumb Code    62  spi.o(i.MX_SPI2_Init)
    MX_TIM1_Init                             0x08003af5   Thumb Code    98  tim.o(i.MX_TIM1_Init)
    MX_TIM2_Init                             0x08003b61   Thumb Code   106  tim.o(i.MX_TIM2_Init)
    MX_TIM3_Init                             0x08003bd1   Thumb Code   104  tim.o(i.MX_TIM3_Init)
    MX_USART1_UART_Init                      0x08003c41   Thumb Code    48  usart.o(i.MX_USART1_UART_Init)
    MX_USART2_UART_Init                      0x08003c79   Thumb Code    48  usart.o(i.MX_USART2_UART_Init)
    MemManage_Handler                        0x08003cb1   Thumb Code     2  stm32f1xx_it.o(i.MemManage_Handler)
    NMI_Handler                              0x08003cb3   Thumb Code     2  stm32f1xx_it.o(i.NMI_Handler)
    POS_2_Pulse                              0x08003cb5   Thumb Code    90  control.o(i.POS_2_Pulse)
    PendSV_Handler                           0x08003e65   Thumb Code     2  stm32f1xx_it.o(i.PendSV_Handler)
    Position_Subdivide                       0x08003e69   Thumb Code   194  control.o(i.Position_Subdivide)
    Pulse_2_PWM                              0x08003f31   Thumb Code   290  mode.o(i.Pulse_2_PWM)
    Reset_New_Pos                            0x08004079   Thumb Code   112  mode.o(i.Reset_New_Pos)
    SParser_Init                             0x080041d1   Thumb Code   102  streamparser.o(i.SParser_Init)
    SParser_Parse                            0x08004239   Thumb Code   296  streamparser.o(i.SParser_Parse)
    SVC_Handler                              0x08004365   Thumb Code     2  stm32f1xx_it.o(i.SVC_Handler)
    Start_PWM                                0x08004369   Thumb Code    30  mode.o(i.Start_PWM)
    Step_BuffFill                            0x08004395   Thumb Code    58  stephelper.o(i.Step_BuffFill)
    Step_BuffUsedLength                      0x080043cf   Thumb Code     6  stephelper.o(i.Step_BuffUsedLength)
    Step_BufferUsed                          0x080043d5   Thumb Code    52  stephelper.o(i.Step_BufferUsed)
    Step_Center_Init                         0x08004409   Thumb Code   296  mainloop.o(i.Step_Center_Init)
    Step_FillAccelerate                      0x0800456d   Thumb Code   300  stephelper.o(i.Step_FillAccelerate)
    Step_FillConstant                        0x080046a5   Thumb Code   124  stephelper.o(i.Step_FillConstant)
    Step_FillDecelerate                      0x08004725   Thumb Code   256  stephelper.o(i.Step_FillDecelerate)
    Step_GetCurBuffer                        0x0800482d   Thumb Code    18  stephelper.o(i.Step_GetCurBuffer)
    Step_Init                                0x0800483f   Thumb Code   202  stephelper.o(i.Step_Init)
    Step_IsBuffRdy                           0x08004909   Thumb Code    10  stephelper.o(i.Step_IsBuffRdy)
    Step_Lock                                0x08004913   Thumb Code    22  stephelper.o(i.Step_Lock)
    Step_Prefill                             0x08004929   Thumb Code   164  stephelper.o(i.Step_Prefill)
    Step_Unlock                              0x080049d1   Thumb Code    24  stephelper.o(i.Step_Unlock)
    Straight_2_Sphere_Degree                 0x080049e9   Thumb Code    92  control.o(i.Straight_2_Sphere_Degree)
    SysTick_Handler                          0x08004a51   Thumb Code     4  stm32f1xx_it.o(i.SysTick_Handler)
    SystemClock_Config                       0x08004a55   Thumb Code    94  main.o(i.SystemClock_Config)
    SystemInit                               0x08004ab3   Thumb Code     2  system_stm32f1xx.o(i.SystemInit)
    TIM1_UP_IRQHandler                       0x08004ab5   Thumb Code     6  stm32f1xx_it.o(i.TIM1_UP_IRQHandler)
    TIM2_IRQHandler                          0x08004ac1   Thumb Code     6  stm32f1xx_it.o(i.TIM2_IRQHandler)
    TIM3_IRQHandler                          0x08004acd   Thumb Code     6  stm32f1xx_it.o(i.TIM3_IRQHandler)
    TIM_Base_SetConfig                       0x08004ad9   Thumb Code    94  stm32f1xx_hal_tim.o(i.TIM_Base_SetConfig)
    TIM_CCxChannelCmd                        0x08004b45   Thumb Code    26  stm32f1xx_hal_tim.o(i.TIM_CCxChannelCmd)
    TIM_DMADelayPulseHalfCplt                0x08004bbd   Thumb Code    56  stm32f1xx_hal_tim.o(i.TIM_DMADelayPulseHalfCplt)
    TIM_DMAError                             0x08004bf5   Thumb Code    84  stm32f1xx_hal_tim.o(i.TIM_DMAError)
    TIM_ETR_SetConfig                        0x08004c49   Thumb Code    20  stm32f1xx_hal_tim.o(i.TIM_ETR_SetConfig)
    TIM_OC2_SetConfig                        0x08004cbd   Thumb Code    84  stm32f1xx_hal_tim.o(i.TIM_OC2_SetConfig)
    UART_Start_Receive_IT                    0x08004fd1   Thumb Code    54  stm32f1xx_hal_uart.o(i.UART_Start_Receive_IT)
    UART_printf                              0x0800507f   Thumb Code    46  streamparser.o(i.UART_printf)
    USART2_IRQHandler                        0x080050ad   Thumb Code     6  stm32f1xx_it.o(i.USART2_IRQHandler)
    UsageFault_Handler                       0x080050b9   Thumb Code     2  stm32f1xx_it.o(i.UsageFault_Handler)
    __ARM_fpclassifyf                        0x080050bb   Thumb Code    38  fpclassifyf.o(i.__ARM_fpclassifyf)
    __mathlib_flt_infnan                     0x08005101   Thumb Code     6  funder.o(i.__mathlib_flt_infnan)
    __mathlib_flt_invalid                    0x08005107   Thumb Code     8  funder.o(i.__mathlib_flt_invalid)
    __mathlib_flt_underflow                  0x0800510f   Thumb Code    10  funder.o(i.__mathlib_flt_underflow)
    __mathlib_rredf2                         0x08005119   Thumb Code   344  rredf.o(i.__mathlib_rredf2)
    __scatterload_copy                       0x08005281   Thumb Code    14  handlers.o(i.__scatterload_copy)
    __scatterload_null                       0x0800528f   Thumb Code     2  handlers.o(i.__scatterload_null)
    __scatterload_zeroinit                   0x08005291   Thumb Code    14  handlers.o(i.__scatterload_zeroinit)
    __set_errno                              0x080052a1   Thumb Code     6  errno.o(i.__set_errno)
    atanf                                    0x08005fa9   Thumb Code   324  atanf.o(i.atanf)
    cosf                                     0x08006125   Thumb Code   328  cosf.o(i.cosf)
    draw                                     0x080062a1   Thumb Code   344  u8g2_oled.o(i.draw)
    led_proc                                 0x08006475   Thumb Code   134  led.o(i.led_proc)
    main                                     0x08006505   Thumb Code    54  main.o(i.main)
    main_init                                0x0800653d   Thumb Code   148  mainloop.o(i.main_init)
    mainloop                                 0x08006629   Thumb Code    18  mainloop.o(i.mainloop)
    malloc                                   0x0800663d   Thumb Code    92  malloc.o(i.malloc)
    move_mainloop                            0x080066a9   Thumb Code   116  mainloop.o(i.move_mainloop)
    myabs                                    0x0800672d   Thumb Code    12  mode.o(i.myabs)
    sprintf_                                 0x08006739   Thumb Code    28  printf.o(i.sprintf_)
    task_mainloop                            0x08006759   Thumb Code   354  mainloop.o(i.task_mainloop)
    tim_proc                                 0x080068f9   Thumb Code   110  interrupt.o(i.tim_proc)
    u8g2Init                                 0x08006975   Thumb Code    32  u8g2_oled.o(i.u8g2Init)
    u8g2_ClearBuffer                         0x080069a1   Thumb Code    18  u8g2_buffer.o(i.u8g2_ClearBuffer)
    u8g2_DrawGlyph                           0x080069b3   Thumb Code   112  u8g2_font.o(i.u8g2_DrawGlyph)
    u8g2_DrawHVLine                          0x08006a25   Thumb Code   172  u8g2_hvline.o(i.u8g2_DrawHVLine)
    u8g2_DrawLine                            0x08006ad1   Thumb Code   172  u8g2_line.o(i.u8g2_DrawLine)
    u8g2_DrawPixel                           0x08006b7d   Thumb Code    46  u8g2_hvline.o(i.u8g2_DrawPixel)
    u8g2_DrawStr                             0x08006bad   Thumb Code    12  u8g2_font.o(i.u8g2_DrawStr)
    u8g2_FirstPage                           0x08006bbd   Thumb Code    28  u8g2_buffer.o(i.u8g2_FirstPage)
    u8g2_IsIntersection                      0x08006bd9   Thumb Code    48  u8g2_intersection.o(i.u8g2_IsIntersection)
    u8g2_NextPage                            0x08006c09   Thumb Code    62  u8g2_buffer.o(i.u8g2_NextPage)
    u8g2_SetBufferCurrTileRow                0x08006c47   Thumb Code    28  u8g2_buffer.o(i.u8g2_SetBufferCurrTileRow)
    u8g2_SetFont                             0x08006c63   Thumb Code    32  u8g2_font.o(i.u8g2_SetFont)
    u8g2_SetFontPosBaseline                  0x08006c85   Thumb Code     6  u8g2_font.o(i.u8g2_SetFontPosBaseline)
    u8g2_SetMaxClipWindow                    0x08006c91   Thumb Code    28  u8g2_setup.o(i.u8g2_SetMaxClipWindow)
    u8g2_SetupBuffer                         0x08006cad   Thumb Code    66  u8g2_setup.o(i.u8g2_SetupBuffer)
    u8g2_Setup_ssd1306_128x64_noname_f       0x08006cf1   Thumb Code    42  u8g2_d_setup.o(i.u8g2_Setup_ssd1306_128x64_noname_f)
    u8g2_UpdateRefHeight                     0x08006d29   Thumb Code    82  u8g2_font.o(i.u8g2_UpdateRefHeight)
    u8g2_add_vector_x                        0x08006d7b   Thumb Code    28  u8g2_font.o(i.u8g2_add_vector_x)
    u8g2_add_vector_y                        0x08006d97   Thumb Code    28  u8g2_font.o(i.u8g2_add_vector_y)
    u8g2_draw_hv_line_2dir                   0x08006e5d   Thumb Code    18  u8g2_hvline.o(i.u8g2_draw_hv_line_2dir)
    u8g2_draw_l90_r0                         0x08006e6f   Thumb Code    12  u8g2_setup.o(i.u8g2_draw_l90_r0)
    u8g2_font_calc_vref_font                 0x08006ef1   Thumb Code     4  u8g2_font.o(i.u8g2_font_calc_vref_font)
    u8g2_font_decode_get_signed_bits         0x08006ef5   Thumb Code    20  u8g2_font.o(i.u8g2_font_decode_get_signed_bits)
    u8g2_font_decode_get_unsigned_bits       0x08006f09   Thumb Code    52  u8g2_font.o(i.u8g2_font_decode_get_unsigned_bits)
    u8g2_font_decode_glyph                   0x08006f3d   Thumb Code   276  u8g2_font.o(i.u8g2_font_decode_glyph)
    u8g2_font_decode_len                     0x08007051   Thumb Code   140  u8g2_font.o(i.u8g2_font_decode_len)
    u8g2_font_get_glyph_data                 0x080070dd   Thumb Code   114  u8g2_font.o(i.u8g2_font_get_glyph_data)
    u8g2_is_intersection_decision_tree       0x08007197   Thumb Code    24  u8g2_intersection.o(i.u8g2_is_intersection_decision_tree)
    u8g2_ll_hvline_vertical_top_lsb          0x080071b1   Thumb Code   144  u8g2_ll_hvline.o(i.u8g2_ll_hvline_vertical_top_lsb)
    u8g2_m_16_8_f                            0x08007241   Thumb Code     8  u8g2_d_memory.o(i.u8g2_m_16_8_f)
    u8g2_mainloop                            0x0800724d   Thumb Code    86  mainloop.o(i.u8g2_mainloop)
    u8g2_read_font_info                      0x080072d1   Thumb Code   106  u8g2_font.o(i.u8g2_read_font_info)
    u8g2_update_dimension_r0                 0x080073cf   Thumb Code     4  u8g2_setup.o(i.u8g2_update_dimension_r0)
    u8g2_update_page_win_r0                  0x080073d3   Thumb Code    34  u8g2_setup.o(i.u8g2_update_page_win_r0)
    u8x8_DrawTile                            0x080073f5   Thumb Code    30  u8x8_display.o(i.u8x8_DrawTile)
    u8x8_InitDisplay                         0x08007413   Thumb Code    16  u8x8_display.o(i.u8x8_InitDisplay)
    u8x8_RefreshDisplay                      0x08007423   Thumb Code    16  u8x8_display.o(i.u8x8_RefreshDisplay)
    u8x8_SetPowerSave                        0x08007433   Thumb Code    16  u8x8_display.o(i.u8x8_SetPowerSave)
    u8x8_Setup                               0x08007443   Thumb Code    34  u8x8_setup.o(i.u8x8_Setup)
    u8x8_SetupDefaults                       0x08007465   Thumb Code    32  u8x8_setup.o(i.u8x8_SetupDefaults)
    u8x8_SetupMemory                         0x08007489   Thumb Code    16  u8x8_display.o(i.u8x8_SetupMemory)
    u8x8_ascii_next                          0x08007499   Thumb Code    14  u8x8_8x8.o(i.u8x8_ascii_next)
    u8x8_byte_4wire_hw_spi                   0x080074a9   Thumb Code    58  u8g2_oled.o(i.u8x8_byte_4wire_hw_spi)
    u8x8_byte_SendByte                       0x080074ed   Thumb Code    14  u8x8_byte.o(i.u8x8_byte_SendByte)
    u8x8_byte_SetDC                          0x080074fb   Thumb Code    16  u8x8_byte.o(i.u8x8_byte_SetDC)
    u8x8_cad_001                             0x0800750b   Thumb Code    82  u8x8_cad.o(i.u8x8_cad_001)
    u8x8_cad_EndTransfer                     0x0800755d   Thumb Code    16  u8x8_cad.o(i.u8x8_cad_EndTransfer)
    u8x8_cad_SendArg                         0x0800756d   Thumb Code    16  u8x8_cad.o(i.u8x8_cad_SendArg)
    u8x8_cad_SendCmd                         0x0800757d   Thumb Code    16  u8x8_cad.o(i.u8x8_cad_SendCmd)
    u8x8_cad_SendData                        0x0800758d   Thumb Code    16  u8x8_cad.o(i.u8x8_cad_SendData)
    u8x8_cad_SendSequence                    0x0800759d   Thumb Code   104  u8x8_cad.o(i.u8x8_cad_SendSequence)
    u8x8_cad_StartTransfer                   0x08007605   Thumb Code    16  u8x8_cad.o(i.u8x8_cad_StartTransfer)
    u8x8_d_helper_display_init               0x08007615   Thumb Code    96  u8x8_display.o(i.u8x8_d_helper_display_init)
    u8x8_d_helper_display_setup_memory       0x08007675   Thumb Code    10  u8x8_display.o(i.u8x8_d_helper_display_setup_memory)
    u8x8_d_ssd1306_128x64_noname             0x08007681   Thumb Code    54  u8x8_d_ssd1306_128x64_noname.o(i.u8x8_d_ssd1306_128x64_noname)
    u8x8_dummy_cb                            0x08007785   Thumb Code     4  u8x8_setup.o(i.u8x8_dummy_cb)
    u8x8_gpio_call                           0x08007789   Thumb Code    12  u8x8_gpio.o(i.u8x8_gpio_call)
    u8x8_stm32_gpio_and_delay                0x08007795   Thumb Code    46  u8g2_oled.o(i.u8x8_stm32_gpio_and_delay)
    u8x8_utf8_init                           0x080077c9   Thumb Code     8  u8x8_8x8.o(i.u8x8_utf8_init)
    vsnprintf_                               0x080077d1   Thumb Code    18  printf.o(i.vsnprintf_)
    AHBPrescTable                            0x080077fa   Data          16  system_stm32f1xx.o(.constdata)
    APBPrescTable                            0x0800780a   Data           8  system_stm32f1xx.o(.constdata)
    u8g2_font_6x12_tf                        0x08007812   Data        2025  u8g2_fonts.o(.constdata)
    u8g2_cb_r0                               0x08007ffc   Data          12  u8g2_setup.o(.constdata)
    Region$$Table$$Base                      0x080081ec   Number         0  anon$$obj.o(Region$$Table)
    Region$$Table$$Limit                     0x0800820c   Number         0  anon$$obj.o(Region$$Table)
    uwTickFreq                               0x20000000   Data           1  stm32f1xx_hal.o(.data)
    uwTickPrio                               0x20000004   Data           4  stm32f1xx_hal.o(.data)
    uwTick                                   0x20000008   Data           4  stm32f1xx_hal.o(.data)
    SystemCoreClock                          0x2000000c   Data           4  system_stm32f1xx.o(.data)
    Mode                                     0x20000010   Data           1  mainloop.o(.data)
    Re_Start_Flag                            0x20000011   Data           1  mainloop.o(.data)
    Start_cnt                                0x20000012   Data           1  mainloop.o(.data)
    f_50ms_oled                              0x20000014   Data           1  interrupt.o(.data)
    Uart_RX_Flag                             0x20000015   Data           1  interrupt.o(.data)
    angle_y                                  0x2000001c   Data           4  interrupt.o(.data)
    angle_x                                  0x20000020   Data           4  interrupt.o(.data)
    AT24_RD_Flag                             0x20000030   Data           1  at24.o(.data)
    LED_R                                    0x20000031   Data           1  led.o(.data)
    LED_B                                    0x20000032   Data           1  led.o(.data)
    LED_G                                    0x20000033   Data           1  led.o(.data)
    UART2_Rx                                 0x20000034   Data           1  streamparser.o(.data)
    databuff                                 0x20000038   Data         160  streamparser.o(.data)
    fmtStr                                   0x200000d8   Data           4  streamparser.o(.data)
    angle_prev                               0x200000e8   Data           4  as5600.o(.data)
    full_rotations                           0x200000ec   Data           4  as5600.o(.data)
    Step_X_Flag                              0x200000f0   Data           1  mode.o(.data)
    Step_Y_Flag                              0x200000f1   Data           1  mode.o(.data)
    Track_CNT                                0x200000f2   Data           2  mode.o(.data)
    POS_X_Lazer_Cent                         0x200000f4   Data           2  mode.o(.data)
    POS_Y_Lazer_Cent                         0x200000f6   Data           2  mode.o(.data)
    POS_X_Cur                                0x200000f8   Data           2  mode.o(.data)
    POS_Y_Cur                                0x200000fa   Data           2  mode.o(.data)
    POS_X_Tar                                0x200000fc   Data           2  mode.o(.data)
    POS_Y_Tar                                0x200000fe   Data           2  mode.o(.data)
    Pulse_X_Num                              0x20000100   Data           2  mode.o(.data)
    Pulse_Y_Num                              0x20000102   Data           2  mode.o(.data)
    Pulse_Time                               0x20000104   Data           2  mode.o(.data)
    Pulse_Time_Real                          0x20000106   Data           2  mode.o(.data)
    Screen_Dis_R                             0x20000108   Data           2  mode.o(.data)
    Screen_Dis                               0x2000010a   Data           2  mode.o(.data)
    Mode_1_XY                                0x2000010c   Data           2  mode.o(.data)
    Edge_POS                                 0x2000010e   Data          16  mode.o(.data)
    Box_POS                                  0x2000011e   Data          16  mode.o(.data)
    Track_Flag                               0x2000012e   Data           2  mode.o(.data)
    IMG_Chose                                0x20000130   Data           2  mode.o(.data)
    Pulse_X_CNT                              0x20000132   Data           2  mode.o(.data)
    Pulse_Y_CNT                              0x20000134   Data           2  mode.o(.data)
    Stop_Flag                                0x20000136   Data           1  mode.o(.data)
    Mode4_RX_Flag                            0x20000137   Data           1  mode.o(.data)
    Step_To_Go_X                             0x20000138   Data           4  mode.o(.data)
    Step_To_Go_Y                             0x2000013c   Data           4  mode.o(.data)
    Step_To_Go_Flag                          0x20000140   Data           1  mode.o(.data)
    __microlib_freelist                      0x20000144   Data           4  mvars.o(.data)
    __microlib_freelist_initialised          0x20000148   Data           4  mvars.o(.data)
    hi2c1                                    0x20000150   Data          84  i2c.o(.bss)
    hi2c2                                    0x200001a4   Data          84  i2c.o(.bss)
    hspi2                                    0x200001f8   Data          88  spi.o(.bss)
    htim1                                    0x20000250   Data          72  tim.o(.bss)
    htim2                                    0x20000298   Data          72  tim.o(.bss)
    htim3                                    0x200002e0   Data          72  tim.o(.bss)
    hdma_tim2_ch1                            0x20000328   Data          68  tim.o(.bss)
    hdma_tim3_ch4_up                         0x2000036c   Data          68  tim.o(.bss)
    huart1                                   0x200003b0   Data          72  usart.o(.bss)
    huart2                                   0x200003f8   Data          72  usart.o(.bss)
    hdma_usart2_rx                           0x20000440   Data          68  usart.o(.bss)
    u8g2                                     0x20000a04   Data         148  mainloop.o(.bss)
    Key_0                                    0x20000a98   Data          32  comkey.o(.bss)
    Key_1                                    0x20000ab8   Data          32  comkey.o(.bss)
    Key_2                                    0x20000ad8   Data          32  comkey.o(.bss)
    Key_3                                    0x20000af8   Data          32  comkey.o(.bss)
    Key_4                                    0x20000b18   Data          32  comkey.o(.bss)
    Buffer1                                  0x20000b38   Data          32  u8g2_oled.o(.bss)
    parser                                   0x20000b58   Data          64  streamparser.o(.bss)
    buffList                                 0x20000b98   Data         256  streamparser.o(.bss)
    as5600_X                                 0x20000c98   Data          92  as5600.o(.bss)
    Rex_POS                                  0x20000cf4   Data          36  mode.o(.bss)
    stepX                                    0x20000d18   Data         856  mode.o(.bss)
    stepY                                    0x20001070   Data         856  mode.o(.bss)
    Track_POS                                0x200013c8   Data         164  mode.o(.bss)
    __heap_base                              0x20001470   Data           0  startup_stm32f103xb.o(HEAP)
    __heap_limit                             0x20001670   Data           0  startup_stm32f103xb.o(HEAP)
    __initial_sp                             0x20001a70   Data           0  startup_stm32f103xb.o(STACK)



==============================================================================

Memory Map of the image

  Image Entry point : 0x080000ed

  Load Region LR_IROM1 (Base: 0x08000000, Size: 0x0000835c, Max: 0x00010000, ABSOLUTE, COMPRESSED[0x00008270])

    Execution Region ER_IROM1 (Exec base: 0x08000000, Load base: 0x08000000, Size: 0x0000820c, Max: 0x00010000, ABSOLUTE)

    Exec Addr    Load Addr    Size         Type   Attr      Idx    E Section Name        Object

    0x08000000   0x08000000   0x000000ec   Data   RO         3748    RESET               startup_stm32f103xb.o
    0x080000ec   0x080000ec   0x00000000   Code   RO         8958  * .ARM.Collect$$$$00000000  mc_w.l(entry.o)
    0x080000ec   0x080000ec   0x00000004   Code   RO         9060    .ARM.Collect$$$$00000001  mc_w.l(entry2.o)
    0x080000f0   0x080000f0   0x00000004   Code   RO         9063    .ARM.Collect$$$$00000004  mc_w.l(entry5.o)
    0x080000f4   0x080000f4   0x00000000   Code   RO         9065    .ARM.Collect$$$$00000008  mc_w.l(entry7b.o)
    0x080000f4   0x080000f4   0x00000000   Code   RO         9067    .ARM.Collect$$$$0000000A  mc_w.l(entry8b.o)
    0x080000f4   0x080000f4   0x00000008   Code   RO         9068    .ARM.Collect$$$$0000000B  mc_w.l(entry9a.o)
    0x080000fc   0x080000fc   0x00000004   Code   RO         9075    .ARM.Collect$$$$0000000E  mc_w.l(entry12b.o)
    0x08000100   0x08000100   0x00000000   Code   RO         9070    .ARM.Collect$$$$0000000F  mc_w.l(entry10a.o)
    0x08000100   0x08000100   0x00000000   Code   RO         9072    .ARM.Collect$$$$00000011  mc_w.l(entry11a.o)
    0x08000100   0x08000100   0x00000004   Code   RO         9061    .ARM.Collect$$$$00002712  mc_w.l(entry2.o)
    0x08000104   0x08000104   0x00000024   Code   RO         3749    .text               startup_stm32f103xb.o
    0x08000128   0x08000128   0x00000062   Code   RO         8961    .text               mc_w.l(uldiv.o)
    0x0800018a   0x0800018a   0x00000020   Code   RO         8963    .text               mc_w.l(llushr.o)
    0x080001aa   0x080001aa   0x00000024   Code   RO         8965    .text               mc_w.l(memseta.o)
    0x080001ce   0x080001ce   0x0000000e   Code   RO         8967    .text               mc_w.l(strlen.o)
    0x080001dc   0x080001dc   0x000000b0   Code   RO         8997    .text               mf_w.l(fadd.o)
    0x0800028c   0x0800028c   0x00000064   Code   RO         8999    .text               mf_w.l(fmul.o)
    0x080002f0   0x080002f0   0x0000007c   Code   RO         9001    .text               mf_w.l(fdiv.o)
    0x0800036c   0x0800036c   0x00000018   Code   RO         9003    .text               mf_w.l(fscalb.o)
    0x08000384   0x08000384   0x0000014e   Code   RO         9005    .text               mf_w.l(dadd.o)
    0x080004d2   0x080004d2   0x000000e4   Code   RO         9007    .text               mf_w.l(dmul.o)
    0x080005b6   0x080005b6   0x000000de   Code   RO         9009    .text               mf_w.l(ddiv.o)
    0x08000694   0x08000694   0x0000002e   Code   RO         9011    .text               mf_w.l(dscalb.o)
    0x080006c2   0x080006c2   0x00000012   Code   RO         9013    .text               mf_w.l(fflti.o)
    0x080006d4   0x080006d4   0x0000000a   Code   RO         9015    .text               mf_w.l(ffltui.o)
    0x080006de   0x080006de   0x00000022   Code   RO         9017    .text               mf_w.l(dflti.o)
    0x08000700   0x08000700   0x0000001a   Code   RO         9019    .text               mf_w.l(dfltui.o)
    0x0800071a   0x0800071a   0x00000032   Code   RO         9021    .text               mf_w.l(ffixi.o)
    0x0800074c   0x0800074c   0x00000028   Code   RO         9023    .text               mf_w.l(ffixui.o)
    0x08000774   0x08000774   0x0000003e   Code   RO         9025    .text               mf_w.l(dfixi.o)
    0x080007b2   0x080007b2   0x00000032   Code   RO         9027    .text               mf_w.l(dfixui.o)
    0x080007e4   0x080007e4   0x00000026   Code   RO         9029    .text               mf_w.l(f2d.o)
    0x0800080a   0x0800080a   0x00000002   PAD
    0x0800080c   0x0800080c   0x00000030   Code   RO         9031    .text               mf_w.l(cdcmple.o)
    0x0800083c   0x0800083c   0x00000030   Code   RO         9033    .text               mf_w.l(cdrcmple.o)
    0x0800086c   0x0800086c   0x00000038   Code   RO         9035    .text               mf_w.l(d2f.o)
    0x080008a4   0x080008a4   0x00000014   Code   RO         9037    .text               mf_w.l(cfcmple.o)
    0x080008b8   0x080008b8   0x00000014   Code   RO         9039    .text               mf_w.l(cfrcmple.o)
    0x080008cc   0x080008cc   0x0000001e   Code   RO         9076    .text               mc_w.l(llshl.o)
    0x080008ea   0x080008ea   0x00000024   Code   RO         9078    .text               mc_w.l(llsshr.o)
    0x0800090e   0x0800090e   0x00000000   Code   RO         9093    .text               mc_w.l(iusefp.o)
    0x0800090e   0x0800090e   0x0000006e   Code   RO         9094    .text               mf_w.l(fepilogue.o)
    0x0800097c   0x0800097c   0x0000003c   Code   RO         9096    .text               mf_w.l(frnd.o)
    0x080009b8   0x080009b8   0x000000ba   Code   RO         9098    .text               mf_w.l(depilogue.o)
    0x08000a72   0x08000a72   0x00000002   PAD
    0x08000a74   0x08000a74   0x00000024   Code   RO         9100    .text               mc_w.l(init.o)
    0x08000a98   0x08000a98   0x00000056   Code   RO         9110    .text               mc_w.l(__dczerorl2.o)
    0x08000aee   0x08000aee   0x00000002   PAD
    0x08000af0   0x08000af0   0x0000002c   Code   RO         8643    i.AS5600_Read_Reg   as5600.o
    0x08000b1c   0x08000b1c   0x00000002   Code   RO          499    i.BusFault_Handler  stm32f1xx_it.o
    0x08000b1e   0x08000b1e   0x00000002   Code   RO         8243    i.ComKey_FirstLongTriggerCallback  comkey.o
    0x08000b20   0x08000b20   0x000000d0   Code   RO         8244    i.ComKey_GetValue   comkey.o
    0x08000bf0   0x08000bf0   0x0000007c   Code   RO         7900    i.ComKey_HoldTriggerCallback  mainloop.o
    0x08000c6c   0x08000c6c   0x00000020   Code   RO         8246    i.ComKey_Init       comkey.o
    0x08000c8c   0x08000c8c   0x00000002   Code   RO         8247    i.ComKey_KeyPressCallback  comkey.o
    0x08000c8e   0x08000c8e   0x00000002   Code   RO         8248    i.ComKey_KeyReleaseCallback  comkey.o
    0x08000c90   0x08000c90   0x00000002   Code   RO         8249    i.ComKey_LongHoldCallback  comkey.o
    0x08000c92   0x08000c92   0x00000002   PAD
    0x08000c94   0x08000c94   0x000004a8   Code   RO         7901    i.ComKey_MultipleClickCallback  mainloop.o
    0x0800113c   0x0800113c   0x000000f4   Code   RO         8251    i.ComKey_Porc       comkey.o
    0x08001230   0x08001230   0x00000030   Code   RO         8572    i.CompareString     streamparser.o
    0x08001260   0x08001260   0x0000000c   Code   RO          500    i.DMA1_Channel3_IRQHandler  stm32f1xx_it.o
    0x0800126c   0x0800126c   0x0000000c   Code   RO          501    i.DMA1_Channel5_IRQHandler  stm32f1xx_it.o
    0x08001278   0x08001278   0x0000000c   Code   RO          502    i.DMA1_Channel6_IRQHandler  stm32f1xx_it.o
    0x08001284   0x08001284   0x0000002a   Code   RO         1494    i.DMA_SetConfig     stm32f1xx_hal_dma.o
    0x080012ae   0x080012ae   0x00000002   Code   RO          503    i.DebugMon_Handler  stm32f1xx_it.o
    0x080012b0   0x080012b0   0x00000004   Code   RO            4    i.Error_Handler     main.o
    0x080012b4   0x080012b4   0x00000054   Code   RO         8644    i.GetAngle          as5600.o
    0x08001308   0x08001308   0x00000058   Code   RO         8645    i.GetAngle_Without_Track  as5600.o
    0x08001360   0x08001360   0x00000046   Code   RO         1495    i.HAL_DMA_Abort     stm32f1xx_hal_dma.o
    0x080013a6   0x080013a6   0x00000002   PAD
    0x080013a8   0x080013a8   0x00000098   Code   RO         1496    i.HAL_DMA_Abort_IT  stm32f1xx_hal_dma.o
    0x08001440   0x08001440   0x00000154   Code   RO         1500    i.HAL_DMA_IRQHandler  stm32f1xx_hal_dma.o
    0x08001594   0x08001594   0x0000005c   Code   RO         1501    i.HAL_DMA_Init      stm32f1xx_hal_dma.o
    0x080015f0   0x080015f0   0x00000070   Code   RO         1505    i.HAL_DMA_Start_IT  stm32f1xx_hal_dma.o
    0x08001660   0x08001660   0x00000024   Code   RO         1121    i.HAL_Delay         stm32f1xx_hal.o
    0x08001684   0x08001684   0x000001e0   Code   RO         1431    i.HAL_GPIO_Init     stm32f1xx_hal_gpio.o
    0x08001864   0x08001864   0x0000000a   Code   RO         1433    i.HAL_GPIO_ReadPin  stm32f1xx_hal_gpio.o
    0x0800186e   0x0800186e   0x00000010   Code   RO         1434    i.HAL_GPIO_TogglePin  stm32f1xx_hal_gpio.o
    0x0800187e   0x0800187e   0x0000000a   Code   RO         1435    i.HAL_GPIO_WritePin  stm32f1xx_hal_gpio.o
    0x08001888   0x08001888   0x0000000c   Code   RO         1125    i.HAL_GetTick       stm32f1xx_hal.o
    0x08001894   0x08001894   0x00000188   Code   RO          688    i.HAL_I2C_Init      stm32f1xx_hal_i2c.o
    0x08001a1c   0x08001a1c   0x00000250   Code   RO          706    i.HAL_I2C_Mem_Read  stm32f1xx_hal_i2c.o
    0x08001c6c   0x08001c6c   0x00000098   Code   RO          290    i.HAL_I2C_MspInit   i2c.o
    0x08001d04   0x08001d04   0x00000010   Code   RO         1131    i.HAL_IncTick       stm32f1xx_hal.o
    0x08001d14   0x08001d14   0x00000024   Code   RO         1132    i.HAL_Init          stm32f1xx_hal.o
    0x08001d38   0x08001d38   0x00000040   Code   RO         1133    i.HAL_InitTick      stm32f1xx_hal.o
    0x08001d78   0x08001d78   0x00000044   Code   RO          617    i.HAL_MspInit       stm32f1xx_hal_msp.o
    0x08001dbc   0x08001dbc   0x0000001a   Code   RO         1591    i.HAL_NVIC_EnableIRQ  stm32f1xx_hal_cortex.o
    0x08001dd6   0x08001dd6   0x00000002   PAD
    0x08001dd8   0x08001dd8   0x00000040   Code   RO         1597    i.HAL_NVIC_SetPriority  stm32f1xx_hal_cortex.o
    0x08001e18   0x08001e18   0x00000024   Code   RO         1598    i.HAL_NVIC_SetPriorityGrouping  stm32f1xx_hal_cortex.o
    0x08001e3c   0x08001e3c   0x0000012c   Code   RO         1289    i.HAL_RCC_ClockConfig  stm32f1xx_hal_rcc.o
    0x08001f68   0x08001f68   0x00000020   Code   RO         1296    i.HAL_RCC_GetPCLK1Freq  stm32f1xx_hal_rcc.o
    0x08001f88   0x08001f88   0x00000020   Code   RO         1297    i.HAL_RCC_GetPCLK2Freq  stm32f1xx_hal_rcc.o
    0x08001fa8   0x08001fa8   0x0000004c   Code   RO         1298    i.HAL_RCC_GetSysClockFreq  stm32f1xx_hal_rcc.o
    0x08001ff4   0x08001ff4   0x00000320   Code   RO         1301    i.HAL_RCC_OscConfig  stm32f1xx_hal_rcc.o
    0x08002314   0x08002314   0x000000b2   Code   RO         2102    i.HAL_SPI_Init      stm32f1xx_hal_spi.o
    0x080023c6   0x080023c6   0x00000002   PAD
    0x080023c8   0x080023c8   0x00000074   Code   RO          338    i.HAL_SPI_MspInit   spi.o
    0x0800243c   0x0800243c   0x0000016e   Code   RO         2110    i.HAL_SPI_Transmit  stm32f1xx_hal_spi.o
    0x080025aa   0x080025aa   0x00000028   Code   RO         1602    i.HAL_SYSTICK_Config  stm32f1xx_hal_cortex.o
    0x080025d2   0x080025d2   0x00000002   Code   RO         3119    i.HAL_TIMEx_BreakCallback  stm32f1xx_hal_tim_ex.o
    0x080025d4   0x080025d4   0x00000002   Code   RO         3120    i.HAL_TIMEx_CommutCallback  stm32f1xx_hal_tim_ex.o
    0x080025d6   0x080025d6   0x00000002   PAD
    0x080025d8   0x080025d8   0x00000068   Code   RO         3138    i.HAL_TIMEx_MasterConfigSynchronization  stm32f1xx_hal_tim_ex.o
    0x08002640   0x08002640   0x0000005a   Code   RO         2415    i.HAL_TIM_Base_Init  stm32f1xx_hal_tim.o
    0x0800269a   0x0800269a   0x00000002   PAD
    0x0800269c   0x0800269c   0x0000003c   Code   RO          380    i.HAL_TIM_Base_MspInit  tim.o
    0x080026d8   0x080026d8   0x00000058   Code   RO         2420    i.HAL_TIM_Base_Start_IT  stm32f1xx_hal_tim.o
    0x08002730   0x08002730   0x000000dc   Code   RO         2424    i.HAL_TIM_ConfigClockSource  stm32f1xx_hal_tim.o
    0x0800280c   0x0800280c   0x00000002   Code   RO         2445    i.HAL_TIM_ErrorCallback  stm32f1xx_hal_tim.o
    0x0800280e   0x0800280e   0x00000002   Code   RO         2449    i.HAL_TIM_IC_CaptureCallback  stm32f1xx_hal_tim.o
    0x08002810   0x08002810   0x00000166   Code   RO         2463    i.HAL_TIM_IRQHandler  stm32f1xx_hal_tim.o
    0x08002976   0x08002976   0x00000002   PAD
    0x08002978   0x08002978   0x00000074   Code   RO          381    i.HAL_TIM_MspPostInit  tim.o
    0x080029ec   0x080029ec   0x00000002   Code   RO         2466    i.HAL_TIM_OC_DelayElapsedCallback  stm32f1xx_hal_tim.o
    0x080029ee   0x080029ee   0x000000cc   Code   RO         2487    i.HAL_TIM_PWM_ConfigChannel  stm32f1xx_hal_tim.o
    0x08002aba   0x08002aba   0x0000005a   Code   RO         2490    i.HAL_TIM_PWM_Init  stm32f1xx_hal_tim.o
    0x08002b14   0x08002b14   0x000000c4   Code   RO          383    i.HAL_TIM_PWM_MspInit  tim.o
    0x08002bd8   0x08002bd8   0x0000015c   Code   RO         8036    i.HAL_TIM_PWM_PulseFinishedCallback  interrupt.o
    0x08002d34   0x08002d34   0x00000002   Code   RO         2494    i.HAL_TIM_PWM_PulseFinishedHalfCpltCallback  stm32f1xx_hal_tim.o
    0x08002d36   0x08002d36   0x00000002   PAD
    0x08002d38   0x08002d38   0x00000194   Code   RO         2496    i.HAL_TIM_PWM_Start_DMA  stm32f1xx_hal_tim.o
    0x08002ecc   0x08002ecc   0x000000c4   Code   RO         2499    i.HAL_TIM_PWM_Stop_DMA  stm32f1xx_hal_tim.o
    0x08002f90   0x08002f90   0x00000014   Code   RO         8037    i.HAL_TIM_PeriodElapsedCallback  interrupt.o
    0x08002fa4   0x08002fa4   0x00000002   Code   RO         2506    i.HAL_TIM_TriggerCallback  stm32f1xx_hal_tim.o
    0x08002fa6   0x08002fa6   0x00000002   Code   RO         3398    i.HAL_UARTEx_RxEventCallback  stm32f1xx_hal_uart.o
    0x08002fa8   0x08002fa8   0x00000002   Code   RO         3412    i.HAL_UART_ErrorCallback  stm32f1xx_hal_uart.o
    0x08002faa   0x08002faa   0x00000002   PAD
    0x08002fac   0x08002fac   0x0000026c   Code   RO         3415    i.HAL_UART_IRQHandler  stm32f1xx_hal_uart.o
    0x08003218   0x08003218   0x00000064   Code   RO         3416    i.HAL_UART_Init     stm32f1xx_hal_uart.o
    0x0800327c   0x0800327c   0x000000fc   Code   RO          452    i.HAL_UART_MspInit  usart.o
    0x08003378   0x08003378   0x0000001c   Code   RO         3421    i.HAL_UART_Receive_IT  stm32f1xx_hal_uart.o
    0x08003394   0x08003394   0x00000098   Code   RO         8038    i.HAL_UART_RxCpltCallback  interrupt.o
    0x0800342c   0x0800342c   0x0000009a   Code   RO         3424    i.HAL_UART_Transmit  stm32f1xx_hal_uart.o
    0x080034c6   0x080034c6   0x00000002   Code   RO         3427    i.HAL_UART_TxCpltCallback  stm32f1xx_hal_uart.o
    0x080034c8   0x080034c8   0x00000002   Code   RO          504    i.HardFault_Handler  stm32f1xx_it.o
    0x080034ca   0x080034ca   0x0000002e   Code   RO          731    i.I2C_IsAcknowledgeFailed  stm32f1xx_hal_i2c.o
    0x080034f8   0x080034f8   0x000000fc   Code   RO          741    i.I2C_RequestMemoryRead  stm32f1xx_hal_i2c.o
    0x080035f4   0x080035f4   0x00000090   Code   RO          747    i.I2C_WaitOnFlagUntilTimeout  stm32f1xx_hal_i2c.o
    0x08003684   0x08003684   0x000000bc   Code   RO          748    i.I2C_WaitOnMasterAddressFlagUntilTimeout  stm32f1xx_hal_i2c.o
    0x08003740   0x08003740   0x00000070   Code   RO          749    i.I2C_WaitOnRXNEFlagUntilTimeout  stm32f1xx_hal_i2c.o
    0x080037b0   0x080037b0   0x00000056   Code   RO          750    i.I2C_WaitOnTXEFlagUntilTimeout  stm32f1xx_hal_i2c.o
    0x08003806   0x08003806   0x00000002   PAD
    0x08003808   0x08003808   0x000000d4   Code   RO         7902    i.IS_DEBUG          mainloop.o
    0x080038dc   0x080038dc   0x0000004c   Code   RO          265    i.MX_DMA_Init       dma.o
    0x08003928   0x08003928   0x00000104   Code   RO          241    i.MX_GPIO_Init      gpio.o
    0x08003a2c   0x08003a2c   0x00000040   Code   RO          291    i.MX_I2C1_Init      i2c.o
    0x08003a6c   0x08003a6c   0x00000040   Code   RO          292    i.MX_I2C2_Init      i2c.o
    0x08003aac   0x08003aac   0x00000048   Code   RO          339    i.MX_SPI2_Init      spi.o
    0x08003af4   0x08003af4   0x0000006c   Code   RO          384    i.MX_TIM1_Init      tim.o
    0x08003b60   0x08003b60   0x00000070   Code   RO          385    i.MX_TIM2_Init      tim.o
    0x08003bd0   0x08003bd0   0x00000070   Code   RO          386    i.MX_TIM3_Init      tim.o
    0x08003c40   0x08003c40   0x00000038   Code   RO          453    i.MX_USART1_UART_Init  usart.o
    0x08003c78   0x08003c78   0x00000038   Code   RO          454    i.MX_USART2_UART_Init  usart.o
    0x08003cb0   0x08003cb0   0x00000002   Code   RO          505    i.MemManage_Handler  stm32f1xx_it.o
    0x08003cb2   0x08003cb2   0x00000002   Code   RO          506    i.NMI_Handler       stm32f1xx_it.o
    0x08003cb4   0x08003cb4   0x00000060   Code   RO         8795    i.POS_2_Pulse       control.o
    0x08003d14   0x08003d14   0x00000098   Code   RO         8573    i.Parse_Float       streamparser.o
    0x08003dac   0x08003dac   0x00000056   Code   RO         8574    i.Parse_Intenger    streamparser.o
    0x08003e02   0x08003e02   0x00000002   PAD
    0x08003e04   0x08003e04   0x00000060   Code   RO         8575    i.Parse_String      streamparser.o
    0x08003e64   0x08003e64   0x00000002   Code   RO          507    i.PendSV_Handler    stm32f1xx_it.o
    0x08003e66   0x08003e66   0x00000002   PAD
    0x08003e68   0x08003e68   0x000000c8   Code   RO         8796    i.Position_Subdivide  control.o
    0x08003f30   0x08003f30   0x00000148   Code   RO         8839    i.Pulse_2_PWM       mode.o
    0x08004078   0x08004078   0x00000080   Code   RO         8840    i.Reset_New_Pos     mode.o
    0x080040f8   0x080040f8   0x00000020   Code   RO         2140    i.SPI_EndRxTxTransaction  stm32f1xx_hal_spi.o
    0x08004118   0x08004118   0x000000b8   Code   RO         2145    i.SPI_WaitFlagStateUntilTimeout  stm32f1xx_hal_spi.o
    0x080041d0   0x080041d0   0x00000066   Code   RO         8576    i.SParser_Init      streamparser.o
    0x08004236   0x08004236   0x00000002   PAD
    0x08004238   0x08004238   0x0000012c   Code   RO         8577    i.SParser_Parse     streamparser.o
    0x08004364   0x08004364   0x00000002   Code   RO          508    i.SVC_Handler       stm32f1xx_it.o
    0x08004366   0x08004366   0x00000002   PAD
    0x08004368   0x08004368   0x0000002c   Code   RO         8841    i.Start_PWM         mode.o
    0x08004394   0x08004394   0x0000003a   Code   RO         8691    i.Step_BuffFill     stephelper.o
    0x080043ce   0x080043ce   0x00000006   Code   RO         8778    i.Step_BuffUsedLength  stephelper.o
    0x080043d4   0x080043d4   0x00000034   Code   RO         8692    i.Step_BufferUsed   stephelper.o
    0x08004408   0x08004408   0x00000164   Code   RO         7903    i.Step_Center_Init  mainloop.o
    0x0800456c   0x0800456c   0x00000138   Code   RO         8693    i.Step_FillAccelerate  stephelper.o
    0x080046a4   0x080046a4   0x00000080   Code   RO         8694    i.Step_FillConstant  stephelper.o
    0x08004724   0x08004724   0x00000108   Code   RO         8695    i.Step_FillDecelerate  stephelper.o
    0x0800482c   0x0800482c   0x00000012   Code   RO         8696    i.Step_GetCurBuffer  stephelper.o
    0x0800483e   0x0800483e   0x000000ca   Code   RO         8698    i.Step_Init         stephelper.o
    0x08004908   0x08004908   0x0000000a   Code   RO         8772    i.Step_IsBuffRdy    stephelper.o
    0x08004912   0x08004912   0x00000016   Code   RO         8699    i.Step_Lock         stephelper.o
    0x08004928   0x08004928   0x000000a8   Code   RO         8700    i.Step_Prefill      stephelper.o
    0x080049d0   0x080049d0   0x00000018   Code   RO         8701    i.Step_Unlock       stephelper.o
    0x080049e8   0x080049e8   0x00000068   Code   RO         8797    i.Straight_2_Sphere_Degree  control.o
    0x08004a50   0x08004a50   0x00000004   Code   RO          509    i.SysTick_Handler   stm32f1xx_it.o
    0x08004a54   0x08004a54   0x0000005e   Code   RO            5    i.SystemClock_Config  main.o
    0x08004ab2   0x08004ab2   0x00000002   Code   RO         3757    i.SystemInit        system_stm32f1xx.o
    0x08004ab4   0x08004ab4   0x0000000c   Code   RO          510    i.TIM1_UP_IRQHandler  stm32f1xx_it.o
    0x08004ac0   0x08004ac0   0x0000000c   Code   RO          511    i.TIM2_IRQHandler   stm32f1xx_it.o
    0x08004acc   0x08004acc   0x0000000c   Code   RO          512    i.TIM3_IRQHandler   stm32f1xx_it.o
    0x08004ad8   0x08004ad8   0x0000006c   Code   RO         2508    i.TIM_Base_SetConfig  stm32f1xx_hal_tim.o
    0x08004b44   0x08004b44   0x0000001a   Code   RO         2509    i.TIM_CCxChannelCmd  stm32f1xx_hal_tim.o
    0x08004b5e   0x08004b5e   0x0000005e   Code   RO         2512    i.TIM_DMADelayPulseCplt  stm32f1xx_hal_tim.o
    0x08004bbc   0x08004bbc   0x00000038   Code   RO         2513    i.TIM_DMADelayPulseHalfCplt  stm32f1xx_hal_tim.o
    0x08004bf4   0x08004bf4   0x00000054   Code   RO         2514    i.TIM_DMAError      stm32f1xx_hal_tim.o
    0x08004c48   0x08004c48   0x00000014   Code   RO         2519    i.TIM_ETR_SetConfig  stm32f1xx_hal_tim.o
    0x08004c5c   0x08004c5c   0x00000010   Code   RO         2520    i.TIM_ITRx_SetConfig  stm32f1xx_hal_tim.o
    0x08004c6c   0x08004c6c   0x00000050   Code   RO         2521    i.TIM_OC1_SetConfig  stm32f1xx_hal_tim.o
    0x08004cbc   0x08004cbc   0x00000058   Code   RO         2522    i.TIM_OC2_SetConfig  stm32f1xx_hal_tim.o
    0x08004d14   0x08004d14   0x00000058   Code   RO         2523    i.TIM_OC3_SetConfig  stm32f1xx_hal_tim.o
    0x08004d6c   0x08004d6c   0x00000044   Code   RO         2524    i.TIM_OC4_SetConfig  stm32f1xx_hal_tim.o
    0x08004db0   0x08004db0   0x00000022   Code   RO         2526    i.TIM_TI1_ConfigInputStage  stm32f1xx_hal_tim.o
    0x08004dd2   0x08004dd2   0x00000024   Code   RO         2528    i.TIM_TI2_ConfigInputStage  stm32f1xx_hal_tim.o
    0x08004df6   0x08004df6   0x00000010   Code   RO         3429    i.UART_DMAAbortOnError  stm32f1xx_hal_uart.o
    0x08004e06   0x08004e06   0x0000004e   Code   RO         3439    i.UART_EndRxTransfer  stm32f1xx_hal_uart.o
    0x08004e54   0x08004e54   0x000000c2   Code   RO         3441    i.UART_Receive_IT   stm32f1xx_hal_uart.o
    0x08004f16   0x08004f16   0x00000002   PAD
    0x08004f18   0x08004f18   0x000000b8   Code   RO         3442    i.UART_SetConfig    stm32f1xx_hal_uart.o
    0x08004fd0   0x08004fd0   0x00000036   Code   RO         3444    i.UART_Start_Receive_IT  stm32f1xx_hal_uart.o
    0x08005006   0x08005006   0x00000078   Code   RO         3445    i.UART_WaitOnFlagUntilTimeout  stm32f1xx_hal_uart.o
    0x0800507e   0x0800507e   0x0000002e   Code   RO         8578    i.UART_printf       streamparser.o
    0x080050ac   0x080050ac   0x0000000c   Code   RO          513    i.USART2_IRQHandler  stm32f1xx_it.o
    0x080050b8   0x080050b8   0x00000002   Code   RO          514    i.UsageFault_Handler  stm32f1xx_it.o
    0x080050ba   0x080050ba   0x00000026   Code   RO         9041    i.__ARM_fpclassifyf  m_ws.l(fpclassifyf.o)
    0x080050e0   0x080050e0   0x00000020   Code   RO         1604    i.__NVIC_SetPriority  stm32f1xx_hal_cortex.o
    0x08005100   0x08005100   0x00000006   Code   RO         9044    i.__mathlib_flt_infnan  m_ws.l(funder.o)
    0x08005106   0x08005106   0x00000008   Code   RO         9046    i.__mathlib_flt_invalid  m_ws.l(funder.o)
    0x0800510e   0x0800510e   0x0000000a   Code   RO         9049    i.__mathlib_flt_underflow  m_ws.l(funder.o)
    0x08005118   0x08005118   0x00000168   Code   RO         9057    i.__mathlib_rredf2  m_ws.l(rredf.o)
    0x08005280   0x08005280   0x0000000e   Code   RO         9104    i.__scatterload_copy  mc_w.l(handlers.o)
    0x0800528e   0x0800528e   0x00000002   Code   RO         9105    i.__scatterload_null  mc_w.l(handlers.o)
    0x08005290   0x08005290   0x0000000e   Code   RO         9106    i.__scatterload_zeroinit  mc_w.l(handlers.o)
    0x0800529e   0x0800529e   0x00000002   PAD
    0x080052a0   0x080052a0   0x0000000c   Code   RO         9088    i.__set_errno       mc_w.l(errno.o)
    0x080052ac   0x080052ac   0x0000002e   Code   RO         8431    i._atoi             printf.o
    0x080052da   0x080052da   0x00000002   PAD
    0x080052dc   0x080052dc   0x00000330   Code   RO         8432    i._etoa             printf.o
    0x0800560c   0x0800560c   0x00000290   Code   RO         8433    i._ftoa             printf.o
    0x0800589c   0x0800589c   0x0000000e   Code   RO         8434    i._is_digit         printf.o
    0x080058aa   0x080058aa   0x000000e4   Code   RO         8435    i._ntoa_format      printf.o
    0x0800598e   0x0800598e   0x00000080   Code   RO         8436    i._ntoa_long        printf.o
    0x08005a0e   0x08005a0e   0x00000080   Code   RO         8437    i._ntoa_long_long   printf.o
    0x08005a8e   0x08005a8e   0x00000008   Code   RO         8438    i._out_buffer       printf.o
    0x08005a96   0x08005a96   0x00000002   Code   RO         8441    i._out_null         printf.o
    0x08005a98   0x08005a98   0x0000006c   Code   RO         8442    i._out_rev          printf.o
    0x08005b04   0x08005b04   0x000004a4   Code   RO         8443    i._vsnprintf        printf.o
    0x08005fa8   0x08005fa8   0x0000017c   Code   RO         8943    i.atanf             m_ws.l(atanf.o)
    0x08006124   0x08006124   0x0000017c   Code   RO         8951    i.cosf              m_ws.l(cosf.o)
    0x080062a0   0x080062a0   0x000001d4   Code   RO         8361    i.draw              u8g2_oled.o
    0x08006474   0x08006474   0x00000090   Code   RO         8542    i.led_proc          led.o
    0x08006504   0x08006504   0x00000036   Code   RO            6    i.main              main.o
    0x0800653a   0x0800653a   0x00000002   PAD
    0x0800653c   0x0800653c   0x000000ec   Code   RO         7904    i.main_init         mainloop.o
    0x08006628   0x08006628   0x00000012   Code   RO         7905    i.mainloop          mainloop.o
    0x0800663a   0x0800663a   0x00000002   PAD
    0x0800663c   0x0800663c   0x0000006c   Code   RO         8970    i.malloc            mc_w.l(malloc.o)
    0x080066a8   0x080066a8   0x00000084   Code   RO         7906    i.move_mainloop     mainloop.o
    0x0800672c   0x0800672c   0x0000000c   Code   RO         8843    i.myabs             mode.o
    0x08006738   0x08006738   0x00000020   Code   RO         8447    i.sprintf_          printf.o
    0x08006758   0x08006758   0x000001a0   Code   RO         7907    i.task_mainloop     mainloop.o
    0x080068f8   0x080068f8   0x0000007c   Code   RO         8039    i.tim_proc          interrupt.o
    0x08006974   0x08006974   0x0000002c   Code   RO         8362    i.u8g2Init          u8g2_oled.o
    0x080069a0   0x080069a0   0x00000012   Code   RO         4230    i.u8g2_ClearBuffer  u8g2_buffer.o
    0x080069b2   0x080069b2   0x00000070   Code   RO         4475    i.u8g2_DrawGlyph    u8g2_font.o
    0x08006a22   0x08006a22   0x00000002   PAD
    0x08006a24   0x08006a24   0x000000ac   Code   RO         6452    i.u8g2_DrawHVLine   u8g2_hvline.o
    0x08006ad0   0x08006ad0   0x000000ac   Code   RO         6549    i.u8g2_DrawLine     u8g2_line.o
    0x08006b7c   0x08006b7c   0x0000002e   Code   RO         6453    i.u8g2_DrawPixel    u8g2_hvline.o
    0x08006baa   0x08006baa   0x00000002   PAD
    0x08006bac   0x08006bac   0x00000010   Code   RO         4476    i.u8g2_DrawStr      u8g2_font.o
    0x08006bbc   0x08006bbc   0x0000001c   Code   RO         4231    i.u8g2_FirstPage    u8g2_buffer.o
    0x08006bd8   0x08006bd8   0x00000030   Code   RO         6513    i.u8g2_IsIntersection  u8g2_intersection.o
    0x08006c08   0x08006c08   0x0000003e   Code   RO         4232    i.u8g2_NextPage     u8g2_buffer.o
    0x08006c46   0x08006c46   0x0000001c   Code   RO         4234    i.u8g2_SetBufferCurrTileRow  u8g2_buffer.o
    0x08006c62   0x08006c62   0x00000020   Code   RO         4490    i.u8g2_SetFont      u8g2_font.o
    0x08006c82   0x08006c82   0x00000002   PAD
    0x08006c84   0x08006c84   0x0000000c   Code   RO         4493    i.u8g2_SetFontPosBaseline  u8g2_font.o
    0x08006c90   0x08006c90   0x0000001c   Code   RO         6701    i.u8g2_SetMaxClipWindow  u8g2_setup.o
    0x08006cac   0x08006cac   0x00000042   Code   RO         6702    i.u8g2_SetupBuffer  u8g2_setup.o
    0x08006cee   0x08006cee   0x00000002   PAD
    0x08006cf0   0x08006cf0   0x00000038   Code   RO         4436    i.u8g2_Setup_ssd1306_128x64_noname_f  u8g2_d_setup.o
    0x08006d28   0x08006d28   0x00000052   Code   RO         4500    i.u8g2_UpdateRefHeight  u8g2_font.o
    0x08006d7a   0x08006d7a   0x0000001c   Code   RO         4501    i.u8g2_add_vector_x  u8g2_font.o
    0x08006d96   0x08006d96   0x0000001c   Code   RO         4502    i.u8g2_add_vector_y  u8g2_font.o
    0x08006db2   0x08006db2   0x0000006e   Code   RO         6704    i.u8g2_apply_clip_window  u8g2_setup.o
    0x08006e20   0x08006e20   0x0000003c   Code   RO         6456    i.u8g2_clip_intersection2  u8g2_hvline.o
    0x08006e5c   0x08006e5c   0x00000012   Code   RO         6457    i.u8g2_draw_hv_line_2dir  u8g2_hvline.o
    0x08006e6e   0x08006e6e   0x0000000c   Code   RO         6706    i.u8g2_draw_l90_r0  u8g2_setup.o
    0x08006e7a   0x08006e7a   0x00000076   Code   RO         4503    i.u8g2_draw_string  u8g2_font.o
    0x08006ef0   0x08006ef0   0x00000004   Code   RO         4506    i.u8g2_font_calc_vref_font  u8g2_font.o
    0x08006ef4   0x08006ef4   0x00000014   Code   RO         4508    i.u8g2_font_decode_get_signed_bits  u8g2_font.o
    0x08006f08   0x08006f08   0x00000034   Code   RO         4509    i.u8g2_font_decode_get_unsigned_bits  u8g2_font.o
    0x08006f3c   0x08006f3c   0x00000114   Code   RO         4510    i.u8g2_font_decode_glyph  u8g2_font.o
    0x08007050   0x08007050   0x0000008c   Code   RO         4511    i.u8g2_font_decode_len  u8g2_font.o
    0x080070dc   0x080070dc   0x00000072   Code   RO         4512    i.u8g2_font_get_glyph_data  u8g2_font.o
    0x0800714e   0x0800714e   0x00000014   Code   RO         4513    i.u8g2_font_get_word  u8g2_font.o
    0x08007162   0x08007162   0x00000034   Code   RO         4514    i.u8g2_font_setup_decode  u8g2_font.o
    0x08007196   0x08007196   0x00000018   Code   RO         6514    i.u8g2_is_intersection_decision_tree  u8g2_intersection.o
    0x080071ae   0x080071ae   0x00000002   PAD
    0x080071b0   0x080071b0   0x00000090   Code   RO         6562    i.u8g2_ll_hvline_vertical_top_lsb  u8g2_ll_hvline.o
    0x08007240   0x08007240   0x0000000c   Code   RO         4408    i.u8g2_m_16_8_f     u8g2_d_memory.o
    0x0800724c   0x0800724c   0x00000084   Code   RO         7908    i.u8g2_mainloop     mainloop.o
    0x080072d0   0x080072d0   0x0000006a   Code   RO         4515    i.u8g2_read_font_info  u8g2_font.o
    0x0800733a   0x0800733a   0x0000004e   Code   RO         4241    i.u8g2_send_buffer  u8g2_buffer.o
    0x08007388   0x08007388   0x00000046   Code   RO         6711    i.u8g2_update_dimension_common  u8g2_setup.o
    0x080073ce   0x080073ce   0x00000004   Code   RO         6712    i.u8g2_update_dimension_r0  u8g2_setup.o
    0x080073d2   0x080073d2   0x00000022   Code   RO         6716    i.u8g2_update_page_win_r0  u8g2_setup.o
    0x080073f4   0x080073f4   0x0000001e   Code   RO         7477    i.u8x8_DrawTile     u8x8_display.o
    0x08007412   0x08007412   0x00000010   Code   RO         7479    i.u8x8_InitDisplay  u8x8_display.o
    0x08007422   0x08007422   0x00000010   Code   RO         7481    i.u8x8_RefreshDisplay  u8x8_display.o
    0x08007432   0x08007432   0x00000010   Code   RO         7484    i.u8x8_SetPowerSave  u8x8_display.o
    0x08007442   0x08007442   0x00000022   Code   RO         7783    i.u8x8_Setup        u8x8_setup.o
    0x08007464   0x08007464   0x00000024   Code   RO         7784    i.u8x8_SetupDefaults  u8x8_setup.o
    0x08007488   0x08007488   0x00000010   Code   RO         7485    i.u8x8_SetupMemory  u8x8_display.o
    0x08007498   0x08007498   0x0000000e   Code   RO         6996    i.u8x8_ascii_next   u8x8_8x8.o
    0x080074a6   0x080074a6   0x00000002   PAD
    0x080074a8   0x080074a8   0x00000044   Code   RO         8363    i.u8x8_byte_4wire_hw_spi  u8g2_oled.o
    0x080074ec   0x080074ec   0x0000000e   Code   RO         7122    i.u8x8_byte_SendByte  u8x8_byte.o
    0x080074fa   0x080074fa   0x00000010   Code   RO         7124    i.u8x8_byte_SetDC   u8x8_byte.o
    0x0800750a   0x0800750a   0x00000052   Code   RO         7237    i.u8x8_cad_001      u8x8_cad.o
    0x0800755c   0x0800755c   0x00000010   Code   RO         7241    i.u8x8_cad_EndTransfer  u8x8_cad.o
    0x0800756c   0x0800756c   0x00000010   Code   RO         7242    i.u8x8_cad_SendArg  u8x8_cad.o
    0x0800757c   0x0800757c   0x00000010   Code   RO         7243    i.u8x8_cad_SendCmd  u8x8_cad.o
    0x0800758c   0x0800758c   0x00000010   Code   RO         7244    i.u8x8_cad_SendData  u8x8_cad.o
    0x0800759c   0x0800759c   0x00000068   Code   RO         7246    i.u8x8_cad_SendSequence  u8x8_cad.o
    0x08007604   0x08007604   0x00000010   Code   RO         7247    i.u8x8_cad_StartTransfer  u8x8_cad.o
    0x08007614   0x08007614   0x00000060   Code   RO         7486    i.u8x8_d_helper_display_init  u8x8_display.o
    0x08007674   0x08007674   0x0000000a   Code   RO         7487    i.u8x8_d_helper_display_setup_memory  u8x8_display.o
    0x0800767e   0x0800767e   0x00000002   PAD
    0x08007680   0x08007680   0x0000003c   Code   RO         7417    i.u8x8_d_ssd1306_128x64_noname  u8x8_d_ssd1306_128x64_noname.o
    0x080076bc   0x080076bc   0x000000c8   Code   RO         7419    i.u8x8_d_ssd1306_sh1106_generic  u8x8_d_ssd1306_128x64_noname.o
    0x08007784   0x08007784   0x00000004   Code   RO         7786    i.u8x8_dummy_cb     u8x8_setup.o
    0x08007788   0x08007788   0x0000000c   Code   RO         7705    i.u8x8_gpio_call    u8x8_gpio.o
    0x08007794   0x08007794   0x00000034   Code   RO         8364    i.u8x8_stm32_gpio_and_delay  u8g2_oled.o
    0x080077c8   0x080077c8   0x00000008   Code   RO         7004    i.u8x8_utf8_init    u8x8_8x8.o
    0x080077d0   0x080077d0   0x00000018   Code   RO         8449    i.vsnprintf_        printf.o
    0x080077e8   0x080077e8   0x00000012   Data   RO         1302    .constdata          stm32f1xx_hal_rcc.o
    0x080077fa   0x080077fa   0x00000010   Data   RO         3758    .constdata          system_stm32f1xx.o
    0x0800780a   0x0800780a   0x00000008   Data   RO         3759    .constdata          system_stm32f1xx.o
    0x08007812   0x08007812   0x000007e9   Data   RO         4788    .constdata          u8g2_fonts.o
    0x08007ffb   0x08007ffb   0x00000001   PAD
    0x08007ffc   0x08007ffc   0x0000000c   Data   RO         6720    .constdata          u8g2_setup.o
    0x08008008   0x08008008   0x00000114   Data   RO         7420    .constdata          u8x8_d_ssd1306_128x64_noname.o
    0x0800811c   0x0800811c   0x00000004   PAD
    0x08008120   0x08008120   0x00000050   Data   RO         8450    .constdata          printf.o
    0x08008170   0x08008170   0x00000020   Data   RO         9058    .constdata          m_ws.l(rredf.o)
    0x08008190   0x08008190   0x0000000b   Data   RO         8582    .conststring        streamparser.o
    0x0800819b   0x0800819b   0x00000001   PAD
    0x0800819c   0x0800819c   0x00000050   Data   RO         8583    .conststring        streamparser.o
    0x080081ec   0x080081ec   0x00000020   Data   RO         9102    Region$$Table       anon$$obj.o


    Execution Region RW_IRAM1 (Exec base: 0x20000000, Load base: 0x0800820c, Size: 0x00001a70, Max: 0x00005000, ABSOLUTE, COMPRESSED[0x00000064])

    Exec Addr    Load Addr    Size         Type   Attr      Idx    E Section Name        Object

    0x20000000   COMPRESSED   0x0000000c   Data   RW         1139    .data               stm32f1xx_hal.o
    0x2000000c   COMPRESSED   0x00000004   Data   RW         3760    .data               system_stm32f1xx.o
    0x20000010   COMPRESSED   0x00000004   Data   RW         7910    .data               mainloop.o
    0x20000014   COMPRESSED   0x00000010   Data   RW         8040    .data               interrupt.o
    0x20000024   COMPRESSED   0x0000000c   Data   RW         8253    .data               comkey.o
    0x20000030   COMPRESSED   0x00000001   Data   RW         8325    .data               at24.o
    0x20000031   COMPRESSED   0x00000003   Data   RW         8543    .data               led.o
    0x20000034   COMPRESSED   0x00000001   Data   RW         8584    .data               streamparser.o
    0x20000035   COMPRESSED   0x00000003   PAD
    0x20000038   COMPRESSED   0x000000a0   Data   RW         8586    .data               streamparser.o
    0x200000d8   COMPRESSED   0x00000004   Data   RW         8587    .data               streamparser.o
    0x200000dc   COMPRESSED   0x0000000c   Data   RW         8588    .data               streamparser.o
    0x200000e8   COMPRESSED   0x00000008   Data   RW         8651    .data               as5600.o
    0x200000f0   COMPRESSED   0x0000001c   Data   RW         8846    .data               mode.o
    0x2000010c   COMPRESSED   0x00000002   Data   RW         8847    .data               mode.o
    0x2000010e   COMPRESSED   0x00000010   Data   RW         8848    .data               mode.o
    0x2000011e   COMPRESSED   0x00000010   Data   RW         8849    .data               mode.o
    0x2000012e   COMPRESSED   0x00000002   Data   RW         8850    .data               mode.o
    0x20000130   COMPRESSED   0x00000002   Data   RW         8851    .data               mode.o
    0x20000132   COMPRESSED   0x00000002   Data   RW         8852    .data               mode.o
    0x20000134   COMPRESSED   0x00000002   Data   RW         8853    .data               mode.o
    0x20000136   COMPRESSED   0x00000001   Data   RW         8854    .data               mode.o
    0x20000137   COMPRESSED   0x00000001   Data   RW         8855    .data               mode.o
    0x20000138   COMPRESSED   0x00000004   Data   RW         8856    .data               mode.o
    0x2000013c   COMPRESSED   0x00000004   Data   RW         8857    .data               mode.o
    0x20000140   COMPRESSED   0x00000001   Data   RW         8858    .data               mode.o
    0x20000141   COMPRESSED   0x00000003   PAD
    0x20000144   COMPRESSED   0x00000004   Data   RW         9084    .data               mc_w.l(mvars.o)
    0x20000148   COMPRESSED   0x00000004   Data   RW         9085    .data               mc_w.l(mvars.o)
    0x2000014c   COMPRESSED   0x00000004   Data   RW         9089    .data               mc_w.l(errno.o)
    0x20000150        -       0x000000a8   Zero   RW          293    .bss                i2c.o
    0x200001f8        -       0x00000058   Zero   RW          340    .bss                spi.o
    0x20000250        -       0x00000160   Zero   RW          387    .bss                tim.o
    0x200003b0        -       0x000000d4   Zero   RW          455    .bss                usart.o
    0x20000484        -       0x00000580   Zero   RW         4409    .bss                u8g2_d_memory.o
    0x20000a04        -       0x00000094   Zero   RW         7909    .bss                mainloop.o
    0x20000a98        -       0x000000a0   Zero   RW         8252    .bss                comkey.o
    0x20000b38        -       0x00000020   Zero   RW         8365    .bss                u8g2_oled.o
    0x20000b58        -       0x00000040   Zero   RW         8580    .bss                streamparser.o
    0x20000b98        -       0x00000100   Zero   RW         8581    .bss                streamparser.o
    0x20000c98        -       0x0000005c   Zero   RW         8646    .bss                as5600.o
    0x20000cf4        -       0x000006d4   Zero   RW         8844    .bss                mode.o
    0x200013c8        -       0x000000a4   Zero   RW         8845    .bss                mode.o
    0x2000146c   COMPRESSED   0x00000004   PAD
    0x20001470        -       0x00000200   Zero   RW         3747    HEAP                startup_stm32f103xb.o
    0x20001670        -       0x00000400   Zero   RW         3746    STACK               startup_stm32f103xb.o


==============================================================================

Image component sizes


      Code (inc. data)   RO Data    RW Data    ZI Data      Debug   Object Name

       216         42          0          8         92       3177   as5600.o
         0          0          0          1          0        730   at24.o
       492         32          0         12        160       5380   comkey.o
       400         24          0          0          0       2562   control.o
        76          4          0          0          0        858   dma.o
       260         18          0          0          0       1099   gpio.o
       280         46          0          0        168       2482   i2c.o
       644        118          0         16          0     388296   interrupt.o
       144         10          0          3          0        931   led.o
       152          0          0          0          0     585002   main.o
      2818        572          0          4        148      10301   mainloop.o
       512         68          0         81       1912       6435   mode.o
         0          0          0          0          0     140062   mui_u8g2.o
      3378        146         80          0          0      16836   printf.o
       188         24          0          0         88       1817   spi.o
        36          8        236          0       1536        796   startup_stm32f103xb.o
      1264         28          0          0          0      10034   stephelper.o
       164         28          0         12          0       6241   stm32f1xx_hal.o
       198         14          0          0          0      29191   stm32f1xx_hal_cortex.o
       808         36          0          0          0       5282   stm32f1xx_hal_dma.o
       516         34          0          0          0       4332   stm32f1xx_hal_gpio.o
      1812         40          0          0          0      10330   stm32f1xx_hal_i2c.o
        68         10          0          0          0        958   stm32f1xx_hal_msp.o
      1240         84         18          0          0       5364   stm32f1xx_hal_rcc.o
       760          4          0          0          0       4590   stm32f1xx_hal_spi.o
      2458         78          0          0          0      20470   stm32f1xx_hal_tim.o
       108         12          0          0          0       2569   stm32f1xx_hal_tim_ex.o
      1554         10          0          0          0      11468   stm32f1xx_hal_uart.o
       104         42          0          0          0       7624   stm32f1xx_it.o
       830         18         91        177        320       7658   streamparser.o
         2          0         24          4          0       1239   system_stm32f1xx.o
       704         70          0          0        352       4747   tim.o
       214          0          0          0          0       3734   u8g2_buffer.o
        12          4          0          0       1408       1852   u8g2_d_memory.o
        56         14          0          0          0       1077   u8g2_d_setup.o
      1212         10          0          0          0      13924   u8g2_font.o
         0          0       2025          0          0     124443   u8g2_fonts.o
       296          0          0          0          0       3140   u8g2_hvline.o
        72          0          0          0          0       1943   u8g2_intersection.o
       172          0          0          0          0       1028   u8g2_line.o
       144          0          0          0          0       1414   u8g2_ll_hvline.o
       632        152          0          0         32       5589   u8g2_oled.o
       324          0         12          0          0     127851   u8g2_setup.o
        22          0          0          0          0       1877   u8x8_8x8.o
        30          0          0          0          0       1159   u8x8_byte.o
       266          6          0          0          0       4997   u8x8_cad.o
       260         10        276          0          0       2991   u8x8_d_ssd1306_128x64_noname.o
       200          0          0          0          0       4454   u8x8_display.o
        12          0          0          0          0        601   u8x8_gpio.o
        74          4          0          0          0       1790   u8x8_setup.o
       364         42          0          0        212       2682   usart.o

    ----------------------------------------------------------------------
     26598       1862       2800        324       6432    1605407   Object Totals
         0          0         32          0          0          0   (incl. Generated)
        50          0          6          6          4          0   (incl. Padding)

    ----------------------------------------------------------------------

      Code (inc. data)   RO Data    RW Data    ZI Data      Debug   Library Member Name

       380         56          0          0          0        108   atanf.o
       380         52          0          0          0        124   cosf.o
        38          0          0          0          0         68   fpclassifyf.o
        24          0          0          0          0        204   funder.o
       360         16         32          0          0         88   rredf.o
        86          0          0          0          0          0   __dczerorl2.o
         0          0          0          0          0          0   entry.o
         0          0          0          0          0          0   entry10a.o
         0          0          0          0          0          0   entry11a.o
         4          0          0          0          0          0   entry12b.o
         8          4          0          0          0          0   entry2.o
         4          0          0          0          0          0   entry5.o
         0          0          0          0          0          0   entry7b.o
         0          0          0          0          0          0   entry8b.o
         8          4          0          0          0          0   entry9a.o
        12          6          0          4          0         68   errno.o
        30          0          0          0          0          0   handlers.o
        36          8          0          0          0         68   init.o
         0          0          0          0          0          0   iusefp.o
        30          0          0          0          0         68   llshl.o
        36          0          0          0          0         68   llsshr.o
        32          0          0          0          0         68   llushr.o
       108         16          0          0          0         84   malloc.o
        36          0          0          0          0        108   memseta.o
         0          0          0          8          0          0   mvars.o
        14          0          0          0          0         68   strlen.o
        98          0          0          0          0         92   uldiv.o
        48          0          0          0          0         68   cdcmple.o
        48          0          0          0          0         68   cdrcmple.o
        20          0          0          0          0         68   cfcmple.o
        20          0          0          0          0         68   cfrcmple.o
        56          0          0          0          0         88   d2f.o
       334          0          0          0          0        148   dadd.o
       222          0          0          0          0        100   ddiv.o
       186          0          0          0          0        176   depilogue.o
        62          0          0          0          0         80   dfixi.o
        50          0          0          0          0         76   dfixui.o
        34          0          0          0          0         76   dflti.o
        26          0          0          0          0         76   dfltui.o
       228          0          0          0          0         96   dmul.o
        46          0          0          0          0         80   dscalb.o
        38          0          0          0          0         68   f2d.o
       176          0          0          0          0        140   fadd.o
       124          0          0          0          0         88   fdiv.o
       110          0          0          0          0        168   fepilogue.o
        50          0          0          0          0         68   ffixi.o
        40          0          0          0          0         68   ffixui.o
        18          0          0          0          0         68   fflti.o
        10          0          0          0          0         68   ffltui.o
       100          0          0          0          0         76   fmul.o
        60          0          0          0          0         76   frnd.o
        24          0          0          0          0         68   fscalb.o

    ----------------------------------------------------------------------
      3862        162         32         12          0       3508   Library Totals
         8          0          0          0          0          0   (incl. Padding)

    ----------------------------------------------------------------------

      Code (inc. data)   RO Data    RW Data    ZI Data      Debug   Library Name

      1182        124         32          0          0        592   m_ws.l
       542         38          0         12          0        692   mc_w.l
      2130          0          0          0          0       2224   mf_w.l

    ----------------------------------------------------------------------
      3862        162         32         12          0       3508   Library Totals

    ----------------------------------------------------------------------

==============================================================================


      Code (inc. data)   RO Data    RW Data    ZI Data      Debug   

     30460       2024       2832        336       6432    1594483   Grand Totals
     30460       2024       2832        100       6432    1594483   ELF Image Totals (compressed)
     30460       2024       2832        100          0          0   ROM Totals

==============================================================================

    Total RO  Size (Code + RO Data)                33292 (  32.51kB)
    Total RW  Size (RW Data + ZI Data)              6768 (   6.61kB)
    Total ROM Size (Code + RO Data + RW Data)      33392 (  32.61kB)

==============================================================================

